Connecting to the console for enclave 74...
Successfully connected to the console.
[    0.000000] Linux version 4.14.177-104.253.amzn2.x86_64 (mockbuild@ip-10-0-1-32) (gcc version 7.3.1 20180712 (Red Hat 7.3.1-6) (GCC)) #1 SMP Fri May 1 02:01:13 UTC 2020
[    0.000000] Command line: reboot=k panic=30 pci=off nomodules console=ttyS0 i8042.noaux i8042.nomux i8042.nopnp i8042.dumbkbd random.trust_cpu=on virtio_mmio.device=4K@0xd0000000:5 virtio_mmio.device=4K@0xd0001000:6
[    0.000000] x86/fpu: Supporting XSAVE feature 0x001: 'x87 floating point registers'
[    0.000000] x86/fpu: Supporting XSAVE feature 0x002: 'SSE registers'
[    0.000000] x86/fpu: Supporting XSAVE feature 0x004: 'AVX registers'
[    0.000000] x86/fpu: Supporting XSAVE feature 0x008: 'MPX bounds registers'
[    0.000000] x86/fpu: Supporting XSAVE feature 0x010: 'MPX CSR'
[    0.000000] x86/fpu: Supporting XSAVE feature 0x020: 'AVX-512 opmask'
[    0.000000] x86/fpu: Supporting XSAVE feature 0x040: 'AVX-512 Hi256'
[    0.000000] x86/fpu: Supporting XSAVE feature 0x080: 'AVX-512 ZMM_Hi256'
[    0.000000] x86/fpu: Supporting XSAVE feature 0x200: 'Protection Keys User registers'
[    0.000000] x86/fpu: xstate_offset[2]:  576, xstate_sizes[2]:  256
[    0.000000] x86/fpu: xstate_offset[3]:  832, xstate_sizes[3]:   64
[    0.000000] x86/fpu: xstate_offset[4]:  896, xstate_sizes[4]:   64
[    0.000000] x86/fpu: xstate_offset[5]:  960, xstate_sizes[5]:   64
[    0.000000] x86/fpu: xstate_offset[6]: 1024, xstate_sizes[6]:  512
[    0.000000] x86/fpu: xstate_offset[7]: 1536, xstate_sizes[7]: 1024
[    0.000000] x86/fpu: xstate_offset[9]: 2560, xstate_sizes[9]:    8
[    0.000000] x86/fpu: Enabled xstate features 0x2ff, context size is 2568 bytes, using 'compacted' format.
[    0.000000] e820: BIOS-provided physical RAM map:
[    0.000000] BIOS-e820: [mem 0x0000000000000000-0x000000000009fbff] usable
[    0.000000] BIOS-e820: [mem 0x0000000000100000-0x000000001f7fffff] usable
[    0.000000] NX (Execute Disable) protection: active
[    0.000000] DMI not present or invalid.
[    0.000000] Hypervisor detected: KVM
[    0.000000] tsc: Fast TSC calibration using PIT
[    0.000000] e820: last_pfn = 0x1f800 max_arch_pfn = 0x400000000
[    0.000000] MTRR: Disabled
[    0.000000] x86/PAT: MTRRs disabled, skipping PAT initialization too.
[    0.000000] CPU MTRRs all blank - virtualized system.
[    0.000000] x86/PAT: Configuration [0-7]: WB  WT  UC- UC  WB  WT  UC- UC  
[    0.000000] found SMP MP-table at [mem 0x0009fc00-0x0009fc0f]
[    0.000000] Scanning 1 areas for low memory corruption
[    0.000000] Using GB pages for direct mapping
[    0.000000] RAMDISK: [mem 0x02447000-0x0a967fff]
[    0.000000] No NUMA configuration found
[    0.000000] Faking a node at [mem 0x0000000000000000-0x000000001f7fffff]
[    0.000000] NODE_DATA(0) allocated [mem 0x1f7de000-0x1f7fffff]
[    0.000000] kvm-clock: Using msrs 4b564d01 and 4b564d00
[    0.000000] kvm-clock: cpu 0, msr 0:1f7dc001, primary cpu clock
[    0.000000] kvm-clock: using sched offset of 1780547099 cycles
[    0.000000] clocksource: kvm-clock: mask: 0xffffffffffffffff max_cycles: 0x1cd42e4dffb, max_idle_ns: 881590591483 ns
[    0.000000] Zone ranges:
[    0.000000]   DMA      [mem 0x0000000000001000-0x0000000000ffffff]
[    0.000000]   DMA32    [mem 0x0000000001000000-0x000000001f7fffff]
[    0.000000]   Normal   empty
[    0.000000] Movable zone start for each node
[    0.000000] Early memory node ranges
[    0.000000]   node   0: [mem 0x0000000000001000-0x000000000009efff]
[    0.000000]   node   0: [mem 0x0000000000100000-0x000000001f7fffff]
[    0.000000] Initmem setup node 0 [mem 0x0000000000001000-0x000000001f7fffff]
[    0.000000] Intel MultiProcessor Specification v1.4
[    0.000000] MPTABLE: OEM ID: FC      
[    0.000000] MPTABLE: Product ID: 000000000000
[    0.000000] MPTABLE: APIC at: 0xFEE00000
[    0.000000] Processor #0 (Bootup-CPU)
[    0.000000] Processor #1
[    0.000000] IOAPIC[0]: apic_id 3, version 17, address 0xfec00000, GSI 0-23
[    0.000000] Processors: 2
[    0.000000] smpboot: Allowing 2 CPUs, 0 hotplug CPUs
[    0.000000] PM: Registered nosave memory: [mem 0x00000000-0x00000fff]
[    0.000000] PM: Registered nosave memory: [mem 0x0009f000-0x000fffff]
[    0.000000] e820: [mem 0x1f800000-0xffffffff] available for PCI devices
[    0.000000] Booting paravirtualized kernel on KVM
[    0.000000] clocksource: refined-jiffies: mask: 0xffffffff max_cycles: 0xffffffff, max_idle_ns: 7645519600211568 ns
[    0.000000] random: get_random_bytes called from start_kernel+0x94/0x486 with crng_init=0
[    0.000000] setup_percpu: NR_CPUS:128 nr_cpumask_bits:128 nr_cpu_ids:2 nr_node_ids:1
[    0.000000] percpu: Embedded 41 pages/cpu s128600 r8192 d31144 u1048576
[    0.000000] KVM setup async PF for cpu 0
[    0.000000] kvm-stealtime: cpu 0, msr 1f415040
[    0.000000] PV qspinlock hash table entries: 256 (order: 0, 4096 bytes)
[    0.000000] Built 1 zonelists, mobility grouping on.  Total pages: 126889
[    0.000000] Policy zone: DMA32
[    0.000000] Kernel command line: reboot=k panic=30 pci=off nomodules console=ttyS0 i8042.noaux i8042.nomux i8042.nopnp i8042.dumbkbd random.trust_cpu=on virtio_mmio.device=4K@0xd0000000:5 virtio_mmio.device=4K@0xd0001000:6
[    0.000000] PID hash table entries: 2048 (order: 2, 16384 bytes)
[    0.000000] Memory: 351336K/515704K available (10252K kernel code, 653K rwdata, 1572K rodata, 1300K init, 2808K bss, 164368K reserved, 0K cma-reserved)
[    0.000000] SLUB: HWalign=64, Order=0-3, MinObjects=0, CPUs=2, Nodes=1
[    0.004000] Hierarchical RCU implementation.
[    0.004000] 	RCU restricting CPUs from NR_CPUS=128 to nr_cpu_ids=2.
[    0.004000] RCU: Adjusting geometry for rcu_fanout_leaf=16, nr_cpu_ids=2
[    0.004000] NR_IRQS: 4352, nr_irqs: 56, preallocated irqs: 16
[    0.004000] Console: colour dummy device 80x25
[    0.004000] console [ttyS0] enabled
[    0.004000] tsc: Detected 2499.998 MHz processor
[    0.004000] Calibrating delay loop (skipped) preset value.. 4999.99 BogoMIPS (lpj=9999992)
[    0.004000] pid_max: default: 32768 minimum: 301
[    0.004000] Security Framework initialized
[    0.004000] SELinux:  Initializing.
[    0.004000] Dentry cache hash table entries: 65536 (order: 7, 524288 bytes)
[    0.004000] Inode-cache hash table entries: 32768 (order: 6, 262144 bytes)
[    0.004000] Mount-cache hash table entries: 1024 (order: 1, 8192 bytes)
[    0.004000] Mountpoint-cache hash table entries: 1024 (order: 1, 8192 bytes)
[    0.004428] Last level iTLB entries: 4KB 64, 2MB 8, 4MB 8
[    0.004834] Last level dTLB entries: 4KB 64, 2MB 0, 4MB 0, 1GB 4
[    0.005307] unchecked MSR access error: RDMSR from 0x122 at rIP: 0xffffffff81038c76 (native_read_msr+0x6/0x20)
[    0.006023] Call Trace:
[    0.006217]  tsx_disable+0x14/0x40
[    0.006473]  tsx_init+0xdf/0x134
[    0.006732]  identify_boot_cpu+0x78/0x7a
[    0.007042]  check_bugs+0x25/0x954
[    0.007321]  ? kmem_cache_alloc+0x132/0x140
[    0.008005]  start_kernel+0x45b/0x486
[    0.008297]  x86_64_start_reservations+0x2a/0x2c
[    0.008661]  x86_64_start_kernel+0x72/0x75
[    0.008985]  secondary_startup_64+0xa5/0xb0
[    0.009319] unchecked MSR access error: WRMSR to 0x122 (tried to write 0x0000000000000003) at rIP: 0xffffffff81038cb8 (native_write_msr+0x8/0x10)
[    0.010248] Call Trace:
[    0.010433]  tsx_disable+0x2e/0x40
[    0.010684]  tsx_init+0xdf/0x134
[    0.010923]  identify_boot_cpu+0x78/0x7a
[    0.011211]  check_bugs+0x25/0x954
[    0.011462]  ? kmem_cache_alloc+0x132/0x140
[    0.011769]  start_kernel+0x45b/0x486
[    0.012003]  x86_64_start_reservations+0x2a/0x2c
[    0.012342]  x86_64_start_kernel+0x72/0x75
[    0.012642]  secondary_startup_64+0xa5/0xb0
[    0.012953] Spectre V1 : Mitigation: usercopy/swapgs barriers and __user pointer sanitization
[    0.013567] Spectre V2 : Mitigation: Enhanced IBRS
[    0.013920] Spectre V2 : Spectre v2 / SpectreRSB mitigation: Filling RSB on context switch
[    0.014561] Spectre V2 : mitigation: Enabling conditional Indirect Branch Prediction Barrier
[    0.015202] Speculative Store Bypass: Mitigation: Speculative Store Bypass disabled via prctl and seccomp
[    0.016002] TAA: Mitigation: TSX disabled
[    0.016529] Freeing SMP alternatives memory: 32K
[    0.018661] smpboot: Max logical packages: 2
[    0.019135] x2apic enabled
[    0.019511] Switched APIC routing to physical x2apic.
[    0.020000] ..TIMER: vector=0x30 apic1=0 pin1=0 apic2=-1 pin2=-1
[    0.020000] smpboot: CPU0: Intel(R) Xeon(R) Processor @ 2.50GHz (family: 0x6, model: 0x55, stepping: 0x7)
[    0.020000] Performance Events: unsupported p6 CPU model 85 no PMU driver, software events only.
[    0.020000] Hierarchical SRCU implementation.
[    0.020000] smp: Bringing up secondary CPUs ...
[    0.020000] x86: Booting SMP configuration:
[    0.020000] .... node  #0, CPUs:      #1
[    0.004000] kvm-clock: cpu 1, msr 0:1f7dc041, secondary cpu clock
[    0.020202] KVM setup async PF for cpu 1
[    0.020294] kvm-stealtime: cpu 1, msr 1f515040
[    0.020759] smp: Brought up 1 node, 2 CPUs
[    0.020759] smpboot: Total of 2 processors activated (9999.99 BogoMIPS)
[    0.020949] devtmpfs: initialized
[    0.020949] x86/mm: Memory block size: 128MB
[    0.020949] clocksource: jiffies: mask: 0xffffffff max_cycles: 0xffffffff, max_idle_ns: 7645041785100000 ns
[    0.020949] futex hash table entries: 512 (order: 3, 32768 bytes)
[    0.024256] NET: Registered protocol family 16
[    0.024770] cpuidle: using governor ladder
[    0.024770] cpuidle: using governor menu
[    0.029409] HugeTLB registered 1.00 GiB page size, pre-allocated 0 pages
[    0.029930] HugeTLB registered 2.00 MiB page size, pre-allocated 0 pages
[    0.030530] SCSI subsystem initialized
[    0.030530] pps_core: LinuxPPS API ver. 1 registered
[    0.030530] pps_core: Software ver. 5.3.6 - Copyright 2005-2007 Rodolfo Giometti <giometti@linux.it>
[    0.032020] PTP clock support registered
[    0.032020] dmi: Firmware registration failed.
[    0.032479] NetLabel: Initializing
[    0.032742] NetLabel:  domain hash size = 128
[    0.033066] NetLabel:  protocols = UNLABELED CIPSOv4 CALIPSO
[    0.033498] NetLabel:  unlabeled traffic allowed by default
[    0.033958] clocksource: Switched to clocksource kvm-clock
[    0.034393] VFS: Disk quotas dquot_6.6.0
[    0.034695] VFS: Dquot-cache hash table entries: 512 (order 0, 4096 bytes)
[    0.035264] NET: Registered protocol family 2
[    0.035627] TCP established hash table entries: 4096 (order: 3, 32768 bytes)
[    0.036170] TCP bind hash table entries: 4096 (order: 4, 65536 bytes)
[    0.036647] TCP: Hash tables configured (established 4096 bind 4096)
[    0.037172] UDP hash table entries: 256 (order: 1, 8192 bytes)
[    0.037614] UDP-Lite hash table entries: 256 (order: 1, 8192 bytes)
[    0.038133] NET: Registered protocol family 1
[    0.038534] RPC: Registered named UNIX socket transport module.
[    0.038970] RPC: Registered udp transport module.
[    0.039324] RPC: Registered tcp transport module.
[    0.039674] RPC: Registered tcp NFSv4.1 backchannel transport module.
[    0.040201] Unpacking initramfs...
[    0.278383] Freeing initrd memory: 136324K
[    0.278775] virtio-mmio: Registering device virtio-mmio.0 at 0xd0000000-0xd0000fff, IRQ 5.
[    0.279420] virtio-mmio: Registering device virtio-mmio.1 at 0xd0001000-0xd0001fff, IRQ 6.
[    0.280089] clocksource: tsc: mask: 0xffffffffffffffff max_cycles: 0x240937b9988, max_idle_ns: 440795218083 ns
[    0.280843] platform rtc_cmos: registered platform RTC device (no PNP device found)
[    0.281846] Scanning for low memory corruption every 60 seconds
[    0.282503] audit: initializing netlink subsys (disabled)
[    0.283083] Initialise system trusted keyrings
[    0.283435] Key type blacklist registered
[    0.283749] audit: type=2000 audit(1613596517.807:1): state=initialized audit_enabled=0 res=1
[    0.284417] workingset: timestamp_bits=36 max_order=17 bucket_order=0
[    0.286188] zbud: loaded
[    0.286986] squashfs: version 4.0 (2009/01/31) Phillip Lougher
[    0.287640] NFS: Registering the id_resolver key type
[    0.288074] Key type id_resolver registered
[    0.288387] Key type id_legacy registered
[    0.288693] nfs4filelayout_init: NFSv4 File Layout Driver Registering...
[    0.290697] Key type asymmetric registered
[    0.291042] Asymmetric key parser 'x509' registered
[    0.291421] Block layer SCSI generic (bsg) driver version 0.4 loaded (major 252)
[    0.292025] io scheduler noop registered (default)
[    0.292411] io scheduler cfq registered
[    0.292774] virtio-mmio virtio-mmio.0: Failed to enable 64-bit or 32-bit DMA.  Trying to continue, but this might not work.
[    0.293640] virtio-mmio virtio-mmio.1: Failed to enable 64-bit or 32-bit DMA.  Trying to continue, but this might not work.
[    0.294528] Serial: 8250/16550 driver, 1 ports, IRQ sharing disabled
[    0.316346] serial8250: ttyS0 at I/O 0x3f8 (irq = 4, base_baud = 115200) is a U6_16550A
[    0.318326] loop: module loaded
[    0.318614] Loading iSCSI transport class v2.0-870.
[    0.319061] iscsi: registered transport (tcp)
[    0.319401] tun: Universal TUN/TAP device driver, 1.6
[    0.319875] hidraw: raw HID events driver (C) Jiri Kosina
[    0.320356] nf_conntrack version 0.5.0 (4096 buckets, 16384 max)
[    0.320928] ip_tables: (C) 2000-2006 Netfilter Core Team
[    0.321509] Initializing XFRM netlink socket
[    0.321940] NET: Registered protocol family 10
[    0.322694] Segment Routing with IPv6
[    0.322992] NET: Registered protocol family 17
[    0.323344] Bridge firewalling registered
[    0.323682] Key type dns_resolver registered
[    0.324081] NET: Registered protocol family 40
[    0.324789] sched_clock: Marking stable (324054040, 0)->(384715262, -60661222)
[    0.325543] registered taskstats version 1
[    0.325855] Loading compiled-in X.509 certificates
[    0.326898] Loaded X.509 cert 'Build time autogenerated kernel key: c582bb2a1fdabdd195bbc9c8840fff8158852907'
[    0.327651] zswap: loaded using pool lzo/zbud
[    0.328224] Key type encrypted registered
[    0.329653] Freeing unused kernel memory: 1300K
[    0.344090] Write protecting the kernel read-only data: 14336k
[    0.345922] Freeing unused kernel memory: 2016K
[    0.347207] Freeing unused kernel memory: 476K
[    0.347798] nsm: loading out-of-tree module taints kernel.
[    0.348243] nsm: module verification failed: signature and/or required key missing - tainting kernel
.
..
MESSAGE PRINTING TEST AOLDKCMADLCCMKL:test/[    0.353839] random: kmstool_enclave: uninitialized urandom read (32 bytes read)
[    0.354384] random: kmstool_enclave: uninitialized urandom read (32 bytes read)
[    0.355248] random: crng init done
Awaiting connection...
Connected peer
Object = { "Operation": "SetClient", "AwsAccessKeyId": "ASIA3LBHUAKMLVD6HNDM", "AwsSecretAccessKey": "5EoFS7MTjRcQXDQJMAesi2HreyK6BCxbfOwZHc3f", "AwsSessionToken": "IQoJb3JpZ2luX2VjEF0aCXVzLXdlc3QtMiJIMEYCIQDfbJIDdQ+dkGKM9MaW0pjPJ6F+FsEQu9ovBDzroaubYQIhANPaBF5EeV1yULCS7mzFapSG1il86yeTGFhegCQbufGbKrQDCGYQAhoMNzc5NjE5NjY0NTM2IgwrttWg5WQlNKfqioUqkQO9iQmdiHS9qZ9PtFPWAGhs\/HOpRIESdnkud4dktmi0rqYmo77PSQU68HoHoJjeCrEAYElL0RJFq2xWrFFrv1Qudo9ZbDxIxKq+eX7\/VF0PMw5HBlILdx8LIzRlCALic26hmRR4rYUYumSMdztvkm\/+Lha7N4mlxi7FtRaC8L6BuviLgoAqHbjPfpKxzHl0H+ILD3XTBZhb3pkECYgpxsabnegA4OKHI9cOc7oR4U5rk+CfQm2108gZP9CPK2B0PrOxB9rYcEMHCrpzo8hz4VYQPNUvPRFUm8xMMstMSLw4thHHeZHNhgc10C5BZwVmqsYOFq60O6r8MDs0Z2f2Or7u\/cwIU\/eZeX3PfukfPb9gpS+qZt2XNBoGOC83elEtnbGUPGMV+rfEBZEp1boUfoqQNTwyNHZow\/zydexqNHW13Db8Mewu1hlugqyq6ja0sIi6bto3\/XbacjnbjU35zSlVyQzRoyc5vNSDCxgAwWI1U0kHuJckA5krY52goG1HWNyuIYTmrLuvIc1B60cO2LMt9zDc+7WBBjrqAQQ2KVgzZJhIG8Go6mo0pNXo9w+X5dfodWt5txHBfz3iMLmLEqA6TgZA\/6KVG\/ecg\/f+T\/czckKADzQEVyUTT8oyFQwzNVCbTpq+NR7qHzTeSYbjtOkuvahPMgQ4khVsjpjA8qKa5zYGV3lahzQHDifFfN6HCw8RfNnm0+mMNp7E0f2MEKI90TialwSaJVzPfAItVlaD8EZjL99zBlBtY75rduVVlUDGb1amYcYIAZi+x+977sfL1f0jTP4bulShzsHLoHsk8bL7VT8OuuJZs7brxirCGBCRcFlT359Wh9XWSzAM1DkW2UYFoA==" }
[INFO] [2021-02-17T21:15:35Z] [00007f3c6a53b880] [tls-handler] - ctx: cannot enable ocsp stapling: OCSP stapling was requested, but is not supported
[INFO] [2021-02-17T21:15:35Z] [00007f3c6a53b880] [event-loop] - id=0xe1d2b0: Initializing edge-triggered epoll
[INFO] [2021-02-17T21:15:35Z] [00007f3c6a53b880] [event-loop] - id=0xe1d2b0: Using eventfd for cross-thread notifications.
[INFO] [2021-02-17T21:15:35Z] [00007f3c6a53b880] [event-loop] - id=0xe1d2b0: Starting event-loop thread.
[INFO] [2021-02-17T21:15:35Z] [00007f3c6a53b880] [event-loop] - id=0xef7ca0: Initializing edge-triggered epoll
[INFO] [2021-02-17T21:15:35Z] [00007f3c6a53b880] [event-loop] - id=0xef7ca0: Using eventfd for cross-thread notifications.
[INFO] [2021-02-17T21:15:35Z] [00007f3c6a53b880] [event-loop] - id=0xef7ca0: Starting event-loop thread.
[INFO] [2021-02-17T21:15:35Z] [00007f3c6a53b880] [dns] - id=0xf05c90: Initializing default host resolver with 8 max host entries.
[INFO] [2021-02-17T21:15:35Z] [00007f3c6a53b880] [channel-bootstrap] - id=0xf05ba0: Initializing client bootstrap with event-loop group 0xf05d80
[WARN] [2021-02-17T21:15:35Z] [00007f3c6a53b880] [socket] - id=0xf07420 fd=10: setsockopt() for NO_SIGNAL failed with errno 92. If you are having SIGPIPE signals thrown, you may want to install a signal trap in your application layer.
[INFO] [2021-02-17T21:15:35Z] [00007f3c63fff700] [event-loop] - id=0xef7ca0: main loop started
[INFO] [2021-02-17T21:15:35Z] [00007f3c63fff700] [event-loop] - id=0xef7ca0: default timeout 100000, and max events to process per tick 100
[INFO] [2021-02-17T21:15:35Z] [00007f3c68961700] [event-loop] - id=0xe1d2b0: main loop started
[INFO] [2021-02-17T21:15:35Z] [00007f3c68961700] [event-loop] - id=0xe1d2b0: default timeout 100000, and max events to process per tick 100
[INFO] [2021-02-17T21:15:36Z] [00007f3c68961700] [socket] - id=0xf07420 fd=10: connection success
Connected.
[INFO] [2021-02-17T21:15:36Z] [00007f3c68961700] [http-connection] - id=0x7f3c54016f80: HTTP/1.1 client connection established.
Object = { "Operation": "Decrypt", "command": "AQICAHjDlQ35nIiO6k4cvEcJooGbQY3jNzV\/jZYVN8q3cCqdMAERTvndm65lIse9ueBpxDxWAAAAaDBmBgkqhkiG9w0BBwagWTBXAgEAMFIGCSqGSIb3DQEHATAeBglghkgBZQMEAS4wEQQM\/PhlRJsnjCckaeVHAgEQgCWUtdkkFDXVXg\/Jj+JMDKpJChrg82qKRaZfMjsQK1udzOOJ9SIp" }
decrypt request string:{ "CiphertextBlob": "AQICAHjDlQ35nIiO6k4cvEcJooGbQY3jNzV\/jZYVN8q3cCqdMAERTvndm65lIse9ueBpxDxWAAAAaDBmBgkqhkiG9w0BBwagWTBXAgEAMFIGCSqGSIb3DQEHATAeBglghkgBZQMEAS4wEQQM\/PhlRJsnjCckaeVHAgEQgCWUtdkkFDXVXg\/Jj+JMDKpJChrg82qKRaZfMjsQK1udzOOJ9SIp", "Recipient": { "KeyEncryptionAlgorithm": "RSAES_OAEP_SHA_256", "AttestationDocument": "hEShATgioFkR6KlpbW9kdWxlX2lkeCdpLTBjNmI5Yzc1NDNmYzMyYzQwLWVuYzAxNzdiMWQ4ZGM0ZWYxNTlmZGlnZXN0ZlNIQTM4NGl0aW1lc3RhbXAbAAABd7HZLpFkcGNyc7AAWDAAAAAAAAAAAAAAAAAAAAAAAAAAAAAAAAAAAAAAAAAAAAAAAAAAAAAAAAAAAAAAAAABWDAAAAAAAAAAAAAAAAAAAAAAAAAAAAAAAAAAAAAAAAAAAAAAAAAAAAAAAAAAAAAAAAACWDAAAAAAAAAAAAAAAAAAAAAAAAAAAAAAAAAAAAAAAAAAAAAAAAAAAAAAAAAAAAAAAAADWDA1\/yiBZ20sbJotGsvz4cyiSfI1W9Pzujc1Vd435IivLynVzgNsaCXTFoIt6rPKHckEWDBN7x6BAVxN86kBVFGL1ueM0IvQQZ4vIUNBdsVueIZYtwi0E6iu7ufd4mvvpkbTx8wFWDAAAAAAAAAAAAAAAAAAAAAAAAAAAAAAAAAAAAAAAAAAAAAAAAAAAAAAAAAAAAAAAAAGWDAAAAAAAAAAAAAAAAAAAAAAAAAAAAAAAAAAAAAAAAAAAAAAAAAAAAAAAAAAAAAAAAAHWDAAAAAAAAAAAAAAAAAAAAAAAAAAAAAAAAAAAAAAAAAAAAAAAAAAAAAAAAAAAAAAAAAIWDAAAAAAAAAAAAAAAAAAAAAAAAAAAAAAAAAAAAAAAAAAAAAAAAAAAAAAAAAAAAAAAAAJWDAAAAAAAAAAAAAAAAAAAAAAAAAAAAAAAAAAAAAAAAAAAAAAAAAAAAAAAAAAAAAAAAAKWDAAAAAAAAAAAAAAAAAAAAAAAAAAAAAAAAAAAAAAAAAAAAAAAAAAAAAAAAAAAAAAAAALWDAAAAAAAAAAAAAAAAAAAAAAAAAAAAAAAAAAAAAAAAAAAAAAAAAAAAAAAAAAAAAAAAAMWDAAAAAAAAAAAAAAAAAAAAAAAAAAAAAAAAAAAAAAAAAAAAAAAAAAAAAAAAAAAAAAAAANWDAAAAAAAAAAAAAAAAAAAAAAAAAAAAAAAAAAAAAAAAAAAAAAAAAAAAAAAAAAAAAAAAAOWDAAAAAAAAAAAAAAAAAAAAAAAAAAAAAAAAAAAAAAAAAAAAAAAAAAAAAAAAAAAAAAAAAPWDAAAAAAAAAAAAAAAAAAAAAAAAAAAAAAAAAAAAAAAAAAAAAAAAAAAAAAAAAAAAAAAABrY2VydGlmaWNhdGVZAn8wggJ7MIICAaADAgECAhABd7HY3E7xWQAAAABgLYd4MAoGCCqGSM49BAMDMIGOMQswCQYDVQQGEwJVUzETMBEGA1UECAwKV2FzaGluZ3RvbjEQMA4GA1UEBwwHU2VhdHRsZTEPMA0GA1UECgwGQW1hem9uMQwwCgYDVQQLDANBV1MxOTA3BgNVBAMMMGktMGM2YjljNzU0M2ZjMzJjNDAudXMtd2VzdC0yLmF3cy5uaXRyby1lbmNsYXZlczAeFw0yMTAyMTcyMTE1MzZaFw0yMTAyMTgwMDE1MzZaMIGTMQswCQYDVQQGEwJVUzETMBEGA1UECAwKV2FzaGluZ3RvbjEQMA4GA1UEBwwHU2VhdHRsZTEPMA0GA1UECgwGQW1hem9uMQwwCgYDVQQLDANBV1MxPjA8BgNVBAMMNWktMGM2YjljNzU0M2ZjMzJjNDAtZW5jMDE3N2IxZDhkYzRlZjE1OS51cy13ZXN0LTIuYXdzMHYwEAYHKoZIzj0CAQYFK4EEACIDYgAEoAhaSg5PPC8ZDz9KTuf59\/up80kDc7CUEvBY\/O4VlvxpdislGgtHtf1vi60m4RvBPtUJk7spBO2gkSX36hNDNUWxeX079mxvjCaLf4YpoAKXCS6SOp+wcbnjesFOV+WHox0wGzAMBgNVHRMBAf8EAjAAMAsGA1UdDwQEAwIGwDAKBggqhkjOPQQDAwNoADBlAjEAzfydmT2Iir5fq4Yabj4hegCiCIQX8UfI11FbHVsxbYR1t5vgKMUqkjGFVZZbt1GzAjAsS3gf8T7seKGjrgjCgjxXzcs3Yq2sOTN2CVcLSWyfY7hPv0iDzmFaHzj4rhBFdG1oY2FidW5kbGWEWQIVMIICETCCAZagAwIBAgIRAPkxdWgbkK\/hHUbMtOTn+FYwCgYIKoZIzj0EAwMwSTELMAkGA1UEBhMCVVMxDzANBgNVBAoMBkFtYXpvbjEMMAoGA1UECwwDQVdTMRswGQYDVQQDDBJhd3Mubml0cm8tZW5jbGF2ZXMwHhcNMTkxMDI4MTMyODA1WhcNNDkxMDI4MTQyODA1WjBJMQswCQYDVQQGEwJVUzEPMA0GA1UECgwGQW1hem9uMQwwCgYDVQQLDANBV1MxGzAZBgNVBAMMEmF3cy5uaXRyby1lbmNsYXZlczB2MBAGByqGSM49AgEGBSuBBAAiA2IABPwCVOumCMHzaHDimtqQvkY4MpJzbolL\/\/Zy2YlES1BR5TSksfbb48C8WBoyt7F2Bw7eEtaaP+ohG2bnUs990d0JX28TcPQXCEPZ3BABIeTPYwEoCWZEh8l5YoQwTcU\/9KNCMEAwDwYDVR0TAQH\/BAUwAwEB\/zAdBgNVHQ4EFgQUkCW1DdkFR+eWw5b6cp3PmanfS5YwDgYDVR0PAQH\/BAQDAgGGMAoGCCqGSM49BAMDA2kAMGYCMQCjfy+Rocm9Xue4YnwWmNJVA44fA0P5W2OpYow9OYCVRaEevL8uO1XYru5xtMPWrfMCMQCi85sWBbJwKKXdS6BptQFuZbT73o\/gBh1qUxl\/nNr12UO8Yfwr6wPLb+6NIwLz3\/ZZAsMwggK\/MIICRaADAgECAhEA\/EbslwOrgtCCyu77jXpqsDAKBggqhkjOPQQDAzBJMQswCQYDVQQGEwJVUzEPMA0GA1UECgwGQW1hem9uMQwwCgYDVQQLDANBV1MxGzAZBgNVBAMMEmF3cy5uaXRyby1lbmNsYXZlczAeFw0yMTAyMTIyMzUzMDBaFw0yMTAzMDUwMDUzMDBaMGQxCzAJBgNVBAYTAlVTMQ8wDQYDVQQKDAZBbWF6b24xDDAKBgNVBAsMA0FXUzE2MDQGA1UEAwwtNTQzMDA2ODQ3ZmJjN2RmMS51cy13ZXN0LTIuYXdzLm5pdHJvLWVuY2xhdmVzMHYwEAYHKoZIzj0CAQYFK4EEACIDYgAEC3cPTYK1zfzY5gI0jJv7QydIhHZC2EYSiR5qgPIOwckVZxxth78CZNGTmlEr61WDEzflMD+2gATVXWx41cf+heVjhcqyZl5H2psPtApu2WVAdqYdPn2MWRfJrWb2+AIgo4HVMIHSMBIGA1UdEwEB\/wQIMAYBAf8CAQIwHwYDVR0jBBgwFoAUkCW1DdkFR+eWw5b6cp3PmanfS5YwHQYDVR0OBBYEFIakBhZgij5x73ka3qDUQHkLhbcVMA4GA1UdDwEB\/wQEAwIBhjBsBgNVHR8EZTBjMGGgX6BdhltodHRwOi8vYXdzLW5pdHJvLWVuY2xhdmVzLWNybC5zMy5hbWF6b25hd3MuY29tL2NybC9hYjQ5NjBjYy03ZDYzLTQyYmQtOWU5Zi01OTMzOGNiNjdmODQuY3JsMAoGCCqGSM49BAMDA2gAMGUCMDyiTyRrJ4i6aKlmoZ1RaaeOB7942BlUdd3vAMXukIgHeB+gDSQMOAcgqRu5yxSKDwIxAOGw1qS\/LycvL+kmjf8z8J78xxIvaYds4RGf8TeuJHv1J37PcpE8Xo7mjpUJSgfJ+1kDGDCCAxQwggKaoAMCAQICEBJlqhwDIe57\/CO5NQVszvUwCgYIKoZIzj0EAwMwZDELMAkGA1UEBhMCVVMxDzANBgNVBAoMBkFtYXpvbjEMMAoGA1UECwwDQVdTMTYwNAYDVQQDDC01NDMwMDY4NDdmYmM3ZGYxLnVzLXdlc3QtMi5hd3Mubml0cm8tZW5jbGF2ZXMwHhcNMjEwMjE3MTUxMDAzWhcNMjEwMjIzMTYxMDAyWjCBiTE8MDoGA1UEAwwzYzlhNWRmOTNhZjJlMmRmNy56b25hbC51cy13ZXN0LTIuYXdzLm5pdHJvLWVuY2xhdmVzMQwwCgYDVQQLDANBV1MxDzANBgNVBAoMBkFtYXpvbjELMAkGA1UEBhMCVVMxCzAJBgNVBAgMAldBMRAwDgYDVQQHDAdTZWF0dGxlMHYwEAYHKoZIzj0CAQYFK4EEACIDYgAEX0DGU12l5+vIV7Mt2Qjyo9hMshVkwu5\/U9GJpW7BenENEWOhUgfY0s\/p9xJFqNbPm1WCOjXeDndOHNwB2wawjKZUN2eEVaZaq\/WF8Z\/TzbgvgPlYQyP4neBOupBuJJJho4HqMIHnMBIGA1UdEwEB\/wQIMAYBAf8CAQEwHwYDVR0jBBgwFoAUhqQGFmCKPnHveRreoNRAeQuFtxUwHQYDVR0OBBYEFDVpkw\/mZlWHMxHUyDpECG48PKt6MA4GA1UdDwEB\/wQEAwIBhjCBgAYDVR0fBHkwdzB1oHOgcYZvaHR0cDovL2NybC11cy13ZXN0LTItYXdzLW5pdHJvLWVuY2xhdmVzLnMzLnVzLXdlc3QtMi5hbWF6b25hd3MuY29tL2NybC8zNzJkZWZhYy1iYWNjLTQ5OTAtODBlNi1kZmNjNjY1NjdmMjYuY3JsMAoGCCqGSM49BAMDA2gAMGUCMBRKpArqXoLH+3OM9KAvw0bV6gJbVqK8v3y35BF436rMBLQ+Vd1llHC9aWy2LTqnmwIxANvqMdwDtSclOAZoq1g6Z+RP55bmd0DOgdX\/lclUPu3FqAfaC3wLbad7lDBHj\/bD4lkCgzCCAn8wggIFoAMCAQICFQDo6zoEhcr5g2iVt8sreJ1iINf\/XzAKBggqhkjOPQQDAzCBiTE8MDoGA1UEAwwzYzlhNWRmOTNhZjJlMmRmNy56b25hbC51cy13ZXN0LTIuYXdzLm5pdHJvLWVuY2xhdmVzMQwwCgYDVQQLDANBV1MxDzANBgNVBAoMBkFtYXpvbjELMAkGA1UEBhMCVVMxCzAJBgNVBAgMAldBMRAwDgYDVQQHDAdTZWF0dGxlMB4XDTIxMDIxNzIwMDM0NFoXDTIxMDIxODIwMDM0NFowgY4xCzAJBgNVBAYTAlVTMRMwEQYDVQQIDApXYXNoaW5ndG9uMRAwDgYDVQQHDAdTZWF0dGxlMQ8wDQYDVQQKDAZBbWF6b24xDDAKBgNVBAsMA0FXUzE5MDcGA1UEAwwwaS0wYzZiOWM3NTQzZmMzMmM0MC51cy13ZXN0LTIuYXdzLm5pdHJvLWVuY2xhdmVzMHYwEAYHKoZIzj0CAQYFK4EEACIDYgAE5x9HLIVKjTq861\/Wbm4jmNmXQGK8JAhUVYLRy2l\/2Zr2JldPHD6alM2nfKzlGuGVdpAGQXpqw5pI4LUG7H\/AcQwtHMk30aRdxytq64LL2KuuYbWpdI8elEPevd+Gvx0DoyYwJDASBgNVHRMBAf8ECDAGAQH\/AgEAMA4GA1UdDwEB\/wQEAwICBDAKBggqhkjOPQQDAwNoADBlAjB67J2tjHqPY8UtyFf1QiOVWVI7M0CQIT1eF6TU9X0XSd5dzRUu+mi6B0dBb6aIEyUCMQCUge+JYei9DMEFIPXETSDRA8BzbwXg\/n1w4qDTXPoojpDM45oeiv8K7aZdHN2wvGpqcHVibGljX2tleVkBJjCCASIwDQYJKoZIhvcNAQEBBQADggEPADCCAQoCggEBAKVoYEenCvGUADo2zJqxuI6zGtxa7o8CR+B+IaB+Dmg\/CW8EZf3TXLK0Qxmsk0AaPdr7DqPw51WO47ljcFwqWYJktuRJXA+H+czSbwCLas2y+QPmu\/6rkodOuQdfnmlVGmi999qrjLK90sSvvhIrYuieTLCsIW6kRSdfMHXeqDo0DVAU7WpScGt6hcooeb4HAvgApwujHy3JDw5SfOFWyK3qUOUgezgGAf8mRLDviK4fYBvMV43VvwTTIlLaGtpijJnl7YBGJrwPV6dRtMY0VUclDI0iUSVeQs21Zss1\/oA5DGV0VkTIr+G8uzx0DKJSwnlhV78eny9fm4IgBJYezwsCAwEAAWl1c2VyX2RhdGH2ZW5vbmNl9lhgzPYU+p\/rPOiZV\/AdonzilsHPn0qz5aCfW8uzrXf40BS8qOIzEzeXflwwi7iDBxR\/4AjxZQ2jJog8KTKNtVNobqf89Du0kkSbjDTaq+RnwBobV+a+6BSq1S8kGUA92Hli" } }
[INFO] [2021-02-17T21:15:36Z] [00007f3c6a53b880] [AuthSigning] - (id=0xef7450) Signing successfully built canonical request for algorithm SigV4, with contents 
POST
/

content-length:6632
content-type:application/x-amz-json-1.1
host:kms.us-west-2.amazonaws.com
x-amz-content-sha256:8203036bc8254382f235f11da4b653175ef4df52af65200dd5d88562005788f5
x-amz-date:20210217T211536Z
x-amz-security-token:IQoJb3JpZ2luX2VjEF0aCXVzLXdlc3QtMiJIMEYCIQDfbJIDdQ+dkGKM9MaW0pjPJ6F+FsEQu9ovBDzroaubYQIhANPaBF5EeV1yULCS7mzFapSG1il86yeTGFhegCQbufGbKrQDCGYQAhoMNzc5NjE5NjY0NTM2IgwrttWg5WQlNKfqioUqkQO9iQmdiHS9qZ9PtFPWAGhs/HOpRIESdnkud4dktmi0rqYmo77PSQU68HoHoJjeCrEAYElL0RJFq2xWrFFrv1Qudo9ZbDxIxKq+eX7/VF0PMw5HBlILdx8LIzRlCALic26hmRR4rYUYumSMdztvkm/+Lha7N4mlxi7FtRaC8L6BuviLgoAqHbjPfpKxzHl0H+ILD3XTBZhb3pkECYgpxsabnegA4OKHI9cOc7oR4U5rk+CfQm2108gZP9CPK2B0PrOxB9rYcEMHCrpzo8hz4VYQPNUvPRFUm8xMMstMSLw4thHHeZHNhgc10C5BZwVmqsYOFq60O6r8MDs0Z2f2Or7u/cwIU/eZeX3PfukfPb9gpS+qZt2XNBoGOC83elEtnbGUPGMV+rfEBZEp1boUfoqQNTwyNHZow/zydexqNHW13Db8Mewu1hlugqyq6ja0sIi6bto3/XbacjnbjU35zSlVyQzRoyc5vNSDCxgAwWI1U0kHuJckA5krY52goG1HWNyuIYTmrLuvIc1B60cO2LMt9zDc+7WBBjrqAQQ2KVgzZJhIG8Go6mo0pNXo9w+X5dfodWt5txHBfz3iMLmLEqA6TgZA/6KVG/ecg/f+T/czckKADzQEVyUTT8oyFQwzNVCbTpq+NR7qHzTeSYbjtOkuvahPMgQ4khVsjpjA8qKa5zYGV3lahzQHDifFfN6HCw8RfNnm0+mMNp7E0f2MEKI90TialwSaJVzPfAItVlaD8EZjL99zBlBtY75rduVVlUDGb1amYcYIAZi+x+977sfL1f0jTP4bulShzsHLoHsk8bL7VT8OuuJZs7brxirCGBCRcFlT359Wh9XWSzAM1DkW2UYFoA==
x-amz-target:TrentService.Decrypt

content-length;content-type;host;x-amz-content-sha256;x-amz-date;x-amz-security-token;x-amz-target
8203036bc8254382f235f11da4b653175ef4df52af65200dd5d88562005788f5

[INFO] [2021-02-17T21:15:36Z] [00007f3c6a53b880] [AuthSigning] - (id=0xef7450) Signing successfully built string-to-sign via algorithm SigV4, with contents 
AWS4-HMAC-SHA256
20210217T211536Z
20210217/us-west-2/kms/aws4_request
1df7ec85d00ec7381918d33ae02edff8cf27797216d96f14da1de857e3288b5d

[INFO] [2021-02-17T21:15:36Z] [00007f3c6a53b880] [AuthSigning] - (id=0xef7450) Http request successfully built final authorization value via algorithm SigV4, with contents 
AWS4-HMAC-SHA256 Credential=ASIA3LBHUAKMLVD6HNDM/20210217/us-west-2/kms/aws4_request, SignedHeaders=content-length;content-type;host;x-amz-content-sha256;x-amz-date;x-amz-security-token;x-amz-target, Signature=6711a87733b189752f23fe5d9753c90d8a825a5519a6abb5c1e9a99503cd478f

decrypt response string:{"CiphertextForRecipient":"MIAGCSqGSIb3DQEHA6CAMIACAQIxggFrMIIBZwIBAoAgT8t5tE+EK5sxn5onV8NGQG1iy0W4eGSINj07HTzdOgUwPAYJKoZIhvcNAQEHMC+gDzANBglghkgBZQMEAgEFAKEcMBoGCSqGSIb3DQEBCDANBglghkgBZQMEAgEFAASCAQA/d4aO29QhyrD+As/xLe0qllAfdPF/utqdm/0DTno6MHTKm3rYeKAw5UR9IGeAPRhZcuDzrqo56MxQS5uEumOYeQ9NblwuV5aHakcGDDkYRe5UhGw10wn94QeE+K2gV4Za/KeVZCf0uN3qEOFCLuNsohZ+3Qu34PRAq4gIp2EUqwhme8qNjVk072QiZ/Ic8Ub8ucBgBSbm37Eqy7pAC63MXfeb/qSSoGhNmyRmCAQL5KhlGd8p4dG7pFhFNXrWF/HfNqLiWGsIsh2MUNL66ly+OY01pVUjWRYJxTr1/CSqKnDupNGyZs9umugOlraNMXPTsXl+G7JjkmEnAhhv4vJNMIAGCSqGSIb3DQEHATAdBglghkgBZQMEASoEECX6+WJShSvNdMo+8WAkx9aggAQQhwhN1xnIApOAsAr1Srn3IAAAAAAAAAAAAAA=","EncryptionAlgorithm":"SYMMETRIC_DEFAULT","KeyId":"arn:aws:kms:us-west-2:779619664536:key/d3a3ce82-5390-49d8-bd77-400ebbe77946"}
{ "00000002": "1" }
ÅΩ≠7˝Ÿ;i‹⁄–∞≤ﬁcù˛w⁄ó%»DÎ`è&I©∆û
encoded reencrypted gb2tN/0b2Ttp3NrQsLLeY53+d9qXJchE62CPJkmpxp4=
Deeplearningisnotoriouslyreferredtoasablackboxtechnique,andwithreasonablecause.WhiletraditionalstatisticallearningmethodslikeregressionandBayesianmodelinghelpresearchersdrawdirectconnectionsbetweenfeaturesandpredictions,deepneuralnetworksrequirecomplexcompositionsofmanytomanyfunctions.Layeredarchitecturesenableuniversalapproximationbutmakeitdifficulttorecognizeandreacttocostlymista
[INFO] [2021-02-17T21:15:36Z] [00007f3c6a53b880] [AuthSigning] - (id=0xeebd90) Signing successfully built canonical request for algorithm SigV4, with contents 
POST
/

content-length:620
content-type:application/x-amz-json-1.1
host:kms.us-west-2.amazonaws.com
x-amz-content-sha256:4251fcea8963a0c006b48e028663490c0d267f3e6d9140698a05f48384e46282
x-amz-date:20210217T211536Z
x-amz-security-token:IQoJb3JpZ2luX2VjEF0aCXVzLXdlc3QtMiJIMEYCIQDfbJIDdQ+dkGKM9MaW0pjPJ6F+FsEQu9ovBDzroaubYQIhANPaBF5EeV1yULCS7mzFapSG1il86yeTGFhegCQbufGbKrQDCGYQAhoMNzc5NjE5NjY0NTM2IgwrttWg5WQlNKfqioUqkQO9iQmdiHS9qZ9PtFPWAGhs/HOpRIESdnkud4dktmi0rqYmo77PSQU68HoHoJjeCrEAYElL0RJFq2xWrFFrv1Qudo9ZbDxIxKq+eX7/VF0PMw5HBlILdx8LIzRlCALic26hmRR4rYUYumSMdztvkm/+Lha7N4mlxi7FtRaC8L6BuviLgoAqHbjPfpKxzHl0H+ILD3XTBZhb3pkECYgpxsabnegA4OKHI9cOc7oR4U5rk+CfQm2108gZP9CPK2B0PrOxB9rYcEMHCrpzo8hz4VYQPNUvPRFUm8xMMstMSLw4thHHeZHNhgc10C5BZwVmqsYOFq60O6r8MDs0Z2f2Or7u/cwIU/eZeX3PfukfPb9gpS+qZt2XNBoGOC83elEtnbGUPGMV+rfEBZEp1boUfoqQNTwyNHZow/zydexqNHW13Db8Mewu1hlugqyq6ja0sIi6bto3/XbacjnbjU35zSlVyQzRoyc5vNSDCxgAwWI1U0kHuJckA5krY52goG1HWNyuIYTmrLuvIc1B60cO2LMt9zDc+7WBBjrqAQQ2KVgzZJhIG8Go6mo0pNXo9w+X5dfodWt5txHBfz3iMLmLEqA6TgZA/6KVG/ecg/f+T/czckKADzQEVyUTT8oyFQwzNVCbTpq+NR7qHzTeSYbjtOkuvahPMgQ4khVsjpjA8qKa5zYGV3lahzQHDifFfN6HCw8RfNnm0+mMNp7E0f2MEKI90TialwSaJVzPfAItVlaD8EZjL99zBlBtY75rduVVlUDGb1amYcYIAZi+x+977sfL1f0jTP4bulShzsHLoHsk8bL7VT8OuuJZs7brxirCGBCRcFlT359Wh9XWSzAM1DkW2UYFoA==
x-amz-target:TrentService.Encrypt

content-length;content-type;host;x-amz-content-sha256;x-amz-date;x-amz-security-token;x-amz-target
4251fcea8963a0c006b48e028663490c0d267f3e6d9140698a05f48384e46282

[INFO] [2021-02-17T21:15:36Z] [00007f3c6a53b880] [AuthSigning] - (id=0xeebd90) Signing successfully built string-to-sign via algorithm SigV4, with contents 
AWS4-HMAC-SHA256
20210217T211536Z
20210217/us-west-2/kms/aws4_request
e9bb76b7a79b8b699aefa77f9075f40f2c51fe7de7d000dea5f172d732665d21

[INFO] [2021-02-17T21:15:36Z] [00007f3c6a53b880] [AuthSigning] - (id=0xeebd90) Http request successfully built final authorization value via algorithm SigV4, with contents 
AWS4-HMAC-SHA256 Credential=ASIA3LBHUAKMLVD6HNDM/20210217/us-west-2/kms/aws4_request, SignedHeaders=content-length;content-type;host;x-amz-content-sha256;x-amz-date;x-amz-security-token;x-amz-target, Signature=dafba375a11c2634890af92c64b6bb9bb8af83e6f98c091ffa0328e8408683a8

response string:{"CiphertextBlob":"AQICAHjDlQ35nIiO6k4cvEcJooGbQY3jNzV/jZYVN8q3cCqdMAGmJnkJsWwpMds5xdl5BcvjAAAB6DCCAeQGCSqGSIb3DQEHBqCCAdUwggHRAgEAMIIBygYJKoZIhvcNAQcBMB4GCWCGSAFlAwQBLjARBAwosotKXWWLZP0CXsICARCAggGbmDT2Nz2lXY45JQuA0K7w5RzDSBxrvvP18hH4+8GrUT1QWtNktPCk+ctEH2NRjD4yrR0FCq5+h6ZhcCYsTyqvpbERlA9bZXT00y/tVmR1XVSYiVIuEuBWPtppHJvwDdncZT/zXhVh+cVzFfrwnywqrYiotKRRipmCbv4Gu75NdxVifiQ8gwjo3SinrUgtkOS0rhTQ97VjILPss2CdB+FlYvTgpVFAap6j1ec8KDC/5XnkGwXx4bsVMI+2lxcgz9DvERmwhoAxW/Z4uGA63ZTO7yfBEVaslazDoYQw8pU+DfVlV058EcJ99hF6PHzb5TOzZRahxA4rOO6fbJwR6bQSS26e2USwmYkXXFaWLdAvxrKXSWd7OzEtccZIlqew/stkidFHJsQ35QhzBH8EuilN56Shd8PgFO7qkHq+QUUxvRK7xFtMIiM/A/qkT4/olTn2VyfVlggy6AF7cGj3zJ+8dpnAoZ8yl4AzgjhRxEQVu0YM5G2eMyD7Y4c5V2A32JHcu2W2dxDFMYwaM+opH9sqChiVd/5Kkj+oDIvY","EncryptionAlgorithm":"SYMMETRIC_DEFAULT","KeyId":"arn:aws:kms:us-west-2:779619664536:key/d3a3ce82-5390-49d8-bd77-400ebbe77946"}

json val AQICAHjDlQ35nIiO6k4cvEcJooGbQY3jNzV/jZYVN8q3cCqdMAGmJnkJsWwpMds5xdl5BcvjAAAB6DCCAeQGCSqGSIb3DQEHBqCCAdUwggHRAgEAMIIBygYJKoZIhvcNAQcBMB4GCWCGSAFlAwQBLjARBAwosotKXWWLZP0CXsICARCAggGbmDT2Nz2lXY45JQuA0K7w5RzDSBxrvvP18hH4+8GrUT1QWtNktPCk+ctEH2NRjD4yrR0FCq5+h6ZhcCYsTyqvpbERlA9bZXT00y/tVmR1XVSYiVIuEuBWPtppHJvwDdncZT/zXhVh+cVzFfrwnywqrYiotKRRipmCbv4Gu75NdxVifiQ8gwjo3SinrUgtkOS0rhTQ97VjILPss2CdB+FlYvTgpVFAap6j1ec8KDC/5XnkGwXx4bsVMI+2lxcgz9DvERmwhoAxW/Z4uGA63ZTO7yfBEVaslazDoYQw8pU+DfVlV058EcJ99hF6PHzb5TOzZRahxA4rOO6fbJwR6bQSS26e2USwmYkXXFaWLdAvxrKXSWd7OzEtccZIlqew/stkidFHJsQ35QhzBH8EuilN56Shd8PgFO7qkHq+QUUxvRK7xFtMIiM/A/qkT4/olTn2VyfVlggy6AF7cGj3zJ+8dpnAoZ8yl4AzgjhRxEQVu0YM5G2eMyD7Y4c5V2A32JHcu2W2dxDFMYwaM+opH9sqChiVd/5Kkj+oDIvY

json val copied AQICAHjDlQ35nIiO6k4cvEcJooGbQY3jNzV/jZYVN8q3cCqdMAGmJnkJsWwpMds5xdl5BcvjAAAB6DCCAeQGCSqGSIb3DQEHBqCCAdUwggHRAgEAMIIBygYJKoZIhvcNAQcBMB4GCWCGSAFlAwQBLjARBAwosotKXWWLZP0CXsICARCAggGbmDT2Nz2lXY45JQuA0K7w5RzDSBxrvvP18hH4+8GrUT1QWtNktPCk+ctEH2NRjD4yrR0FCq5+h6ZhcCYsTyqvpbERlA9bZXT00y/tVmR1XVSYiVIuEuBWPtppHJvwDdncZT/zXhVh+cVzFfrwnywqrYiotKRRipmCbv4Gu75NdxVifiQ8gwjo3SinrUgtkOS0rhTQ97VjILPss2CdB+FlYvTgpVFAap6j1ec8KDC/5XnkGwXx4bsVMI+2lxcgz9DvERmwhoAxW/Z4uGA63ZTO7yfBEVaslazDoYQw8pU+DfVlV058EcJ99hF6PHzb5TOzZRahxA4rOO6fbJwR6bQSS26e2USwmYkXXFaWLdAvxrKXSWd7OzEtccZIlqew/stkidFHJsQ35QhzBH8EuilN56Shd8PgFO7qkHq+QUUxvRK7xFtMIiM/A/qkT4/olTn2VyfVlggy6AF7cGj3zJ+8dpnAoZ8yl4AzgjhRxEQVu0YM5G2eMyD7Y4c5V2A32JHcu2W2dxDFMYwaM+opH9sqChiVd/5Kkj+oDIvY
cipher_tmp: AQICAHjDlQ35nIiO6k4cvEcJooGbQY3jNzV/jZYVN8q3cCqdMAGmJnkJsWwpMds5xdl5BcvjAAAB6DCCAeQGCSqGSIb3DQEHBqCCAdUwggHRAgEAMIIBygYJKoZIhvcNAQcBMB4GCWCGSAFlAwQBLjARBAwosotKXWWLZP0CXsICARCAggGbmDT2Nz2lXY45JQuA0K7w5RzDSBxrvvP18hH4+8GrUT1QWtNktPCk+ctEH2NRjD4yrR0FCq5+h6ZhcCYsTyqvpbERlA9bZXT00y/tVmR1XVSYiVIuEuBWPtppHJvwDdncZT/zXhVh+cVzFfrwnywqrYiotKRRipmCbv4Gu75NdxVifiQ8gwjo3SinrUgtkOS0rhTQ97VjILPss2CdB+FlYvTgpVFAap6j1ec8KDC/5XnkGwXx4bsVMI+2lxcgz9DvERmwhoAxW/Z4uGA63ZTO7yfBEVaslazDoYQw8pU+DfVlV058EcJ99hF6PHzb5TOzZRahxA4rOO6fbJwR6bQSS26e2USwmYkXXFaWLdAvxrKXSWd7OzEtccZIlqew/stkidFHJsQ35QhzBH8EuilN56Shd8PgFO7qkHq+QUUxvRK7xFtMIiM/A/qkT4/olTn2VyfVlggy6AF7cGj3zJ+8dpnAoZ8yl4AzgjhRxEQVu0YM5G2eMyD7Y4c5V2A32JHcu2W2dxDFMYwaM+opH9sqChiVd/5Kkj+oDIvY

json val AQICAHjDlQ35nIiO6k4cvEcJooGbQY3jNzV/jZYVN8q3cCqdMAGmJnkJsWwpMds5xdl5BcvjAAAB6DCCAeQGCSqGSIb3DQEHBqCCAdUwggHRAgEAMIIBygYJKoZIhvcNAQcBMB4GCWCGSAFlAwQBLjARBAwosotKXWWLZP0CXsICARCAggGbmDT2Nz2lXY45JQuA0K7w5RzDSBxrvvP18hH4+8GrUT1QWtNktPCk+ctEH2NRjD4yrR0FCq5+h6ZhcCYsTyqvpbERlA9bZXT00y/tVmR1XVSYiVIuEuBWPtppHJvwDdncZT/zXhVh+cVzFfrwnywqrYiotKRRipmCbv4Gu75NdxVifiQ8gwjo3SinrUgtkOS0rhTQ97VjILPss2CdB+FlYvTgpVFAap6j1ec8KDC/5XnkGwXx4bsVMI+2lxcgz9DvERmwhoAxW/Z4uGA63ZTO7yfBEVaslazDoYQw8pU+DfVlV058EcJ99hF6PHzb5TOzZRahxA4rOO6fbJwR6bQSS26e2USwmYkXXFaWLdAvxrKXSWd7OzEtccZIlqew/stkidFHJsQ35QhzBH8EuilN56Shd8PgFO7qkHq+QUUxvRK7xFtMIiM/A/qkT4/olTn2VyfVlggy6AF7cGj3zJ+8dpnAoZ8yl4AzgjhRxEQVu0YM5G2eMyD7Y4c5V2A32JHcu2W2dxDFMYwaM+opH9sqChiVd/5Kkj+oDIvY

json val SYMMETRIC_DEFAULT

json val arn:aws:kms:us-west-2:779619664536:key/d3a3ce82-5390-49d8-bd77-400ebbe77946
ciphertext: (null)
response ciphertext blob:
Sesssion ended
Awaiting connection...
Disconnected.
[INFO] [2021-02-17T21:15:36Z] [00007f3c68961700] [http-connection] - 0x7f3c54016f80: Client shutdown completed with error 0 (AWS_ERROR_SUCCESS).
[INFO] [2021-02-17T21:15:36Z] [00007f3c637fe700] [event-loop] - id=0xef7ca0: Destroying event_loop
[INFO] [2021-02-17T21:15:36Z] [00007f3c637fe700] [event-loop] - id=0xef7ca0: Stopping event-loop thread.
[INFO] [2021-02-17T21:15:36Z] [00007f3c637fe700] [event-loop] - id=0xe1d2b0: Destroying event_loop
[INFO] [2021-02-17T21:15:36Z] [00007f3c637fe700] [event-loop] - id=0xe1d2b0: Stopping event-loop thread.
Connected peer
Object = { "Operation": "SetClient", "AwsAccessKeyId": "ASIA3LBHUAKMLVD6HNDM", "AwsSecretAccessKey": "5EoFS7MTjRcQXDQJMAesi2HreyK6BCxbfOwZHc3f", "AwsSessionToken": "IQoJb3JpZ2luX2VjEF0aCXVzLXdlc3QtMiJIMEYCIQDfbJIDdQ+dkGKM9MaW0pjPJ6F+FsEQu9ovBDzroaubYQIhANPaBF5EeV1yULCS7mzFapSG1il86yeTGFhegCQbufGbKrQDCGYQAhoMNzc5NjE5NjY0NTM2IgwrttWg5WQlNKfqioUqkQO9iQmdiHS9qZ9PtFPWAGhs\/HOpRIESdnkud4dktmi0rqYmo77PSQU68HoHoJjeCrEAYElL0RJFq2xWrFFrv1Qudo9ZbDxIxKq+eX7\/VF0PMw5HBlILdx8LIzRlCALic26hmRR4rYUYumSMdztvkm\/+Lha7N4mlxi7FtRaC8L6BuviLgoAqHbjPfpKxzHl0H+ILD3XTBZhb3pkECYgpxsabnegA4OKHI9cOc7oR4U5rk+CfQm2108gZP9CPK2B0PrOxB9rYcEMHCrpzo8hz4VYQPNUvPRFUm8xMMstMSLw4thHHeZHNhgc10C5BZwVmqsYOFq60O6r8MDs0Z2f2Or7u\/cwIU\/eZeX3PfukfPb9gpS+qZt2XNBoGOC83elEtnbGUPGMV+rfEBZEp1boUfoqQNTwyNHZow\/zydexqNHW13Db8Mewu1hlugqyq6ja0sIi6bto3\/XbacjnbjU35zSlVyQzRoyc5vNSDCxgAwWI1U0kHuJckA5krY52goG1HWNyuIYTmrLuvIc1B60cO2LMt9zDc+7WBBjrqAQQ2KVgzZJhIG8Go6mo0pNXo9w+X5dfodWt5txHBfz3iMLmLEqA6TgZA\/6KVG\/ecg\/f+T\/czckKADzQEVyUTT8oyFQwzNVCbTpq+NR7qHzTeSYbjtOkuvahPMgQ4khVsjpjA8qKa5zYGV3lahzQHDifFfN6HCw8RfNnm0+mMNp7E0f2MEKI90TialwSaJVzPfAItVlaD8EZjL99zBlBtY75rduVVlUDGb1amYcYIAZi+x+977sfL1f0jTP4bulShzsHLoHsk8bL7VT8OuuJZs7brxirCGBCRcFlT359Wh9XWSzAM1DkW2UYFoA==" }
[INFO] [2021-02-17T21:19:30Z] [00007f3c6a53b880] [tls-handler] - ctx: cannot enable ocsp stapling: OCSP stapling was requested, but is not supported
[INFO] [2021-02-17T21:19:30Z] [00007f3c6a53b880] [event-loop] - id=0xf09d60: Initializing edge-triggered epoll
[INFO] [2021-02-17T21:19:30Z] [00007f3c6a53b880] [event-loop] - id=0xf09d60: Using eventfd for cross-thread notifications.
[INFO] [2021-02-17T21:19:30Z] [00007f3c6a53b880] [event-loop] - id=0xf09d60: Starting event-loop thread.
[INFO] [2021-02-17T21:19:30Z] [00007f3c6a53b880] [event-loop] - id=0xebb7e0: Initializing edge-triggered epoll
[INFO] [2021-02-17T21:19:30Z] [00007f3c6a53b880] [event-loop] - id=0xebb7e0: Using eventfd for cross-thread notifications.
[INFO] [2021-02-17T21:19:30Z] [00007f3c6a53b880] [event-loop] - id=0xebb7e0: Starting event-loop thread.
[INFO] [2021-02-17T21:19:30Z] [00007f3c6a53b880] [dns] - id=0xec95e0: Initializing default host resolver with 8 max host entries.
[INFO] [2021-02-17T21:19:30Z] [00007f3c6a53b880] [channel-bootstrap] - id=0xeca8a0: Initializing client bootstrap with event-loop group 0xec96d0
[WARN] [2021-02-17T21:19:30Z] [00007f3c6a53b880] [socket] - id=0xecab10 fd=10: setsockopt() for NO_SIGNAL failed with errno 92. If you are having SIGPIPE signals thrown, you may want to install a signal trap in your application layer.
[INFO] [2021-02-17T21:19:30Z] [00007f3c68961700] [event-loop] - id=0xebb7e0: main loop started
[INFO] [2021-02-17T21:19:30Z] [00007f3c68961700] [event-loop] - id=0xebb7e0: default timeout 100000, and max events to process per tick 100
[INFO] [2021-02-17T21:19:30Z] [00007f3c637fe700] [event-loop] - id=0xf09d60: main loop started
[INFO] [2021-02-17T21:19:30Z] [00007f3c637fe700] [event-loop] - id=0xf09d60: default timeout 100000, and max events to process per tick 100
[INFO] [2021-02-17T21:19:30Z] [00007f3c637fe700] [socket] - id=0xecab10 fd=10: connection success
Connected.
[INFO] [2021-02-17T21:19:30Z] [00007f3c637fe700] [http-connection] - id=0x7f3c54001480: HTTP/1.1 client connection established.
Object = { "Operation": "Decrypt", "command": "AQICAHjDlQ35nIiO6k4cvEcJooGbQY3jNzV\/jZYVN8q3cCqdMAERTvndm65lIse9ueBpxDxWAAAAaDBmBgkqhkiG9w0BBwagWTBXAgEAMFIGCSqGSIb3DQEHATAeBglghkgBZQMEAS4wEQQM\/PhlRJsnjCckaeVHAgEQgCWUtdkkFDXVXg\/Jj+JMDKpJChrg82qKRaZfMjsQK1udzOOJ9SIp", "Ciphertext": "gb2tN\/0b2Ttp3NrQsLLeY53+d9qXJchE62CPJkmpxp4=", "data_key": "AQICAHjDlQ35nIiO6k4cvEcJooGbQY3jNzV\/jZYVN8q3cCqdMAHbS70\/1NjE\/J7ATF\/lyczmAAAB6DCCAeQGCSqGSIb3DQEHBqCCAdUwggHRAgEAMIIBygYJKoZIhvcNAQcBMB4GCWCGSAFlAwQBLjARBAz3Q7EqsQf37u6DURgCARCAggGbiRUHhjcfE6Y5nLAG02KsOksg4xh7MP0CLBRvHR5hicmxzIZWu1QEzZX3NgPHsybUC3fa0YsWKLt3vYLyEt4GD+auC4PFLs7PtxoMBumY1Uv2lRObxVl6AHXb0DRCPZ4yJ44aUfMkVZ4IkXmj31eftIJaD051qOk8W9yUg7LZUciuCf\/x7jHZIZFUwx\/hikRoUSlR4uMJI9TQ1OjIOZYj5nx2eD31sIn663Ceko8tqZ1bdXq8v8oi0oEAmfXsoVe5BQghiI+is36O0VB0hNmTW9xcjIXUeRjvGw8TKEb65wgyWL9IJ9f+F+a6Bm6nhlhbDQNJEqR0QW9aULBPNhtqzXsYGB9bgBAEb93ODijVGRwYiKyibVLzz+92z6lMkOhqJ8sWLO88+zBGDWbr\/W1NinhYYxGNCp1KXfqkE3RyhgxbJhQcN6xiM37xqewj7CSfFRyRe6cIRVIDrs5KWp5SYBdotLaUThaV2ZcJ+2eG5+HpS\/23qJphMpUqasmLH7+fW\/bR31Iz16qTj2Ij2pCfHYKaFjFYLzU480Da" }
AQICAHjDlQ35nIiO6k4cvEcJooGbQY3jNzV/jZYVN8q3cCqdMAHbS70/1NjE/J7ATF/lyczmAAAB6DCCAeQGCSqGSIb3DQEHBqCCAdUwggHRAgEAMIIBygYJKoZIhvcNAQcBMB4GCWCGSAFlAwQBLjARBAz3Q7EqsQf37u6DURgCARCAggGbiRUHhjcfE6Y5nLAG02KsOksg4xh7MP0CLBRvHR5hicmxzIZWu1QEzZX3NgPHsybUC3fa0YsWKLt3vYLyEt4GD+auC4PFLs7PtxoMBumY1Uv2lRObxVl6AHXb0DRCPZ4yJ44aUfMkVZ4IkXmj31eftIJaD051qOk8W9yUg7LZUciuCf/x7jHZIZFUwx/hikRoUSlR4uMJI9TQ1OjIOZYj5nx2eD31sIn663Ceko8tqZ1bdXq8v8oi0oEAmfXsoVe5BQghiI+is36O0VB0hNmTW9xcjIXUeRjvGw8TKEb65wgyWL9IJ9f+F+a6Bm6nhlhbDQNJEqR0QW9aULBPNhtqzXsYGB9bgBAEb93ODijVGRwYiKyibVLzz+92z6lMkOhqJ8sWLO88+zBGDWbr/W1NinhYYxGNCp1KXfqkE3RyhgxbJhQcN6xiM37xqewj7CSfFRyRe6cIRVIDrs5KWp5SYBdotLaUThaV2ZcJ+2eG5+HpS/23qJphMpUqasmLH7+fW/bR31Iz16qTj2Ij2pCfHYKaFjFYLzU480Dadecrypt request string:{ "CiphertextBlob": "AQICAHjDlQ35nIiO6k4cvEcJooGbQY3jNzV\/jZYVN8q3cCqdMAHbS70\/1NjE\/J7ATF\/lyczmAAAB6DCCAeQGCSqGSIb3DQEHBqCCAdUwggHRAgEAMIIBygYJKoZIhvcNAQcBMB4GCWCGSAFlAwQBLjARBAz3Q7EqsQf37u6DURgCARCAggGbiRUHhjcfE6Y5nLAG02KsOksg4xh7MP0CLBRvHR5hicmxzIZWu1QEzZX3NgPHsybUC3fa0YsWKLt3vYLyEt4GD+auC4PFLs7PtxoMBumY1Uv2lRObxVl6AHXb0DRCPZ4yJ44aUfMkVZ4IkXmj31eftIJaD051qOk8W9yUg7LZUciuCf\/x7jHZIZFUwx\/hikRoUSlR4uMJI9TQ1OjIOZYj5nx2eD31sIn663Ceko8tqZ1bdXq8v8oi0oEAmfXsoVe5BQghiI+is36O0VB0hNmTW9xcjIXUeRjvGw8TKEb65wgyWL9IJ9f+F+a6Bm6nhlhbDQNJEqR0QW9aULBPNhtqzXsYGB9bgBAEb93ODijVGRwYiKyibVLzz+92z6lMkOhqJ8sWLO88+zBGDWbr\/W1NinhYYxGNCp1KXfqkE3RyhgxbJhQcN6xiM37xqewj7CSfFRyRe6cIRVIDrs5KWp5SYBdotLaUThaV2ZcJ+2eG5+HpS\/23qJphMpUqasmLH7+fW\/bR31Iz16qTj2Ij2pCfHYKaFjFYLzU480Da", "Recipient": { "KeyEncryptionAlgorithm": "RSAES_OAEP_SHA_256", "AttestationDocument": "hEShATgioFkR6KlpbW9kdWxlX2lkeCdpLTBjNmI5Yzc1NDNmYzMyYzQwLWVuYzAxNzdiMWQ4ZGM0ZWYxNTlmZGlnZXN0ZlNIQTM4NGl0aW1lc3RhbXAbAAABd7HcxA9kcGNyc7AAWDAAAAAAAAAAAAAAAAAAAAAAAAAAAAAAAAAAAAAAAAAAAAAAAAAAAAAAAAAAAAAAAAABWDAAAAAAAAAAAAAAAAAAAAAAAAAAAAAAAAAAAAAAAAAAAAAAAAAAAAAAAAAAAAAAAAACWDAAAAAAAAAAAAAAAAAAAAAAAAAAAAAAAAAAAAAAAAAAAAAAAAAAAAAAAAAAAAAAAAADWDA1\/yiBZ20sbJotGsvz4cyiSfI1W9Pzujc1Vd435IivLynVzgNsaCXTFoIt6rPKHckEWDBN7x6BAVxN86kBVFGL1ueM0IvQQZ4vIUNBdsVueIZYtwi0E6iu7ufd4mvvpkbTx8wFWDAAAAAAAAAAAAAAAAAAAAAAAAAAAAAAAAAAAAAAAAAAAAAAAAAAAAAAAAAAAAAAAAAGWDAAAAAAAAAAAAAAAAAAAAAAAAAAAAAAAAAAAAAAAAAAAAAAAAAAAAAAAAAAAAAAAAAHWDAAAAAAAAAAAAAAAAAAAAAAAAAAAAAAAAAAAAAAAAAAAAAAAAAAAAAAAAAAAAAAAAAIWDAAAAAAAAAAAAAAAAAAAAAAAAAAAAAAAAAAAAAAAAAAAAAAAAAAAAAAAAAAAAAAAAAJWDAAAAAAAAAAAAAAAAAAAAAAAAAAAAAAAAAAAAAAAAAAAAAAAAAAAAAAAAAAAAAAAAAKWDAAAAAAAAAAAAAAAAAAAAAAAAAAAAAAAAAAAAAAAAAAAAAAAAAAAAAAAAAAAAAAAAALWDAAAAAAAAAAAAAAAAAAAAAAAAAAAAAAAAAAAAAAAAAAAAAAAAAAAAAAAAAAAAAAAAAMWDAAAAAAAAAAAAAAAAAAAAAAAAAAAAAAAAAAAAAAAAAAAAAAAAAAAAAAAAAAAAAAAAANWDAAAAAAAAAAAAAAAAAAAAAAAAAAAAAAAAAAAAAAAAAAAAAAAAAAAAAAAAAAAAAAAAAOWDAAAAAAAAAAAAAAAAAAAAAAAAAAAAAAAAAAAAAAAAAAAAAAAAAAAAAAAAAAAAAAAAAPWDAAAAAAAAAAAAAAAAAAAAAAAAAAAAAAAAAAAAAAAAAAAAAAAAAAAAAAAAAAAAAAAABrY2VydGlmaWNhdGVZAn8wggJ7MIICAaADAgECAhABd7HY3E7xWQAAAABgLYd4MAoGCCqGSM49BAMDMIGOMQswCQYDVQQGEwJVUzETMBEGA1UECAwKV2FzaGluZ3RvbjEQMA4GA1UEBwwHU2VhdHRsZTEPMA0GA1UECgwGQW1hem9uMQwwCgYDVQQLDANBV1MxOTA3BgNVBAMMMGktMGM2YjljNzU0M2ZjMzJjNDAudXMtd2VzdC0yLmF3cy5uaXRyby1lbmNsYXZlczAeFw0yMTAyMTcyMTE1MzZaFw0yMTAyMTgwMDE1MzZaMIGTMQswCQYDVQQGEwJVUzETMBEGA1UECAwKV2FzaGluZ3RvbjEQMA4GA1UEBwwHU2VhdHRsZTEPMA0GA1UECgwGQW1hem9uMQwwCgYDVQQLDANBV1MxPjA8BgNVBAMMNWktMGM2YjljNzU0M2ZjMzJjNDAtZW5jMDE3N2IxZDhkYzRlZjE1OS51cy13ZXN0LTIuYXdzMHYwEAYHKoZIzj0CAQYFK4EEACIDYgAEoAhaSg5PPC8ZDz9KTuf59\/up80kDc7CUEvBY\/O4VlvxpdislGgtHtf1vi60m4RvBPtUJk7spBO2gkSX36hNDNUWxeX079mxvjCaLf4YpoAKXCS6SOp+wcbnjesFOV+WHox0wGzAMBgNVHRMBAf8EAjAAMAsGA1UdDwQEAwIGwDAKBggqhkjOPQQDAwNoADBlAjEAzfydmT2Iir5fq4Yabj4hegCiCIQX8UfI11FbHVsxbYR1t5vgKMUqkjGFVZZbt1GzAjAsS3gf8T7seKGjrgjCgjxXzcs3Yq2sOTN2CVcLSWyfY7hPv0iDzmFaHzj4rhBFdG1oY2FidW5kbGWEWQIVMIICETCCAZagAwIBAgIRAPkxdWgbkK\/hHUbMtOTn+FYwCgYIKoZIzj0EAwMwSTELMAkGA1UEBhMCVVMxDzANBgNVBAoMBkFtYXpvbjEMMAoGA1UECwwDQVdTMRswGQYDVQQDDBJhd3Mubml0cm8tZW5jbGF2ZXMwHhcNMTkxMDI4MTMyODA1WhcNNDkxMDI4MTQyODA1WjBJMQswCQYDVQQGEwJVUzEPMA0GA1UECgwGQW1hem9uMQwwCgYDVQQLDANBV1MxGzAZBgNVBAMMEmF3cy5uaXRyby1lbmNsYXZlczB2MBAGByqGSM49AgEGBSuBBAAiA2IABPwCVOumCMHzaHDimtqQvkY4MpJzbolL\/\/Zy2YlES1BR5TSksfbb48C8WBoyt7F2Bw7eEtaaP+ohG2bnUs990d0JX28TcPQXCEPZ3BABIeTPYwEoCWZEh8l5YoQwTcU\/9KNCMEAwDwYDVR0TAQH\/BAUwAwEB\/zAdBgNVHQ4EFgQUkCW1DdkFR+eWw5b6cp3PmanfS5YwDgYDVR0PAQH\/BAQDAgGGMAoGCCqGSM49BAMDA2kAMGYCMQCjfy+Rocm9Xue4YnwWmNJVA44fA0P5W2OpYow9OYCVRaEevL8uO1XYru5xtMPWrfMCMQCi85sWBbJwKKXdS6BptQFuZbT73o\/gBh1qUxl\/nNr12UO8Yfwr6wPLb+6NIwLz3\/ZZAsMwggK\/MIICRaADAgECAhEA\/EbslwOrgtCCyu77jXpqsDAKBggqhkjOPQQDAzBJMQswCQYDVQQGEwJVUzEPMA0GA1UECgwGQW1hem9uMQwwCgYDVQQLDANBV1MxGzAZBgNVBAMMEmF3cy5uaXRyby1lbmNsYXZlczAeFw0yMTAyMTIyMzUzMDBaFw0yMTAzMDUwMDUzMDBaMGQxCzAJBgNVBAYTAlVTMQ8wDQYDVQQKDAZBbWF6b24xDDAKBgNVBAsMA0FXUzE2MDQGA1UEAwwtNTQzMDA2ODQ3ZmJjN2RmMS51cy13ZXN0LTIuYXdzLm5pdHJvLWVuY2xhdmVzMHYwEAYHKoZIzj0CAQYFK4EEACIDYgAEC3cPTYK1zfzY5gI0jJv7QydIhHZC2EYSiR5qgPIOwckVZxxth78CZNGTmlEr61WDEzflMD+2gATVXWx41cf+heVjhcqyZl5H2psPtApu2WVAdqYdPn2MWRfJrWb2+AIgo4HVMIHSMBIGA1UdEwEB\/wQIMAYBAf8CAQIwHwYDVR0jBBgwFoAUkCW1DdkFR+eWw5b6cp3PmanfS5YwHQYDVR0OBBYEFIakBhZgij5x73ka3qDUQHkLhbcVMA4GA1UdDwEB\/wQEAwIBhjBsBgNVHR8EZTBjMGGgX6BdhltodHRwOi8vYXdzLW5pdHJvLWVuY2xhdmVzLWNybC5zMy5hbWF6b25hd3MuY29tL2NybC9hYjQ5NjBjYy03ZDYzLTQyYmQtOWU5Zi01OTMzOGNiNjdmODQuY3JsMAoGCCqGSM49BAMDA2gAMGUCMDyiTyRrJ4i6aKlmoZ1RaaeOB7942BlUdd3vAMXukIgHeB+gDSQMOAcgqRu5yxSKDwIxAOGw1qS\/LycvL+kmjf8z8J78xxIvaYds4RGf8TeuJHv1J37PcpE8Xo7mjpUJSgfJ+1kDGDCCAxQwggKaoAMCAQICEBJlqhwDIe57\/CO5NQVszvUwCgYIKoZIzj0EAwMwZDELMAkGA1UEBhMCVVMxDzANBgNVBAoMBkFtYXpvbjEMMAoGA1UECwwDQVdTMTYwNAYDVQQDDC01NDMwMDY4NDdmYmM3ZGYxLnVzLXdlc3QtMi5hd3Mubml0cm8tZW5jbGF2ZXMwHhcNMjEwMjE3MTUxMDAzWhcNMjEwMjIzMTYxMDAyWjCBiTE8MDoGA1UEAwwzYzlhNWRmOTNhZjJlMmRmNy56b25hbC51cy13ZXN0LTIuYXdzLm5pdHJvLWVuY2xhdmVzMQwwCgYDVQQLDANBV1MxDzANBgNVBAoMBkFtYXpvbjELMAkGA1UEBhMCVVMxCzAJBgNVBAgMAldBMRAwDgYDVQQHDAdTZWF0dGxlMHYwEAYHKoZIzj0CAQYFK4EEACIDYgAEX0DGU12l5+vIV7Mt2Qjyo9hMshVkwu5\/U9GJpW7BenENEWOhUgfY0s\/p9xJFqNbPm1WCOjXeDndOHNwB2wawjKZUN2eEVaZaq\/WF8Z\/TzbgvgPlYQyP4neBOupBuJJJho4HqMIHnMBIGA1UdEwEB\/wQIMAYBAf8CAQEwHwYDVR0jBBgwFoAUhqQGFmCKPnHveRreoNRAeQuFtxUwHQYDVR0OBBYEFDVpkw\/mZlWHMxHUyDpECG48PKt6MA4GA1UdDwEB\/wQEAwIBhjCBgAYDVR0fBHkwdzB1oHOgcYZvaHR0cDovL2NybC11cy13ZXN0LTItYXdzLW5pdHJvLWVuY2xhdmVzLnMzLnVzLXdlc3QtMi5hbWF6b25hd3MuY29tL2NybC8zNzJkZWZhYy1iYWNjLTQ5OTAtODBlNi1kZmNjNjY1NjdmMjYuY3JsMAoGCCqGSM49BAMDA2gAMGUCMBRKpArqXoLH+3OM9KAvw0bV6gJbVqK8v3y35BF436rMBLQ+Vd1llHC9aWy2LTqnmwIxANvqMdwDtSclOAZoq1g6Z+RP55bmd0DOgdX\/lclUPu3FqAfaC3wLbad7lDBHj\/bD4lkCgzCCAn8wggIFoAMCAQICFQDo6zoEhcr5g2iVt8sreJ1iINf\/XzAKBggqhkjOPQQDAzCBiTE8MDoGA1UEAwwzYzlhNWRmOTNhZjJlMmRmNy56b25hbC51cy13ZXN0LTIuYXdzLm5pdHJvLWVuY2xhdmVzMQwwCgYDVQQLDANBV1MxDzANBgNVBAoMBkFtYXpvbjELMAkGA1UEBhMCVVMxCzAJBgNVBAgMAldBMRAwDgYDVQQHDAdTZWF0dGxlMB4XDTIxMDIxNzIwMDM0NFoXDTIxMDIxODIwMDM0NFowgY4xCzAJBgNVBAYTAlVTMRMwEQYDVQQIDApXYXNoaW5ndG9uMRAwDgYDVQQHDAdTZWF0dGxlMQ8wDQYDVQQKDAZBbWF6b24xDDAKBgNVBAsMA0FXUzE5MDcGA1UEAwwwaS0wYzZiOWM3NTQzZmMzMmM0MC51cy13ZXN0LTIuYXdzLm5pdHJvLWVuY2xhdmVzMHYwEAYHKoZIzj0CAQYFK4EEACIDYgAE5x9HLIVKjTq861\/Wbm4jmNmXQGK8JAhUVYLRy2l\/2Zr2JldPHD6alM2nfKzlGuGVdpAGQXpqw5pI4LUG7H\/AcQwtHMk30aRdxytq64LL2KuuYbWpdI8elEPevd+Gvx0DoyYwJDASBgNVHRMBAf8ECDAGAQH\/AgEAMA4GA1UdDwEB\/wQEAwICBDAKBggqhkjOPQQDAwNoADBlAjB67J2tjHqPY8UtyFf1QiOVWVI7M0CQIT1eF6TU9X0XSd5dzRUu+mi6B0dBb6aIEyUCMQCUge+JYei9DMEFIPXETSDRA8BzbwXg\/n1w4qDTXPoojpDM45oeiv8K7aZdHN2wvGpqcHVibGljX2tleVkBJjCCASIwDQYJKoZIhvcNAQEBBQADggEPADCCAQoCggEBAJ5aALxV1k\/xOxONiHNWJrTHWd8W5LDMUqntjMTA8BARdxS9\/7Mly\/5KxtM\/KuiNpcx1aaJrJfDQNteECXBOrF8JCSYQJZMXS7XWaCeXpQw3cvjCUxRNoOLQhnRp6cGzPvqtE6uIhiy1SQhsz7Jao04yC0ek42y1yLsJ0x3fQZXilwkBN\/qWobaK6pAPQ4iW83S5oOryMb+joVDXk+efCVbStA5MAusmujDkDfSIdvM5yjCxd0AAZWehtduXLhxPyMNLJEJYJaIJ+bxJ9FDIJmuKs42xmqLR1N6loLLWHW1wo8GaUMlJqCs6guRkB5BhKId7uOvYBDkBISQKWGvevRkCAwEAAWl1c2VyX2RhdGH2ZW5vbmNl9lhgUqvUlxdp7cHYsjkYx9eTApluCZAqSbBDcRtnRejfu9L7VmtzwpkA0f\/Tmt5LN2AnRyNN0J0b8okganAbrHuzxDthLTiVloU+s\/oyfibmZT2caXPnYe3WYxIdqUNhEyYn" } }
[INFO] [2021-02-17T21:19:31Z] [00007f3c6a53b880] [AuthSigning] - (id=0xec1560) Signing successfully built canonical request for algorithm SigV4, with contents 
POST
/

content-length:7151
content-type:application/x-amz-json-1.1
host:kms.us-west-2.amazonaws.com
x-amz-content-sha256:ff3f880445d5daca5f8a4743d6707c95a39d08c4df43c81b41ceb7a5cbc4ca3c
x-amz-date:20210217T211931Z
x-amz-security-token:IQoJb3JpZ2luX2VjEF0aCXVzLXdlc3QtMiJIMEYCIQDfbJIDdQ+dkGKM9MaW0pjPJ6F+FsEQu9ovBDzroaubYQIhANPaBF5EeV1yULCS7mzFapSG1il86yeTGFhegCQbufGbKrQDCGYQAhoMNzc5NjE5NjY0NTM2IgwrttWg5WQlNKfqioUqkQO9iQmdiHS9qZ9PtFPWAGhs/HOpRIESdnkud4dktmi0rqYmo77PSQU68HoHoJjeCrEAYElL0RJFq2xWrFFrv1Qudo9ZbDxIxKq+eX7/VF0PMw5HBlILdx8LIzRlCALic26hmRR4rYUYumSMdztvkm/+Lha7N4mlxi7FtRaC8L6BuviLgoAqHbjPfpKxzHl0H+ILD3XTBZhb3pkECYgpxsabnegA4OKHI9cOc7oR4U5rk+CfQm2108gZP9CPK2B0PrOxB9rYcEMHCrpzo8hz4VYQPNUvPRFUm8xMMstMSLw4thHHeZHNhgc10C5BZwVmqsYOFq60O6r8MDs0Z2f2Or7u/cwIU/eZeX3PfukfPb9gpS+qZt2XNBoGOC83elEtnbGUPGMV+rfEBZEp1boUfoqQNTwyNHZow/zydexqNHW13Db8Mewu1hlugqyq6ja0sIi6bto3/XbacjnbjU35zSlVyQzRoyc5vNSDCxgAwWI1U0kHuJckA5krY52goG1HWNyuIYTmrLuvIc1B60cO2LMt9zDc+7WBBjrqAQQ2KVgzZJhIG8Go6mo0pNXo9w+X5dfodWt5txHBfz3iMLmLEqA6TgZA/6KVG/ecg/f+T/czckKADzQEVyUTT8oyFQwzNVCbTpq+NR7qHzTeSYbjtOkuvahPMgQ4khVsjpjA8qKa5zYGV3lahzQHDifFfN6HCw8RfNnm0+mMNp7E0f2MEKI90TialwSaJVzPfAItVlaD8EZjL99zBlBtY75rduVVlUDGb1amYcYIAZi+x+977sfL1f0jTP4bulShzsHLoHsk8bL7VT8OuuJZs7brxirCGBCRcFlT359Wh9XWSzAM1DkW2UYFoA==
x-amz-target:TrentService.Decrypt

content-length;content-type;host;x-amz-content-sha256;x-amz-date;x-amz-security-token;x-amz-target
ff3f880445d5daca5f8a4743d6707c95a39d08c4df43c81b41ceb7a5cbc4ca3c

[INFO] [2021-02-17T21:19:31Z] [00007f3c6a53b880] [AuthSigning] - (id=0xec1560) Signing successfully built string-to-sign via algorithm SigV4, with contents 
AWS4-HMAC-SHA256
20210217T211931Z
20210217/us-west-2/kms/aws4_request
c5f7a0e388cb93311354091fa426266f96b4b1737d74f306f56699293ee5ace0

[INFO] [2021-02-17T21:19:31Z] [00007f3c6a53b880] [AuthSigning] - (id=0xec1560) Http request successfully built final authorization value via algorithm SigV4, with contents 
AWS4-HMAC-SHA256 Credential=ASIA3LBHUAKMLVD6HNDM/20210217/us-west-2/kms/aws4_request, SignedHeaders=content-length;content-type;host;x-amz-content-sha256;x-amz-date;x-amz-security-token;x-amz-target, Signature=e9026ad96ef9610fa7fde446bee93c33335c7c8b53b888b7bdacfb6fd6a5bdaa

decrypt response string:{"CiphertextForRecipient":"MIAGCSqGSIb3DQEHA6CAMIACAQIxggFrMIIBZwIBAoAgwRpmroy3NwPwdqbsw0Xy9Y+kf7dRf1wTWV4eR2Jn+8UwPAYJKoZIhvcNAQEHMC+gDzANBglghkgBZQMEAgEFAKEcMBoGCSqGSIb3DQEBCDANBglghkgBZQMEAgEFAASCAQABuA1pcHxnJsZqKAB0Tj5kcXtJbgoFOA5ZhFiWakNEVpaD1iFXyASCsdgo1WGOfA2+Kb/JxmmU933z1yubo51TSRdyuXMYz8KWRRzF271PKU918oMfQBA3SOhjzXmn4Veu6r/tl10YmKUj4BD9Nhu1P+0EIBmzJWyWGpDc5QgzgBWIzRqIXwGQW0nnzmGM6bXqrWWUVH6eJimTi5Cc5Yk2KGiM0q1Jpx9dW/bEtiToVdv/Ebz3Bsde3oZ/sQTog+NfWbTsdqZTNn4TwAmmQe308lN0cXFAjGuUe3ATJ1lllWi77ghCoi1wreURJOUh+5wf/OS0NiCojPVY1AGDnL+zMIAGCSqGSIb3DQEHATAdBglghkgBZQMEASoEEOhdKMZMbGJRQOWcz3HI+fyggASCAZCAmyQ7rsTbaSQ0Ht8ReKZ3C5qRljdbz8QZ3amKAi05hjmm/KEHSB7qesJ/z17cihZcB+HEuhHRXtSkzz3cJtNTlWvxoKSNjHjoPOSvLZzAs16pdZYvDx+FscvZXK8/ungGJQ9SOXYbcwRtBcsrUykUr1cpUljQ3VxhSHLogAiEKiuQmBJZenA6Y2/o7hPDT4/X+oky9RejFhBCmi6jU4Zn9nQDO9bub4/vUf2DokOh6iysPR1oRP2NIuWJscfbhJ0Q7u54Lm92GpiVuPw+3+5HJ6nx2FP/PYeBacgnjg++oVqcj0/+gSUBKyvrjQMq6Tknvk/9qXXstEdfFvOxIjGD4qiZpmiwlgYl6Mbk+YQvOiUk8tI/hHerPu2AQGdP24AixyKMl+Sqk3h9vZWvx7z+in3j/bvmyc6FbBHSiic3IHkZxwNg4DaNi5VqJi8Csw8R4sAMoMB59KHCfPloEdz18O92yXq6aIecq/anBJXyDDwYQAllaSIvHUqgpq025jVKL/+IAcLMOL3aR6uj76cFAAAAAAAAAAAAAA==","EncryptionAlgorithm":"SYMMETRIC_DEFAULT","KeyId":"arn:aws:kms:us-west-2:779619664536:key/d3a3ce82-5390-49d8-bd77-400ebbe77946"}
KMS Decrypted data key: Deeplearningisnotoriouslyreferredtoasablackboxtechnique,andwithreasonablecause.WhiletraditionalstatisticallearningmethodslikeregressionandBayesianmodelinghelpresearchersdrawdirectconnectionsbetweenfeaturesandpredictions,deepneuralnetworksrequirecomplexcomp
KMS Decrypted data iv: ositionsofmanytomanyfunctions.Layeredarchitecturesenableuniversalapproximationbutmakeitdifficulttorecognizeandreacttocostlymista
14792296:error:1e00007b:Cipher functions:OPENSSL_internal:WRONG_FINAL_BLOCK_LENGTH:../third_party/boringssl/crypto/fipsmodule/cipher/cipher.c:438:
child exited by signal
[  253.911608] Kernel panic - not syncing: Attempted to kill init! exitcode=0x00008600
[  253.911608] 
[  253.912557] CPU: 1 PID: 1 Comm: init Tainted: G           OE   4.14.177-104.253.amzn2.x86_64 #1
[  253.913450] Call Trace:
[  253.913728]  dump_stack+0x6d/0x99
[  253.914084]  panic+0xdf/0x239
[  253.914404]  do_exit+0x79a/0xb40
[  253.914745]  ? __do_page_fault+0x254/0x4b0
[  253.915194]  do_group_exit+0x3e/0xb0
[  253.915586]  SyS_exit_group+0xf/0x10
[  253.915981]  do_syscall_64+0x67/0x110
[  253.916397]  entry_SYSCALL_64_after_hwframe+0x3d/0xa2
[  253.916931] RIP: 0033:0x44b136
[  253.917259] RSP: 002b:00007fffe50586e8 EFLAGS: 00000246 ORIG_RAX: 00000000000000e7
[  253.918043] RAX: ffffffffffffffda RBX: 00000000006d92d0 RCX: 000000000044b136
[  253.918790] RDX: 0000000000000086 RSI: 000000000000003c RDI: 0000000000000086
[  253.919536] RBP: 0000000000000086 R08: 00000000000000e7 R09: ffffffffffffffc0
[  253.920276] R10: 0000000000000001 R11: 0000000000000246 R12: 00000000006d92d0
[  253.921019] R13: 0000000000000001 R14: 0000000000000000 R15: 0000000000000001
[  253.922251] Kernel Offset: disabled
[  253.922636] Rebooting in 30 seconds..
Connecting to the console for enclave 75...
Successfully connected to the console.
[    0.000000] Linux version 4.14.177-104.253.amzn2.x86_64 (mockbuild@ip-10-0-1-32) (gcc version 7.3.1 20180712 (Red Hat 7.3.1-6) (GCC)) #1 SMP Fri May 1 02:01:13 UTC 2020
[    0.000000] Command line: reboot=k panic=30 pci=off nomodules console=ttyS0 i8042.noaux i8042.nomux i8042.nopnp i8042.dumbkbd random.trust_cpu=on virtio_mmio.device=4K@0xd0000000:5 virtio_mmio.device=4K@0xd0001000:6
[    0.000000] x86/fpu: Supporting XSAVE feature 0x001: 'x87 floating point registers'
[    0.000000] x86/fpu: Supporting XSAVE feature 0x002: 'SSE registers'
[    0.000000] x86/fpu: Supporting XSAVE feature 0x004: 'AVX registers'
[    0.000000] x86/fpu: Supporting XSAVE feature 0x008: 'MPX bounds registers'
[    0.000000] x86/fpu: Supporting XSAVE feature 0x010: 'MPX CSR'
[    0.000000] x86/fpu: Supporting XSAVE feature 0x020: 'AVX-512 opmask'
[    0.000000] x86/fpu: Supporting XSAVE feature 0x040: 'AVX-512 Hi256'
[    0.000000] x86/fpu: Supporting XSAVE feature 0x080: 'AVX-512 ZMM_Hi256'
[    0.000000] x86/fpu: Supporting XSAVE feature 0x200: 'Protection Keys User registers'
[    0.000000] x86/fpu: xstate_offset[2]:  576, xstate_sizes[2]:  256
[    0.000000] x86/fpu: xstate_offset[3]:  832, xstate_sizes[3]:   64
[    0.000000] x86/fpu: xstate_offset[4]:  896, xstate_sizes[4]:   64
[    0.000000] x86/fpu: xstate_offset[5]:  960, xstate_sizes[5]:   64
[    0.000000] x86/fpu: xstate_offset[6]: 1024, xstate_sizes[6]:  512
[    0.000000] x86/fpu: xstate_offset[7]: 1536, xstate_sizes[7]: 1024
[    0.000000] x86/fpu: xstate_offset[9]: 2560, xstate_sizes[9]:    8
[    0.000000] x86/fpu: Enabled xstate features 0x2ff, context size is 2568 bytes, using 'compacted' format.
[    0.000000] e820: BIOS-provided physical RAM map:
[    0.000000] BIOS-e820: [mem 0x0000000000000000-0x000000000009fbff] usable
[    0.000000] BIOS-e820: [mem 0x0000000000100000-0x000000001f7fffff] usable
[    0.000000] NX (Execute Disable) protection: active
[    0.000000] DMI not present or invalid.
[    0.000000] Hypervisor detected: KVM
[    0.000000] tsc: Fast TSC calibration using PIT
[    0.000000] e820: last_pfn = 0x1f800 max_arch_pfn = 0x400000000
[    0.000000] MTRR: Disabled
[    0.000000] x86/PAT: MTRRs disabled, skipping PAT initialization too.
[    0.000000] CPU MTRRs all blank - virtualized system.
[    0.000000] x86/PAT: Configuration [0-7]: WB  WT  UC- UC  WB  WT  UC- UC  
[    0.000000] found SMP MP-table at [mem 0x0009fc00-0x0009fc0f]
[    0.000000] Scanning 1 areas for low memory corruption
[    0.000000] Using GB pages for direct mapping
[    0.000000] RAMDISK: [mem 0x02447000-0x0a967fff]
[    0.000000] No NUMA configuration found
[    0.000000] Faking a node at [mem 0x0000000000000000-0x000000001f7fffff]
[    0.000000] NODE_DATA(0) allocated [mem 0x1f7de000-0x1f7fffff]
[    0.000000] kvm-clock: Using msrs 4b564d01 and 4b564d00
[    0.000000] kvm-clock: cpu 0, msr 0:1f7dc001, primary cpu clock
[    0.000000] kvm-clock: using sched offset of 1781066324 cycles
[    0.000000] clocksource: kvm-clock: mask: 0xffffffffffffffff max_cycles: 0x1cd42e4dffb, max_idle_ns: 881590591483 ns
[    0.000000] Zone ranges:
[    0.000000]   DMA      [mem 0x0000000000001000-0x0000000000ffffff]
[    0.000000]   DMA32    [mem 0x0000000001000000-0x000000001f7fffff]
[    0.000000]   Normal   empty
[    0.000000] Movable zone start for each node
[    0.000000] Early memory node ranges
[    0.000000]   node   0: [mem 0x0000000000001000-0x000000000009efff]
[    0.000000]   node   0: [mem 0x0000000000100000-0x000000001f7fffff]
[    0.000000] Initmem setup node 0 [mem 0x0000000000001000-0x000000001f7fffff]
[    0.000000] Intel MultiProcessor Specification v1.4
[    0.000000] MPTABLE: OEM ID: FC      
[    0.000000] MPTABLE: Product ID: 000000000000
[    0.000000] MPTABLE: APIC at: 0xFEE00000
[    0.000000] Processor #0 (Bootup-CPU)
[    0.000000] Processor #1
[    0.000000] IOAPIC[0]: apic_id 3, version 17, address 0xfec00000, GSI 0-23
[    0.000000] Processors: 2
[    0.000000] smpboot: Allowing 2 CPUs, 0 hotplug CPUs
[    0.000000] PM: Registered nosave memory: [mem 0x00000000-0x00000fff]
[    0.000000] PM: Registered nosave memory: [mem 0x0009f000-0x000fffff]
[    0.000000] e820: [mem 0x1f800000-0xffffffff] available for PCI devices
[    0.000000] Booting paravirtualized kernel on KVM
[    0.000000] clocksource: refined-jiffies: mask: 0xffffffff max_cycles: 0xffffffff, max_idle_ns: 7645519600211568 ns
[    0.000000] random: get_random_bytes called from start_kernel+0x94/0x486 with crng_init=0
[    0.000000] setup_percpu: NR_CPUS:128 nr_cpumask_bits:128 nr_cpu_ids:2 nr_node_ids:1
[    0.000000] percpu: Embedded 41 pages/cpu s128600 r8192 d31144 u1048576
[    0.000000] KVM setup async PF for cpu 0
[    0.000000] kvm-stealtime: cpu 0, msr 1f415040
[    0.000000] PV qspinlock hash table entries: 256 (order: 0, 4096 bytes)
[    0.000000] Built 1 zonelists, mobility grouping on.  Total pages: 126889
[    0.000000] Policy zone: DMA32
[    0.000000] Kernel command line: reboot=k panic=30 pci=off nomodules console=ttyS0 i8042.noaux i8042.nomux i8042.nopnp i8042.dumbkbd random.trust_cpu=on virtio_mmio.device=4K@0xd0000000:5 virtio_mmio.device=4K@0xd0001000:6
[    0.000000] PID hash table entries: 2048 (order: 2, 16384 bytes)
[    0.000000] Memory: 351336K/515704K available (10252K kernel code, 653K rwdata, 1572K rodata, 1300K init, 2808K bss, 164368K reserved, 0K cma-reserved)
[    0.000000] SLUB: HWalign=64, Order=0-3, MinObjects=0, CPUs=2, Nodes=1
[    0.004000] Hierarchical RCU implementation.
[    0.004000] 	RCU restricting CPUs from NR_CPUS=128 to nr_cpu_ids=2.
[    0.004000] RCU: Adjusting geometry for rcu_fanout_leaf=16, nr_cpu_ids=2
[    0.004000] NR_IRQS: 4352, nr_irqs: 56, preallocated irqs: 16
[    0.004000] Console: colour dummy device 80x25
[    0.004000] console [ttyS0] enabled
[    0.004000] tsc: Detected 2499.998 MHz processor
[    0.004000] Calibrating delay loop (skipped) preset value.. 4999.99 BogoMIPS (lpj=9999992)
[    0.004000] pid_max: default: 32768 minimum: 301
[    0.004000] Security Framework initialized
[    0.004000] SELinux:  Initializing.
[    0.004000] Dentry cache hash table entries: 65536 (order: 7, 524288 bytes)
[    0.004000] Inode-cache hash table entries: 32768 (order: 6, 262144 bytes)
[    0.004000] Mount-cache hash table entries: 1024 (order: 1, 8192 bytes)
[    0.004000] Mountpoint-cache hash table entries: 1024 (order: 1, 8192 bytes)
[    0.004412] Last level iTLB entries: 4KB 64, 2MB 8, 4MB 8
[    0.004834] Last level dTLB entries: 4KB 64, 2MB 0, 4MB 0, 1GB 4
[    0.005331] unchecked MSR access error: RDMSR from 0x122 at rIP: 0xffffffff81038c76 (native_read_msr+0x6/0x20)
[    0.006068] Call Trace:
[    0.006277]  tsx_disable+0x14/0x40
[    0.006533]  tsx_init+0xdf/0x134
[    0.006791]  identify_boot_cpu+0x78/0x7a
[    0.007100]  check_bugs+0x25/0x954
[    0.007380]  ? kmem_cache_alloc+0x132/0x140
[    0.008005]  start_kernel+0x45b/0x486
[    0.008276]  x86_64_start_reservations+0x2a/0x2c
[    0.008613]  x86_64_start_kernel+0x72/0x75
[    0.008914]  secondary_startup_64+0xa5/0xb0
[    0.009221] unchecked MSR access error: WRMSR to 0x122 (tried to write 0x0000000000000003) at rIP: 0xffffffff81038cb8 (native_write_msr+0x8/0x10)
[    0.010219] Call Trace:
[    0.010417]  tsx_disable+0x2e/0x40
[    0.010688]  tsx_init+0xdf/0x134
[    0.010946]  identify_boot_cpu+0x78/0x7a
[    0.011256]  check_bugs+0x25/0x954
[    0.011527]  ? kmem_cache_alloc+0x132/0x140
[    0.011859]  start_kernel+0x45b/0x486
[    0.012003]  x86_64_start_reservations+0x2a/0x2c
[    0.012367]  x86_64_start_kernel+0x72/0x75
[    0.012711]  secondary_startup_64+0xa5/0xb0
[    0.013056] Spectre V1 : Mitigation: usercopy/swapgs barriers and __user pointer sanitization
[    0.013734] Spectre V2 : Mitigation: Enhanced IBRS
[    0.014103] Spectre V2 : Spectre v2 / SpectreRSB mitigation: Filling RSB on context switch
[    0.014709] Spectre V2 : mitigation: Enabling conditional Indirect Branch Prediction Barrier
[    0.015352] Speculative Store Bypass: Mitigation: Speculative Store Bypass disabled via prctl and seccomp
[    0.016002] TAA: Mitigation: TSX disabled
[    0.016545] Freeing SMP alternatives memory: 32K
[    0.018662] smpboot: Max logical packages: 2
[    0.019135] x2apic enabled
[    0.019511] Switched APIC routing to physical x2apic.
[    0.020771] ..TIMER: vector=0x30 apic1=0 pin1=0 apic2=-1 pin2=-1
[    0.021241] smpboot: CPU0: Intel(R) Xeon(R) Processor @ 2.50GHz (family: 0x6, model: 0x55, stepping: 0x7)
[    0.022025] Performance Events: unsupported p6 CPU model 85 no PMU driver, software events only.
[    0.022736] Hierarchical SRCU implementation.
[    0.023483] smp: Bringing up secondary CPUs ...
[    0.023945] x86: Booting SMP configuration:
[    0.024000] .... node  #0, CPUs:      #1
[    0.004000] kvm-clock: cpu 1, msr 0:1f7dc041, secondary cpu clock
[    0.024108] KVM setup async PF for cpu 1
[    0.024291] kvm-stealtime: cpu 1, msr 1f515040
[    0.024767] smp: Brought up 1 node, 2 CPUs
[    0.024767] smpboot: Total of 2 processors activated (9999.99 BogoMIPS)
[    0.024966] devtmpfs: initialized
[    0.024966] x86/mm: Memory block size: 128MB
[    0.024966] clocksource: jiffies: mask: 0xffffffff max_cycles: 0xffffffff, max_idle_ns: 7645041785100000 ns
[    0.024966] futex hash table entries: 512 (order: 3, 32768 bytes)
[    0.028256] NET: Registered protocol family 16
[    0.028766] cpuidle: using governor ladder
[    0.028766] cpuidle: using governor menu
[    0.033105] HugeTLB registered 1.00 GiB page size, pre-allocated 0 pages
[    0.033105] HugeTLB registered 2.00 MiB page size, pre-allocated 0 pages
[    0.033105] SCSI subsystem initialized
[    0.033105] pps_core: LinuxPPS API ver. 1 registered
[    0.033105] pps_core: Software ver. 5.3.6 - Copyright 2005-2007 Rodolfo Giometti <giometti@linux.it>
[    0.033490] PTP clock support registered
[    0.036014] dmi: Firmware registration failed.
[    0.036478] NetLabel: Initializing
[    0.036738] NetLabel:  domain hash size = 128
[    0.037062] NetLabel:  protocols = UNLABELED CIPSOv4 CALIPSO
[    0.037496] NetLabel:  unlabeled traffic allowed by default
[    0.037951] clocksource: Switched to clocksource kvm-clock
[    0.038379] VFS: Disk quotas dquot_6.6.0
[    0.038681] VFS: Dquot-cache hash table entries: 512 (order 0, 4096 bytes)
[    0.039269] NET: Registered protocol family 2
[    0.039593] TCP established hash table entries: 4096 (order: 3, 32768 bytes)
[    0.040129] TCP bind hash table entries: 4096 (order: 4, 65536 bytes)
[    0.040606] TCP: Hash tables configured (established 4096 bind 4096)
[    0.041090] UDP hash table entries: 256 (order: 1, 8192 bytes)
[    0.041521] UDP-Lite hash table entries: 256 (order: 1, 8192 bytes)
[    0.042057] NET: Registered protocol family 1
[    0.042480] RPC: Registered named UNIX socket transport module.
[    0.042942] RPC: Registered udp transport module.
[    0.043295] RPC: Registered tcp transport module.
[    0.043646] RPC: Registered tcp NFSv4.1 backchannel transport module.
[    0.044172] Unpacking initramfs...
[    0.280240] Freeing initrd memory: 136324K
[    0.280626] virtio-mmio: Registering device virtio-mmio.0 at 0xd0000000-0xd0000fff, IRQ 5.
[    0.281277] virtio-mmio: Registering device virtio-mmio.1 at 0xd0001000-0xd0001fff, IRQ 6.
[    0.281965] clocksource: tsc: mask: 0xffffffffffffffff max_cycles: 0x240937b9988, max_idle_ns: 440795218083 ns
[    0.282730] platform rtc_cmos: registered platform RTC device (no PNP device found)
[    0.283837] Scanning for low memory corruption every 60 seconds
[    0.284553] audit: initializing netlink subsys (disabled)
[    0.285185] Initialise system trusted keyrings
[    0.285533] Key type blacklist registered
[    0.285846] audit: type=2000 audit(1613597056.591:1): state=initialized audit_enabled=0 res=1
[    0.286492] workingset: timestamp_bits=36 max_order=17 bucket_order=0
[    0.287736] zbud: loaded
[    0.289422] squashfs: version 4.0 (2009/01/31) Phillip Lougher
[    0.289995] NFS: Registering the id_resolver key type
[    0.290377] Key type id_resolver registered
[    0.290688] Key type id_legacy registered
[    0.290989] nfs4filelayout_init: NFSv4 File Layout Driver Registering...
[    0.293150] Key type asymmetric registered
[    0.293498] Asymmetric key parser 'x509' registered
[    0.293881] Block layer SCSI generic (bsg) driver version 0.4 loaded (major 252)
[    0.294459] io scheduler noop registered (default)
[    0.294842] io scheduler cfq registered
[    0.295213] virtio-mmio virtio-mmio.0: Failed to enable 64-bit or 32-bit DMA.  Trying to continue, but this might not work.
[    0.296135] virtio-mmio virtio-mmio.1: Failed to enable 64-bit or 32-bit DMA.  Trying to continue, but this might not work.
[    0.297040] Serial: 8250/16550 driver, 1 ports, IRQ sharing disabled
[    0.318756] serial8250: ttyS0 at I/O 0x3f8 (irq = 4, base_baud = 115200) is a U6_16550A
[    0.320847] loop: module loaded
[    0.321137] Loading iSCSI transport class v2.0-870.
[    0.321602] iscsi: registered transport (tcp)
[    0.321970] tun: Universal TUN/TAP device driver, 1.6
[    0.322469] hidraw: raw HID events driver (C) Jiri Kosina
[    0.322977] nf_conntrack version 0.5.0 (4096 buckets, 16384 max)
[    0.323556] ip_tables: (C) 2000-2006 Netfilter Core Team
[    0.324165] Initializing XFRM netlink socket
[    0.324597] NET: Registered protocol family 10
[    0.325360] Segment Routing with IPv6
[    0.325651] NET: Registered protocol family 17
[    0.325999] Bridge firewalling registered
[    0.326341] Key type dns_resolver registered
[    0.326729] NET: Registered protocol family 40
[    0.327429] sched_clock: Marking stable (326698643, 0)->(383111178, -56412535)
[    0.328170] registered taskstats version 1
[    0.328480] Loading compiled-in X.509 certificates
[    0.329500] Loaded X.509 cert 'Build time autogenerated kernel key: c582bb2a1fdabdd195bbc9c8840fff8158852907'
[    0.330236] zswap: loaded using pool lzo/zbud
[    0.330772] Key type encrypted registered
[    0.332269] Freeing unused kernel memory: 1300K
[    0.348109] Write protecting the kernel read-only data: 14336k
[    0.349932] Freeing unused kernel memory: 2016K
[    0.351170] Freeing unused kernel memory: 476K
[    0.351774] nsm: loading out-of-tree module taints kernel.
[    0.352211] nsm: module verification failed: signature and/or required key missing - tainting kernel
.
..
MESSAGE PRINTING TEST AOLDKCMADLCCMKL:test/[    0.357605] random: kmstool_enclave: uninitialized urandom read (32 bytes read)
[    0.358147] random: kmstool_enclave: uninitialized urandom read (32 bytes read)
[    0.359013] random: crng init done
Awaiting connection...
Connected peer
Object = { "Operation": "SetClient", "AwsAccessKeyId": "ASIA3LBHUAKMLVD6HNDM", "AwsSecretAccessKey": "5EoFS7MTjRcQXDQJMAesi2HreyK6BCxbfOwZHc3f", "AwsSessionToken": "IQoJb3JpZ2luX2VjEF0aCXVzLXdlc3QtMiJIMEYCIQDfbJIDdQ+dkGKM9MaW0pjPJ6F+FsEQu9ovBDzroaubYQIhANPaBF5EeV1yULCS7mzFapSG1il86yeTGFhegCQbufGbKrQDCGYQAhoMNzc5NjE5NjY0NTM2IgwrttWg5WQlNKfqioUqkQO9iQmdiHS9qZ9PtFPWAGhs\/HOpRIESdnkud4dktmi0rqYmo77PSQU68HoHoJjeCrEAYElL0RJFq2xWrFFrv1Qudo9ZbDxIxKq+eX7\/VF0PMw5HBlILdx8LIzRlCALic26hmRR4rYUYumSMdztvkm\/+Lha7N4mlxi7FtRaC8L6BuviLgoAqHbjPfpKxzHl0H+ILD3XTBZhb3pkECYgpxsabnegA4OKHI9cOc7oR4U5rk+CfQm2108gZP9CPK2B0PrOxB9rYcEMHCrpzo8hz4VYQPNUvPRFUm8xMMstMSLw4thHHeZHNhgc10C5BZwVmqsYOFq60O6r8MDs0Z2f2Or7u\/cwIU\/eZeX3PfukfPb9gpS+qZt2XNBoGOC83elEtnbGUPGMV+rfEBZEp1boUfoqQNTwyNHZow\/zydexqNHW13Db8Mewu1hlugqyq6ja0sIi6bto3\/XbacjnbjU35zSlVyQzRoyc5vNSDCxgAwWI1U0kHuJckA5krY52goG1HWNyuIYTmrLuvIc1B60cO2LMt9zDc+7WBBjrqAQQ2KVgzZJhIG8Go6mo0pNXo9w+X5dfodWt5txHBfz3iMLmLEqA6TgZA\/6KVG\/ecg\/f+T\/czckKADzQEVyUTT8oyFQwzNVCbTpq+NR7qHzTeSYbjtOkuvahPMgQ4khVsjpjA8qKa5zYGV3lahzQHDifFfN6HCw8RfNnm0+mMNp7E0f2MEKI90TialwSaJVzPfAItVlaD8EZjL99zBlBtY75rduVVlUDGb1amYcYIAZi+x+977sfL1f0jTP4bulShzsHLoHsk8bL7VT8OuuJZs7brxirCGBCRcFlT359Wh9XWSzAM1DkW2UYFoA==" }
[INFO] [2021-02-17T21:24:25Z] [00007f3d20d80880] [tls-handler] - ctx: cannot enable ocsp stapling: OCSP stapling was requested, but is not supported
[INFO] [2021-02-17T21:24:25Z] [00007f3d20d80880] [event-loop] - id=0x175d2b0: Initializing edge-triggered epoll
[INFO] [2021-02-17T21:24:25Z] [00007f3d20d80880] [event-loop] - id=0x175d2b0: Using eventfd for cross-thread notifications.
[INFO] [2021-02-17T21:24:25Z] [00007f3d20d80880] [event-loop] - id=0x175d2b0: Starting event-loop thread.
[INFO] [2021-02-17T21:24:25Z] [00007f3d20d80880] [event-loop] - id=0x1837ca0: Initializing edge-triggered epoll
[INFO] [2021-02-17T21:24:25Z] [00007f3d20d80880] [event-loop] - id=0x1837ca0: Using eventfd for cross-thread notifications.
[INFO] [2021-02-17T21:24:25Z] [00007f3d20d80880] [event-loop] - id=0x1837ca0: Starting event-loop thread.
[INFO] [2021-02-17T21:24:25Z] [00007f3d20d80880] [dns] - id=0x1845c90: Initializing default host resolver with 8 max host entries.
[INFO] [2021-02-17T21:24:25Z] [00007f3d20d80880] [channel-bootstrap] - id=0x1845ba0: Initializing client bootstrap with event-loop group 0x1845d80
[WARN] [2021-02-17T21:24:25Z] [00007f3d20d80880] [socket] - id=0x1847420 fd=10: setsockopt() for NO_SIGNAL failed with errno 92. If you are having SIGPIPE signals thrown, you may want to install a signal trap in your application layer.
[INFO] [2021-02-17T21:24:25Z] [00007f3d1e9a5700] [event-loop] - id=0x1837ca0: main loop started
[INFO] [2021-02-17T21:24:25Z] [00007f3d1e9a5700] [event-loop] - id=0x1837ca0: default timeout 100000, and max events to process per tick 100
[INFO] [2021-02-17T21:24:25Z] [00007f3d1f1a6700] [event-loop] - id=0x175d2b0: main loop started
[INFO] [2021-02-17T21:24:25Z] [00007f3d1f1a6700] [event-loop] - id=0x175d2b0: default timeout 100000, and max events to process per tick 100
[INFO] [2021-02-17T21:24:25Z] [00007f3d1f1a6700] [socket] - id=0x1847420 fd=10: connection success
Connected.
[INFO] [2021-02-17T21:24:25Z] [00007f3d1f1a6700] [http-connection] - id=0x7f3d14016f80: HTTP/1.1 client connection established.
Object = { "Operation": "Decrypt", "command": "AQICAHjDlQ35nIiO6k4cvEcJooGbQY3jNzV\/jZYVN8q3cCqdMAED6Imi8emceEYCwEsGBZC9AAAAaDBmBgkqhkiG9w0BBwagWTBXAgEAMFIGCSqGSIb3DQEHATAeBglghkgBZQMEAS4wEQQM8ee9fa9WcmYIiiCWAgEQgCUtpDAIMs6qzeWqmL0m9NNtKjz8NtTUvlK4ehyV7zcbguyM\/mkh" }
decrypt request string:{ "CiphertextBlob": "AQICAHjDlQ35nIiO6k4cvEcJooGbQY3jNzV\/jZYVN8q3cCqdMAED6Imi8emceEYCwEsGBZC9AAAAaDBmBgkqhkiG9w0BBwagWTBXAgEAMFIGCSqGSIb3DQEHATAeBglghkgBZQMEAS4wEQQM8ee9fa9WcmYIiiCWAgEQgCUtpDAIMs6qzeWqmL0m9NNtKjz8NtTUvlK4ehyV7zcbguyM\/mkh", "Recipient": { "KeyEncryptionAlgorithm": "RSAES_OAEP_SHA_256", "AttestationDocument": "hEShATgioFkR6KlpbW9kdWxlX2lkeCdpLTBjNmI5Yzc1NDNmYzMyYzQwLWVuYzAxNzdiMWUxMTRlNzdmMDlmZGlnZXN0ZlNIQTM4NGl0aW1lc3RhbXAbAAABd7HhQV5kcGNyc7AAWDAAAAAAAAAAAAAAAAAAAAAAAAAAAAAAAAAAAAAAAAAAAAAAAAAAAAAAAAAAAAAAAAABWDAAAAAAAAAAAAAAAAAAAAAAAAAAAAAAAAAAAAAAAAAAAAAAAAAAAAAAAAAAAAAAAAACWDAAAAAAAAAAAAAAAAAAAAAAAAAAAAAAAAAAAAAAAAAAAAAAAAAAAAAAAAAAAAAAAAADWDA1\/yiBZ20sbJotGsvz4cyiSfI1W9Pzujc1Vd435IivLynVzgNsaCXTFoIt6rPKHckEWDBN7x6BAVxN86kBVFGL1ueM0IvQQZ4vIUNBdsVueIZYtwi0E6iu7ufd4mvvpkbTx8wFWDAAAAAAAAAAAAAAAAAAAAAAAAAAAAAAAAAAAAAAAAAAAAAAAAAAAAAAAAAAAAAAAAAGWDAAAAAAAAAAAAAAAAAAAAAAAAAAAAAAAAAAAAAAAAAAAAAAAAAAAAAAAAAAAAAAAAAHWDAAAAAAAAAAAAAAAAAAAAAAAAAAAAAAAAAAAAAAAAAAAAAAAAAAAAAAAAAAAAAAAAAIWDAAAAAAAAAAAAAAAAAAAAAAAAAAAAAAAAAAAAAAAAAAAAAAAAAAAAAAAAAAAAAAAAAJWDAAAAAAAAAAAAAAAAAAAAAAAAAAAAAAAAAAAAAAAAAAAAAAAAAAAAAAAAAAAAAAAAAKWDAAAAAAAAAAAAAAAAAAAAAAAAAAAAAAAAAAAAAAAAAAAAAAAAAAAAAAAAAAAAAAAAALWDAAAAAAAAAAAAAAAAAAAAAAAAAAAAAAAAAAAAAAAAAAAAAAAAAAAAAAAAAAAAAAAAAMWDAAAAAAAAAAAAAAAAAAAAAAAAAAAAAAAAAAAAAAAAAAAAAAAAAAAAAAAAAAAAAAAAANWDAAAAAAAAAAAAAAAAAAAAAAAAAAAAAAAAAAAAAAAAAAAAAAAAAAAAAAAAAAAAAAAAAOWDAAAAAAAAAAAAAAAAAAAAAAAAAAAAAAAAAAAAAAAAAAAAAAAAAAAAAAAAAAAAAAAAAPWDAAAAAAAAAAAAAAAAAAAAAAAAAAAAAAAAAAAAAAAAAAAAAAAAAAAAAAAAAAAAAAAABrY2VydGlmaWNhdGVZAn8wggJ7MIICAaADAgECAhABd7HhFOd\/CQAAAABgLYmJMAoGCCqGSM49BAMDMIGOMQswCQYDVQQGEwJVUzETMBEGA1UECAwKV2FzaGluZ3RvbjEQMA4GA1UEBwwHU2VhdHRsZTEPMA0GA1UECgwGQW1hem9uMQwwCgYDVQQLDANBV1MxOTA3BgNVBAMMMGktMGM2YjljNzU0M2ZjMzJjNDAudXMtd2VzdC0yLmF3cy5uaXRyby1lbmNsYXZlczAeFw0yMTAyMTcyMTI0MjVaFw0yMTAyMTgwMDI0MjVaMIGTMQswCQYDVQQGEwJVUzETMBEGA1UECAwKV2FzaGluZ3RvbjEQMA4GA1UEBwwHU2VhdHRsZTEPMA0GA1UECgwGQW1hem9uMQwwCgYDVQQLDANBV1MxPjA8BgNVBAMMNWktMGM2YjljNzU0M2ZjMzJjNDAtZW5jMDE3N2IxZTExNGU3N2YwOS51cy13ZXN0LTIuYXdzMHYwEAYHKoZIzj0CAQYFK4EEACIDYgAEvsZ8CBlFdZ6Kn0zjZFJ39lfue8HaM\/pgsVbsaVhNbusln+Ed2YQAOGXmRb\/G8\/NSSDtv8d54reBmU3Q6bGrSc+RrWS21B8Vb\/Z6ALn84SBs1NfIWNrRzaJZH\/zTv28wjox0wGzAMBgNVHRMBAf8EAjAAMAsGA1UdDwQEAwIGwDAKBggqhkjOPQQDAwNoADBlAjAQamh4UOICNgACNWDhE9wU3qEKlASeCLo52uVxgRZdrBeFHACn8H57nf7+Yn7eBUACMQCVXKdMq\/zfd8KRU0nJYlt0r6tYyJILcHHZQvJNDi5pPGDFgFOjVrWkYE59SrAUxs9oY2FidW5kbGWEWQIVMIICETCCAZagAwIBAgIRAPkxdWgbkK\/hHUbMtOTn+FYwCgYIKoZIzj0EAwMwSTELMAkGA1UEBhMCVVMxDzANBgNVBAoMBkFtYXpvbjEMMAoGA1UECwwDQVdTMRswGQYDVQQDDBJhd3Mubml0cm8tZW5jbGF2ZXMwHhcNMTkxMDI4MTMyODA1WhcNNDkxMDI4MTQyODA1WjBJMQswCQYDVQQGEwJVUzEPMA0GA1UECgwGQW1hem9uMQwwCgYDVQQLDANBV1MxGzAZBgNVBAMMEmF3cy5uaXRyby1lbmNsYXZlczB2MBAGByqGSM49AgEGBSuBBAAiA2IABPwCVOumCMHzaHDimtqQvkY4MpJzbolL\/\/Zy2YlES1BR5TSksfbb48C8WBoyt7F2Bw7eEtaaP+ohG2bnUs990d0JX28TcPQXCEPZ3BABIeTPYwEoCWZEh8l5YoQwTcU\/9KNCMEAwDwYDVR0TAQH\/BAUwAwEB\/zAdBgNVHQ4EFgQUkCW1DdkFR+eWw5b6cp3PmanfS5YwDgYDVR0PAQH\/BAQDAgGGMAoGCCqGSM49BAMDA2kAMGYCMQCjfy+Rocm9Xue4YnwWmNJVA44fA0P5W2OpYow9OYCVRaEevL8uO1XYru5xtMPWrfMCMQCi85sWBbJwKKXdS6BptQFuZbT73o\/gBh1qUxl\/nNr12UO8Yfwr6wPLb+6NIwLz3\/ZZAsMwggK\/MIICRaADAgECAhEA\/EbslwOrgtCCyu77jXpqsDAKBggqhkjOPQQDAzBJMQswCQYDVQQGEwJVUzEPMA0GA1UECgwGQW1hem9uMQwwCgYDVQQLDANBV1MxGzAZBgNVBAMMEmF3cy5uaXRyby1lbmNsYXZlczAeFw0yMTAyMTIyMzUzMDBaFw0yMTAzMDUwMDUzMDBaMGQxCzAJBgNVBAYTAlVTMQ8wDQYDVQQKDAZBbWF6b24xDDAKBgNVBAsMA0FXUzE2MDQGA1UEAwwtNTQzMDA2ODQ3ZmJjN2RmMS51cy13ZXN0LTIuYXdzLm5pdHJvLWVuY2xhdmVzMHYwEAYHKoZIzj0CAQYFK4EEACIDYgAEC3cPTYK1zfzY5gI0jJv7QydIhHZC2EYSiR5qgPIOwckVZxxth78CZNGTmlEr61WDEzflMD+2gATVXWx41cf+heVjhcqyZl5H2psPtApu2WVAdqYdPn2MWRfJrWb2+AIgo4HVMIHSMBIGA1UdEwEB\/wQIMAYBAf8CAQIwHwYDVR0jBBgwFoAUkCW1DdkFR+eWw5b6cp3PmanfS5YwHQYDVR0OBBYEFIakBhZgij5x73ka3qDUQHkLhbcVMA4GA1UdDwEB\/wQEAwIBhjBsBgNVHR8EZTBjMGGgX6BdhltodHRwOi8vYXdzLW5pdHJvLWVuY2xhdmVzLWNybC5zMy5hbWF6b25hd3MuY29tL2NybC9hYjQ5NjBjYy03ZDYzLTQyYmQtOWU5Zi01OTMzOGNiNjdmODQuY3JsMAoGCCqGSM49BAMDA2gAMGUCMDyiTyRrJ4i6aKlmoZ1RaaeOB7942BlUdd3vAMXukIgHeB+gDSQMOAcgqRu5yxSKDwIxAOGw1qS\/LycvL+kmjf8z8J78xxIvaYds4RGf8TeuJHv1J37PcpE8Xo7mjpUJSgfJ+1kDGDCCAxQwggKaoAMCAQICEBJlqhwDIe57\/CO5NQVszvUwCgYIKoZIzj0EAwMwZDELMAkGA1UEBhMCVVMxDzANBgNVBAoMBkFtYXpvbjEMMAoGA1UECwwDQVdTMTYwNAYDVQQDDC01NDMwMDY4NDdmYmM3ZGYxLnVzLXdlc3QtMi5hd3Mubml0cm8tZW5jbGF2ZXMwHhcNMjEwMjE3MTUxMDAzWhcNMjEwMjIzMTYxMDAyWjCBiTE8MDoGA1UEAwwzYzlhNWRmOTNhZjJlMmRmNy56b25hbC51cy13ZXN0LTIuYXdzLm5pdHJvLWVuY2xhdmVzMQwwCgYDVQQLDANBV1MxDzANBgNVBAoMBkFtYXpvbjELMAkGA1UEBhMCVVMxCzAJBgNVBAgMAldBMRAwDgYDVQQHDAdTZWF0dGxlMHYwEAYHKoZIzj0CAQYFK4EEACIDYgAEX0DGU12l5+vIV7Mt2Qjyo9hMshVkwu5\/U9GJpW7BenENEWOhUgfY0s\/p9xJFqNbPm1WCOjXeDndOHNwB2wawjKZUN2eEVaZaq\/WF8Z\/TzbgvgPlYQyP4neBOupBuJJJho4HqMIHnMBIGA1UdEwEB\/wQIMAYBAf8CAQEwHwYDVR0jBBgwFoAUhqQGFmCKPnHveRreoNRAeQuFtxUwHQYDVR0OBBYEFDVpkw\/mZlWHMxHUyDpECG48PKt6MA4GA1UdDwEB\/wQEAwIBhjCBgAYDVR0fBHkwdzB1oHOgcYZvaHR0cDovL2NybC11cy13ZXN0LTItYXdzLW5pdHJvLWVuY2xhdmVzLnMzLnVzLXdlc3QtMi5hbWF6b25hd3MuY29tL2NybC8zNzJkZWZhYy1iYWNjLTQ5OTAtODBlNi1kZmNjNjY1NjdmMjYuY3JsMAoGCCqGSM49BAMDA2gAMGUCMBRKpArqXoLH+3OM9KAvw0bV6gJbVqK8v3y35BF436rMBLQ+Vd1llHC9aWy2LTqnmwIxANvqMdwDtSclOAZoq1g6Z+RP55bmd0DOgdX\/lclUPu3FqAfaC3wLbad7lDBHj\/bD4lkCgzCCAn8wggIFoAMCAQICFQDo6zoEhcr5g2iVt8sreJ1iINf\/XzAKBggqhkjOPQQDAzCBiTE8MDoGA1UEAwwzYzlhNWRmOTNhZjJlMmRmNy56b25hbC51cy13ZXN0LTIuYXdzLm5pdHJvLWVuY2xhdmVzMQwwCgYDVQQLDANBV1MxDzANBgNVBAoMBkFtYXpvbjELMAkGA1UEBhMCVVMxCzAJBgNVBAgMAldBMRAwDgYDVQQHDAdTZWF0dGxlMB4XDTIxMDIxNzIwMDM0NFoXDTIxMDIxODIwMDM0NFowgY4xCzAJBgNVBAYTAlVTMRMwEQYDVQQIDApXYXNoaW5ndG9uMRAwDgYDVQQHDAdTZWF0dGxlMQ8wDQYDVQQKDAZBbWF6b24xDDAKBgNVBAsMA0FXUzE5MDcGA1UEAwwwaS0wYzZiOWM3NTQzZmMzMmM0MC51cy13ZXN0LTIuYXdzLm5pdHJvLWVuY2xhdmVzMHYwEAYHKoZIzj0CAQYFK4EEACIDYgAE5x9HLIVKjTq861\/Wbm4jmNmXQGK8JAhUVYLRy2l\/2Zr2JldPHD6alM2nfKzlGuGVdpAGQXpqw5pI4LUG7H\/AcQwtHMk30aRdxytq64LL2KuuYbWpdI8elEPevd+Gvx0DoyYwJDASBgNVHRMBAf8ECDAGAQH\/AgEAMA4GA1UdDwEB\/wQEAwICBDAKBggqhkjOPQQDAwNoADBlAjB67J2tjHqPY8UtyFf1QiOVWVI7M0CQIT1eF6TU9X0XSd5dzRUu+mi6B0dBb6aIEyUCMQCUge+JYei9DMEFIPXETSDRA8BzbwXg\/n1w4qDTXPoojpDM45oeiv8K7aZdHN2wvGpqcHVibGljX2tleVkBJjCCASIwDQYJKoZIhvcNAQEBBQADggEPADCCAQoCggEBAOe24L56b35tpf+q6TlHsPzad6OqpSYzxEL4XQvUJTiw2IkvzuGSGhSEqJ3g3icYhLlMj7GJ3TfGXFUTWDUOKIZh19wFok0eGZxZflJt2AqvseJxedtuc17z1nIGOOVV0aKQsyrWN4y\/OsE1qQpqf9KcAB7mnmHoyEFEbGR2BBwD87zdi7bDyZg9EIl4NfLgr0Rb7Amrd9o1ShPZqPni6WBnqJOEtGFrZc+09seB3TmS+sW7rcE+Zbwe8Cw1+seriG0U08pKbZKiUiZHwzDBQ1lmHN6WdBuMlaWY1RF9vhPW9cCdiOs8XT9R\/\/QS0gMmWiPz4ZQRE1XMCmmkYzfEeSUCAwEAAWl1c2VyX2RhdGH2ZW5vbmNl9lhgo81+4m1IOimS2P188rjI0GT\/BoCaDvOJVrfeHtpDyaJCQnPOtzf6HzUaMdA+urnjM76M\/LtAjhLyABGNxQm5Yp5GsgMZhZ+F0Ze2nYefnb7QIKtegeNb\/fxdvVBx9KED" } }
[INFO] [2021-02-17T21:24:25Z] [00007f3d20d80880] [AuthSigning] - (id=0x1837450) Signing successfully built canonical request for algorithm SigV4, with contents 
POST
/

content-length:6636
content-type:application/x-amz-json-1.1
host:kms.us-west-2.amazonaws.com
x-amz-content-sha256:7ee4cdf85de299998c0b07199ccad855a242fab77b78e04c82bb766dc3821a06
x-amz-date:20210217T212425Z
x-amz-security-token:IQoJb3JpZ2luX2VjEF0aCXVzLXdlc3QtMiJIMEYCIQDfbJIDdQ+dkGKM9MaW0pjPJ6F+FsEQu9ovBDzroaubYQIhANPaBF5EeV1yULCS7mzFapSG1il86yeTGFhegCQbufGbKrQDCGYQAhoMNzc5NjE5NjY0NTM2IgwrttWg5WQlNKfqioUqkQO9iQmdiHS9qZ9PtFPWAGhs/HOpRIESdnkud4dktmi0rqYmo77PSQU68HoHoJjeCrEAYElL0RJFq2xWrFFrv1Qudo9ZbDxIxKq+eX7/VF0PMw5HBlILdx8LIzRlCALic26hmRR4rYUYumSMdztvkm/+Lha7N4mlxi7FtRaC8L6BuviLgoAqHbjPfpKxzHl0H+ILD3XTBZhb3pkECYgpxsabnegA4OKHI9cOc7oR4U5rk+CfQm2108gZP9CPK2B0PrOxB9rYcEMHCrpzo8hz4VYQPNUvPRFUm8xMMstMSLw4thHHeZHNhgc10C5BZwVmqsYOFq60O6r8MDs0Z2f2Or7u/cwIU/eZeX3PfukfPb9gpS+qZt2XNBoGOC83elEtnbGUPGMV+rfEBZEp1boUfoqQNTwyNHZow/zydexqNHW13Db8Mewu1hlugqyq6ja0sIi6bto3/XbacjnbjU35zSlVyQzRoyc5vNSDCxgAwWI1U0kHuJckA5krY52goG1HWNyuIYTmrLuvIc1B60cO2LMt9zDc+7WBBjrqAQQ2KVgzZJhIG8Go6mo0pNXo9w+X5dfodWt5txHBfz3iMLmLEqA6TgZA/6KVG/ecg/f+T/czckKADzQEVyUTT8oyFQwzNVCbTpq+NR7qHzTeSYbjtOkuvahPMgQ4khVsjpjA8qKa5zYGV3lahzQHDifFfN6HCw8RfNnm0+mMNp7E0f2MEKI90TialwSaJVzPfAItVlaD8EZjL99zBlBtY75rduVVlUDGb1amYcYIAZi+x+977sfL1f0jTP4bulShzsHLoHsk8bL7VT8OuuJZs7brxirCGBCRcFlT359Wh9XWSzAM1DkW2UYFoA==
x-amz-target:TrentService.Decrypt

content-length;content-type;host;x-amz-content-sha256;x-amz-date;x-amz-security-token;x-amz-target
7ee4cdf85de299998c0b07199ccad855a242fab77b78e04c82bb766dc3821a06

[INFO] [2021-02-17T21:24:25Z] [00007f3d20d80880] [AuthSigning] - (id=0x1837450) Signing successfully built string-to-sign via algorithm SigV4, with contents 
AWS4-HMAC-SHA256
20210217T212425Z
20210217/us-west-2/kms/aws4_request
f734df013bb71d4932fa46dbb20eab83262b340c910e47aa152af1fab6d43405

[INFO] [2021-02-17T21:24:25Z] [00007f3d20d80880] [AuthSigning] - (id=0x1837450) Http request successfully built final authorization value via algorithm SigV4, with contents 
AWS4-HMAC-SHA256 Credential=ASIA3LBHUAKMLVD6HNDM/20210217/us-west-2/kms/aws4_request, SignedHeaders=content-length;content-type;host;x-amz-content-sha256;x-amz-date;x-amz-security-token;x-amz-target, Signature=82e21d3c7b7ef068c3309280460a5a61722b32fe0720278a027076aa3a96697f

decrypt response string:{"CiphertextForRecipient":"MIAGCSqGSIb3DQEHA6CAMIACAQIxggFrMIIBZwIBAoAgwhEVY+zGGXJ+udwxdtldGDFmg1060rjjMpLW1Qi5okIwPAYJKoZIhvcNAQEHMC+gDzANBglghkgBZQMEAgEFAKEcMBoGCSqGSIb3DQEBCDANBglghkgBZQMEAgEFAASCAQAxq3eCBibRvIDnP5Q1f49L1rZ+A92L0wJitnt7rzZLQQE8rDm+odmEJG+lvVgfcv1vD17xiVRmaDT5l4l19NMJmFGUUm7dui8bCZPPMcLw5jdHOCduIPqt3gAXAiXg37frEEv4f4KS5vgSqm5dPwaNEnJB5m2EiSJPfJH50b3U5UFutyOsb7uVfJIe8ekHHziscYyOk4Wfj56tXsxvNSkifZmq91Ns0lhDT4OZ1Cxu5BWbkDdtB6lrrnr+VoAxbJdDsRnD1fhg5DLugvimFHR0J41ENanvWtBGTkxMC3VEIhE16aFygj2XOJDPt8YCzJtGW00M5YOEZf/Ew6sQYbI7MIAGCSqGSIb3DQEHATAdBglghkgBZQMEASoEEFeMp36wdeuvCvtDkfYaK1OggAQQFH3Ob71wOM9D66Tujxs1AgAAAAAAAAAAAAA=","EncryptionAlgorithm":"SYMMETRIC_DEFAULT","KeyId":"arn:aws:kms:us-west-2:779619664536:key/d3a3ce82-5390-49d8-bd77-400ebbe77946"}
{ "00000002": "1" }
ÅΩ≠7˝Ÿ;i‹⁄–∞≤ﬁcù˛w⁄ó%»DÎ`è&I©∆û
encoded reencrypted gb2tN/0b2Ttp3NrQsLLeY53+d9qXJchE62CPJkmpxp4=
Deeplearningisnotoriouslyreferredtoasablackboxtechnique,andwithreasonablecause.WhiletraditionalstatisticallearningmethodslikeregressionandBayesianmodelinghelpresearchersdrawdirectconnectionsbetweenfeaturesandpredictions,deepneuralnetworksrequirecomplexcompositionsofmanytomanyfunctions.Layeredarchitecturesenableuniversalapproximationbutmakeitdifficulttorecognizeandreacttocostlymista
[INFO] [2021-02-17T21:24:25Z] [00007f3d20d80880] [AuthSigning] - (id=0x1827610) Signing successfully built canonical request for algorithm SigV4, with contents 
POST
/

content-length:620
content-type:application/x-amz-json-1.1
host:kms.us-west-2.amazonaws.com
x-amz-content-sha256:4251fcea8963a0c006b48e028663490c0d267f3e6d9140698a05f48384e46282
x-amz-date:20210217T212425Z
x-amz-security-token:IQoJb3JpZ2luX2VjEF0aCXVzLXdlc3QtMiJIMEYCIQDfbJIDdQ+dkGKM9MaW0pjPJ6F+FsEQu9ovBDzroaubYQIhANPaBF5EeV1yULCS7mzFapSG1il86yeTGFhegCQbufGbKrQDCGYQAhoMNzc5NjE5NjY0NTM2IgwrttWg5WQlNKfqioUqkQO9iQmdiHS9qZ9PtFPWAGhs/HOpRIESdnkud4dktmi0rqYmo77PSQU68HoHoJjeCrEAYElL0RJFq2xWrFFrv1Qudo9ZbDxIxKq+eX7/VF0PMw5HBlILdx8LIzRlCALic26hmRR4rYUYumSMdztvkm/+Lha7N4mlxi7FtRaC8L6BuviLgoAqHbjPfpKxzHl0H+ILD3XTBZhb3pkECYgpxsabnegA4OKHI9cOc7oR4U5rk+CfQm2108gZP9CPK2B0PrOxB9rYcEMHCrpzo8hz4VYQPNUvPRFUm8xMMstMSLw4thHHeZHNhgc10C5BZwVmqsYOFq60O6r8MDs0Z2f2Or7u/cwIU/eZeX3PfukfPb9gpS+qZt2XNBoGOC83elEtnbGUPGMV+rfEBZEp1boUfoqQNTwyNHZow/zydexqNHW13Db8Mewu1hlugqyq6ja0sIi6bto3/XbacjnbjU35zSlVyQzRoyc5vNSDCxgAwWI1U0kHuJckA5krY52goG1HWNyuIYTmrLuvIc1B60cO2LMt9zDc+7WBBjrqAQQ2KVgzZJhIG8Go6mo0pNXo9w+X5dfodWt5txHBfz3iMLmLEqA6TgZA/6KVG/ecg/f+T/czckKADzQEVyUTT8oyFQwzNVCbTpq+NR7qHzTeSYbjtOkuvahPMgQ4khVsjpjA8qKa5zYGV3lahzQHDifFfN6HCw8RfNnm0+mMNp7E0f2MEKI90TialwSaJVzPfAItVlaD8EZjL99zBlBtY75rduVVlUDGb1amYcYIAZi+x+977sfL1f0jTP4bulShzsHLoHsk8bL7VT8OuuJZs7brxirCGBCRcFlT359Wh9XWSzAM1DkW2UYFoA==
x-amz-target:TrentService.Encrypt

content-length;content-type;host;x-amz-content-sha256;x-amz-date;x-amz-security-token;x-amz-target
4251fcea8963a0c006b48e028663490c0d267f3e6d9140698a05f48384e46282

[INFO] [2021-02-17T21:24:25Z] [00007f3d20d80880] [AuthSigning] - (id=0x1827610) Signing successfully built string-to-sign via algorithm SigV4, with contents 
AWS4-HMAC-SHA256
20210217T212425Z
20210217/us-west-2/kms/aws4_request
b14247e921a8e1001b0956ffe62d3a98d0681c5ee538c24e02756fdf5e3cdb65

[INFO] [2021-02-17T21:24:25Z] [00007f3d20d80880] [AuthSigning] - (id=0x1827610) Http request successfully built final authorization value via algorithm SigV4, with contents 
AWS4-HMAC-SHA256 Credential=ASIA3LBHUAKMLVD6HNDM/20210217/us-west-2/kms/aws4_request, SignedHeaders=content-length;content-type;host;x-amz-content-sha256;x-amz-date;x-amz-security-token;x-amz-target, Signature=427254ce40a99dc2df83109129f19d1bf58755b5880eb8e00f9235a936e3cea6

response string:{"CiphertextBlob":"AQICAHjDlQ35nIiO6k4cvEcJooGbQY3jNzV/jZYVN8q3cCqdMAH0ZZ0Iaq1fowuv6jYlNvc4AAAB6DCCAeQGCSqGSIb3DQEHBqCCAdUwggHRAgEAMIIBygYJKoZIhvcNAQcBMB4GCWCGSAFlAwQBLjARBAzH7wUD4B3N9G8Vgd4CARCAggGbFg35vT0ZgZEcYAatU0u5xs6pNfr0nVHvoiCsWN3uzcFpClAFs3s2J05gDS6yUppgArdxXDZysappkOPBM7EZUPnKDvybXtbQ6QdBjRCOCjSsQjJQRpzKPApNcXWQDIXCazfoQEtCyF8w7/H3I+DlTdR7RxaHD8Gzv33cvztIL4P+jzYfqXUzWaGnaDg4vS5v57UpyX0Uenf6XYoJs3fUyKwmFqe9mSX0lY1cygsibhgaogqIowkFcRh5ZpIOkCbgCmIZuPBCLDqZAg5aFM5cr/YUBUOmpcYHwHUbKJvei8YtdBlEiI5K9RfyMR2hhISTPMXWbVME/PoPF0PAygLhptBIAzrWIkMhJ3BcG0Q0KtrLOvLTYNOuEpj7/JFA8LyLNFLByGH8G9rcNsNKPIWDt2AmK5lGUvordZwlgDti5ihoVvymb9tVDZmuGuqC8NmqJQWDY1kn6RiqTXWBW62DpFf2FPmfSxcIz9o/Qrv+2QZzpvO8xjUsQKZtDwelB+gnptAsxa/72uB5GFhnUvkvKXi2qkOkG3jFLO1Y","EncryptionAlgorithm":"SYMMETRIC_DEFAULT","KeyId":"arn:aws:kms:us-west-2:779619664536:key/d3a3ce82-5390-49d8-bd77-400ebbe77946"}

json val AQICAHjDlQ35nIiO6k4cvEcJooGbQY3jNzV/jZYVN8q3cCqdMAH0ZZ0Iaq1fowuv6jYlNvc4AAAB6DCCAeQGCSqGSIb3DQEHBqCCAdUwggHRAgEAMIIBygYJKoZIhvcNAQcBMB4GCWCGSAFlAwQBLjARBAzH7wUD4B3N9G8Vgd4CARCAggGbFg35vT0ZgZEcYAatU0u5xs6pNfr0nVHvoiCsWN3uzcFpClAFs3s2J05gDS6yUppgArdxXDZysappkOPBM7EZUPnKDvybXtbQ6QdBjRCOCjSsQjJQRpzKPApNcXWQDIXCazfoQEtCyF8w7/H3I+DlTdR7RxaHD8Gzv33cvztIL4P+jzYfqXUzWaGnaDg4vS5v57UpyX0Uenf6XYoJs3fUyKwmFqe9mSX0lY1cygsibhgaogqIowkFcRh5ZpIOkCbgCmIZuPBCLDqZAg5aFM5cr/YUBUOmpcYHwHUbKJvei8YtdBlEiI5K9RfyMR2hhISTPMXWbVME/PoPF0PAygLhptBIAzrWIkMhJ3BcG0Q0KtrLOvLTYNOuEpj7/JFA8LyLNFLByGH8G9rcNsNKPIWDt2AmK5lGUvordZwlgDti5ihoVvymb9tVDZmuGuqC8NmqJQWDY1kn6RiqTXWBW62DpFf2FPmfSxcIz9o/Qrv+2QZzpvO8xjUsQKZtDwelB+gnptAsxa/72uB5GFhnUvkvKXi2qkOkG3jFLO1Y

json val copied AQICAHjDlQ35nIiO6k4cvEcJooGbQY3jNzV/jZYVN8q3cCqdMAH0ZZ0Iaq1fowuv6jYlNvc4AAAB6DCCAeQGCSqGSIb3DQEHBqCCAdUwggHRAgEAMIIBygYJKoZIhvcNAQcBMB4GCWCGSAFlAwQBLjARBAzH7wUD4B3N9G8Vgd4CARCAggGbFg35vT0ZgZEcYAatU0u5xs6pNfr0nVHvoiCsWN3uzcFpClAFs3s2J05gDS6yUppgArdxXDZysappkOPBM7EZUPnKDvybXtbQ6QdBjRCOCjSsQjJQRpzKPApNcXWQDIXCazfoQEtCyF8w7/H3I+DlTdR7RxaHD8Gzv33cvztIL4P+jzYfqXUzWaGnaDg4vS5v57UpyX0Uenf6XYoJs3fUyKwmFqe9mSX0lY1cygsibhgaogqIowkFcRh5ZpIOkCbgCmIZuPBCLDqZAg5aFM5cr/YUBUOmpcYHwHUbKJvei8YtdBlEiI5K9RfyMR2hhISTPMXWbVME/PoPF0PAygLhptBIAzrWIkMhJ3BcG0Q0KtrLOvLTYNOuEpj7/JFA8LyLNFLByGH8G9rcNsNKPIWDt2AmK5lGUvordZwlgDti5ihoVvymb9tVDZmuGuqC8NmqJQWDY1kn6RiqTXWBW62DpFf2FPmfSxcIz9o/Qrv+2QZzpvO8xjUsQKZtDwelB+gnptAsxa/72uB5GFhnUvkvKXi2qkOkG3jFLO1Y
cipher_tmp: AQICAHjDlQ35nIiO6k4cvEcJooGbQY3jNzV/jZYVN8q3cCqdMAH0ZZ0Iaq1fowuv6jYlNvc4AAAB6DCCAeQGCSqGSIb3DQEHBqCCAdUwggHRAgEAMIIBygYJKoZIhvcNAQcBMB4GCWCGSAFlAwQBLjARBAzH7wUD4B3N9G8Vgd4CARCAggGbFg35vT0ZgZEcYAatU0u5xs6pNfr0nVHvoiCsWN3uzcFpClAFs3s2J05gDS6yUppgArdxXDZysappkOPBM7EZUPnKDvybXtbQ6QdBjRCOCjSsQjJQRpzKPApNcXWQDIXCazfoQEtCyF8w7/H3I+DlTdR7RxaHD8Gzv33cvztIL4P+jzYfqXUzWaGnaDg4vS5v57UpyX0Uenf6XYoJs3fUyKwmFqe9mSX0lY1cygsibhgaogqIowkFcRh5ZpIOkCbgCmIZuPBCLDqZAg5aFM5cr/YUBUOmpcYHwHUbKJvei8YtdBlEiI5K9RfyMR2hhISTPMXWbVME/PoPF0PAygLhptBIAzrWIkMhJ3BcG0Q0KtrLOvLTYNOuEpj7/JFA8LyLNFLByGH8G9rcNsNKPIWDt2AmK5lGUvordZwlgDti5ihoVvymb9tVDZmuGuqC8NmqJQWDY1kn6RiqTXWBW62DpFf2FPmfSxcIz9o/Qrv+2QZzpvO8xjUsQKZtDwelB+gnptAsxa/72uB5GFhnUvkvKXi2qkOkG3jFLO1Y

json val AQICAHjDlQ35nIiO6k4cvEcJooGbQY3jNzV/jZYVN8q3cCqdMAH0ZZ0Iaq1fowuv6jYlNvc4AAAB6DCCAeQGCSqGSIb3DQEHBqCCAdUwggHRAgEAMIIBygYJKoZIhvcNAQcBMB4GCWCGSAFlAwQBLjARBAzH7wUD4B3N9G8Vgd4CARCAggGbFg35vT0ZgZEcYAatU0u5xs6pNfr0nVHvoiCsWN3uzcFpClAFs3s2J05gDS6yUppgArdxXDZysappkOPBM7EZUPnKDvybXtbQ6QdBjRCOCjSsQjJQRpzKPApNcXWQDIXCazfoQEtCyF8w7/H3I+DlTdR7RxaHD8Gzv33cvztIL4P+jzYfqXUzWaGnaDg4vS5v57UpyX0Uenf6XYoJs3fUyKwmFqe9mSX0lY1cygsibhgaogqIowkFcRh5ZpIOkCbgCmIZuPBCLDqZAg5aFM5cr/YUBUOmpcYHwHUbKJvei8YtdBlEiI5K9RfyMR2hhISTPMXWbVME/PoPF0PAygLhptBIAzrWIkMhJ3BcG0Q0KtrLOvLTYNOuEpj7/JFA8LyLNFLByGH8G9rcNsNKPIWDt2AmK5lGUvordZwlgDti5ihoVvymb9tVDZmuGuqC8NmqJQWDY1kn6RiqTXWBW62DpFf2FPmfSxcIz9o/Qrv+2QZzpvO8xjUsQKZtDwelB+gnptAsxa/72uB5GFhnUvkvKXi2qkOkG3jFLO1Y

json val SYMMETRIC_DEFAULT

json val arn:aws:kms:us-west-2:779619664536:key/d3a3ce82-5390-49d8-bd77-400ebbe77946
ciphertext: (null)
response ciphertext blob:
Sesssion ended
Awaiting connection...
Disconnected.
[INFO] [2021-02-17T21:24:25Z] [00007f3d1f1a6700] [http-connection] - 0x7f3d14016f80: Client shutdown completed with error 0 (AWS_ERROR_SUCCESS).
[INFO] [2021-02-17T21:24:25Z] [00007f3d1e1a4700] [event-loop] - id=0x1837ca0: Destroying event_loop
[INFO] [2021-02-17T21:24:25Z] [00007f3d1e1a4700] [event-loop] - id=0x1837ca0: Stopping event-loop thread.
[INFO] [2021-02-17T21:24:25Z] [00007f3d1e1a4700] [event-loop] - id=0x175d2b0: Destroying event_loop
[INFO] [2021-02-17T21:24:25Z] [00007f3d1e1a4700] [event-loop] - id=0x175d2b0: Stopping event-loop thread.
Connected peer
Object = { "Operation": "SetClient", "AwsAccessKeyId": "ASIA3LBHUAKMLVD6HNDM", "AwsSecretAccessKey": "5EoFS7MTjRcQXDQJMAesi2HreyK6BCxbfOwZHc3f", "AwsSessionToken": "IQoJb3JpZ2luX2VjEF0aCXVzLXdlc3QtMiJIMEYCIQDfbJIDdQ+dkGKM9MaW0pjPJ6F+FsEQu9ovBDzroaubYQIhANPaBF5EeV1yULCS7mzFapSG1il86yeTGFhegCQbufGbKrQDCGYQAhoMNzc5NjE5NjY0NTM2IgwrttWg5WQlNKfqioUqkQO9iQmdiHS9qZ9PtFPWAGhs\/HOpRIESdnkud4dktmi0rqYmo77PSQU68HoHoJjeCrEAYElL0RJFq2xWrFFrv1Qudo9ZbDxIxKq+eX7\/VF0PMw5HBlILdx8LIzRlCALic26hmRR4rYUYumSMdztvkm\/+Lha7N4mlxi7FtRaC8L6BuviLgoAqHbjPfpKxzHl0H+ILD3XTBZhb3pkECYgpxsabnegA4OKHI9cOc7oR4U5rk+CfQm2108gZP9CPK2B0PrOxB9rYcEMHCrpzo8hz4VYQPNUvPRFUm8xMMstMSLw4thHHeZHNhgc10C5BZwVmqsYOFq60O6r8MDs0Z2f2Or7u\/cwIU\/eZeX3PfukfPb9gpS+qZt2XNBoGOC83elEtnbGUPGMV+rfEBZEp1boUfoqQNTwyNHZow\/zydexqNHW13Db8Mewu1hlugqyq6ja0sIi6bto3\/XbacjnbjU35zSlVyQzRoyc5vNSDCxgAwWI1U0kHuJckA5krY52goG1HWNyuIYTmrLuvIc1B60cO2LMt9zDc+7WBBjrqAQQ2KVgzZJhIG8Go6mo0pNXo9w+X5dfodWt5txHBfz3iMLmLEqA6TgZA\/6KVG\/ecg\/f+T\/czckKADzQEVyUTT8oyFQwzNVCbTpq+NR7qHzTeSYbjtOkuvahPMgQ4khVsjpjA8qKa5zYGV3lahzQHDifFfN6HCw8RfNnm0+mMNp7E0f2MEKI90TialwSaJVzPfAItVlaD8EZjL99zBlBtY75rduVVlUDGb1amYcYIAZi+x+977sfL1f0jTP4bulShzsHLoHsk8bL7VT8OuuJZs7brxirCGBCRcFlT359Wh9XWSzAM1DkW2UYFoA==" }
[INFO] [2021-02-17T21:24:35Z] [00007f3d20d80880] [tls-handler] - ctx: cannot enable ocsp stapling: OCSP stapling was requested, but is not supported
[INFO] [2021-02-17T21:24:35Z] [00007f3d20d80880] [event-loop] - id=0x1849d60: Initializing edge-triggered epoll
[INFO] [2021-02-17T21:24:35Z] [00007f3d20d80880] [event-loop] - id=0x1849d60: Using eventfd for cross-thread notifications.
[INFO] [2021-02-17T21:24:35Z] [00007f3d20d80880] [event-loop] - id=0x1849d60: Starting event-loop thread.
[INFO] [2021-02-17T21:24:35Z] [00007f3d20d80880] [event-loop] - id=0x17fba00: Initializing edge-triggered epoll
[INFO] [2021-02-17T21:24:35Z] [00007f3d20d80880] [event-loop] - id=0x17fba00: Using eventfd for cross-thread notifications.
[INFO] [2021-02-17T21:24:35Z] [00007f3d20d80880] [event-loop] - id=0x17fba00: Starting event-loop thread.
[INFO] [2021-02-17T21:24:35Z] [00007f3d20d80880] [dns] - id=0x1809800: Initializing default host resolver with 8 max host entries.
[INFO] [2021-02-17T21:24:35Z] [00007f3d20d80880] [channel-bootstrap] - id=0x180aac0: Initializing client bootstrap with event-loop group 0x18098f0
[WARN] [2021-02-17T21:24:35Z] [00007f3d20d80880] [socket] - id=0x180ad30 fd=10: setsockopt() for NO_SIGNAL failed with errno 92. If you are having SIGPIPE signals thrown, you may want to install a signal trap in your application layer.
[INFO] [2021-02-17T21:24:35Z] [00007f3d1f1a6700] [event-loop] - id=0x17fba00: main loop started
[INFO] [2021-02-17T21:24:35Z] [00007f3d1f1a6700] [event-loop] - id=0x17fba00: default timeout 100000, and max events to process per tick 100
[INFO] [2021-02-17T21:24:35Z] [00007f3d1e1a4700] [event-loop] - id=0x1849d60: main loop started
[INFO] [2021-02-17T21:24:35Z] [00007f3d1e1a4700] [event-loop] - id=0x1849d60: default timeout 100000, and max events to process per tick 100
[INFO] [2021-02-17T21:24:35Z] [00007f3d1e1a4700] [socket] - id=0x180ad30 fd=10: connection success
Connected.
[INFO] [2021-02-17T21:24:35Z] [00007f3d1e1a4700] [http-connection] - id=0x7f3d14001430: HTTP/1.1 client connection established.
Object = { "Operation": "Decrypt", "command": "AQICAHjDlQ35nIiO6k4cvEcJooGbQY3jNzV\/jZYVN8q3cCqdMAED6Imi8emceEYCwEsGBZC9AAAAaDBmBgkqhkiG9w0BBwagWTBXAgEAMFIGCSqGSIb3DQEHATAeBglghkgBZQMEAS4wEQQM8ee9fa9WcmYIiiCWAgEQgCUtpDAIMs6qzeWqmL0m9NNtKjz8NtTUvlK4ehyV7zcbguyM\/mkh", "Ciphertext": "gb2tN\/0b2Ttp3NrQsLLeY53+d9qXJchE62CPJkmpxp4=", "data_key": "AQICAHjDlQ35nIiO6k4cvEcJooGbQY3jNzV\/jZYVN8q3cCqdMAHbS70\/1NjE\/J7ATF\/lyczmAAAB6DCCAeQGCSqGSIb3DQEHBqCCAdUwggHRAgEAMIIBygYJKoZIhvcNAQcBMB4GCWCGSAFlAwQBLjARBAz3Q7EqsQf37u6DURgCARCAggGbiRUHhjcfE6Y5nLAG02KsOksg4xh7MP0CLBRvHR5hicmxzIZWu1QEzZX3NgPHsybUC3fa0YsWKLt3vYLyEt4GD+auC4PFLs7PtxoMBumY1Uv2lRObxVl6AHXb0DRCPZ4yJ44aUfMkVZ4IkXmj31eftIJaD051qOk8W9yUg7LZUciuCf\/x7jHZIZFUwx\/hikRoUSlR4uMJI9TQ1OjIOZYj5nx2eD31sIn663Ceko8tqZ1bdXq8v8oi0oEAmfXsoVe5BQghiI+is36O0VB0hNmTW9xcjIXUeRjvGw8TKEb65wgyWL9IJ9f+F+a6Bm6nhlhbDQNJEqR0QW9aULBPNhtqzXsYGB9bgBAEb93ODijVGRwYiKyibVLzz+92z6lMkOhqJ8sWLO88+zBGDWbr\/W1NinhYYxGNCp1KXfqkE3RyhgxbJhQcN6xiM37xqewj7CSfFRyRe6cIRVIDrs5KWp5SYBdotLaUThaV2ZcJ+2eG5+HpS\/23qJphMpUqasmLH7+fW\/bR31Iz16qTj2Ij2pCfHYKaFjFYLzU480Da" }
