Connecting to the console for enclave 78...
Connecting to the console for enclave 78...
Successfully connected to the console.
Connecting to the console for enclave 16...
Successfully connected to the console.
[    0.000000] Linux version 4.14.177-104.253.amzn2.x86_64 (mockbuild@ip-10-0-1-32) (gcc version 7.3.1 20180712 (Red Hat 7.3.1-6) (GCC)) #1 SMP Fri May 1 02:01:13 UTC 2020
[    0.000000] Command line: reboot=k panic=30 pci=off nomodules console=ttyS0 i8042.noaux i8042.nomux i8042.nopnp i8042.dumbkbd random.trust_cpu=on virtio_mmio.device=4K@0xd0000000:5 virtio_mmio.device=4K@0xd0001000:6
[    0.000000] x86/fpu: Supporting XSAVE feature 0x001: 'x87 floating point registers'
[    0.000000] x86/fpu: Supporting XSAVE feature 0x002: 'SSE registers'
[    0.000000] x86/fpu: Supporting XSAVE feature 0x004: 'AVX registers'
[    0.000000] x86/fpu: Supporting XSAVE feature 0x008: 'MPX bounds registers'
[    0.000000] x86/fpu: Supporting XSAVE feature 0x010: 'MPX CSR'
[    0.000000] x86/fpu: Supporting XSAVE feature 0x020: 'AVX-512 opmask'
[    0.000000] x86/fpu: Supporting XSAVE feature 0x040: 'AVX-512 Hi256'
[    0.000000] x86/fpu: Supporting XSAVE feature 0x080: 'AVX-512 ZMM_Hi256'
[    0.000000] x86/fpu: Supporting XSAVE feature 0x200: 'Protection Keys User registers'
[    0.000000] x86/fpu: xstate_offset[2]:  576, xstate_sizes[2]:  256
[    0.000000] x86/fpu: xstate_offset[3]:  832, xstate_sizes[3]:   64
[    0.000000] x86/fpu: xstate_offset[4]:  896, xstate_sizes[4]:   64
[    0.000000] x86/fpu: xstate_offset[5]:  960, xstate_sizes[5]:   64
[    0.000000] x86/fpu: xstate_offset[6]: 1024, xstate_sizes[6]:  512
[    0.000000] x86/fpu: xstate_offset[7]: 1536, xstate_sizes[7]: 1024
[    0.000000] x86/fpu: xstate_offset[9]: 2560, xstate_sizes[9]:    8
[    0.000000] x86/fpu: Enabled xstate features 0x2ff, context size is 2568 bytes, using 'compacted' format.
[    0.000000] e820: BIOS-provided physical RAM map:
[    0.000000] BIOS-e820: [mem 0x0000000000000000-0x000000000009fbff] usable
[    0.000000] BIOS-e820: [mem 0x0000000000100000-0x000000001f7fffff] usable
[    0.000000] NX (Execute Disable) protection: active
[    0.000000] DMI not present or invalid.
[    0.000000] Hypervisor detected: KVM
[    0.000000] tsc: Fast TSC calibration using PIT
[    0.000000] e820: last_pfn = 0x1f800 max_arch_pfn = 0x400000000
[    0.000000] MTRR: Disabled
[    0.000000] x86/PAT: MTRRs disabled, skipping PAT initialization too.
[    0.000000] CPU MTRRs all blank - virtualized system.
[    0.000000] x86/PAT: Configuration [0-7]: WB  WT  UC- UC  WB  WT  UC- UC  
[    0.000000] found SMP MP-table at [mem 0x0009fc00-0x0009fc0f]
[    0.000000] Scanning 1 areas for low memory corruption
[    0.000000] Using GB pages for direct mapping
[    0.000000] RAMDISK: [mem 0x02447000-0x0a964fff]
[    0.000000] No NUMA configuration found
[    0.000000] Faking a node at [mem 0x0000000000000000-0x000000001f7fffff]
[    0.000000] NODE_DATA(0) allocated [mem 0x1f7de000-0x1f7fffff]
[    0.000000] kvm-clock: Using msrs 4b564d01 and 4b564d00
[    0.000000] kvm-clock: cpu 0, msr 0:1f7dc001, primary cpu clock
[    0.000000] kvm-clock: using sched offset of 1798216384 cycles
[    0.000000] clocksource: kvm-clock: mask: 0xffffffffffffffff max_cycles: 0x1cd42e4dffb, max_idle_ns: 881590591483 ns
[    0.000000] Zone ranges:
[    0.000000]   DMA      [mem 0x0000000000001000-0x0000000000ffffff]
[    0.000000]   DMA32    [mem 0x0000000001000000-0x000000001f7fffff]
[    0.000000]   Normal   empty
[    0.000000] Movable zone start for each node
[    0.000000] Early memory node ranges
[    0.000000]   node   0: [mem 0x0000000000001000-0x000000000009efff]
[    0.000000]   node   0: [mem 0x0000000000100000-0x000000001f7fffff]
[    0.000000] Initmem setup node 0 [mem 0x0000000000001000-0x000000001f7fffff]
[    0.000000] Intel MultiProcessor Specification v1.4
[    0.000000] MPTABLE: OEM ID: FC      
[    0.000000] MPTABLE: Product ID: 000000000000
[    0.000000] MPTABLE: APIC at: 0xFEE00000
[    0.000000] Processor #0 (Bootup-CPU)
[    0.000000] Processor #1
[    0.000000] IOAPIC[0]: apic_id 3, version 17, address 0xfec00000, GSI 0-23
[    0.000000] Processors: 2
[    0.000000] smpboot: Allowing 2 CPUs, 0 hotplug CPUs
[    0.000000] PM: Registered nosave memory: [mem 0x00000000-0x00000fff]
[    0.000000] PM: Registered nosave memory: [mem 0x0009f000-0x000fffff]
[    0.000000] e820: [mem 0x1f800000-0xffffffff] available for PCI devices
[    0.000000] Booting paravirtualized kernel on KVM
[    0.000000] clocksource: refined-jiffies: mask: 0xffffffff max_cycles: 0xffffffff, max_idle_ns: 7645519600211568 ns
[    0.000000] random: get_random_bytes called from start_kernel+0x94/0x486 with crng_init=0
[    0.000000] setup_percpu: NR_CPUS:128 nr_cpumask_bits:128 nr_cpu_ids:2 nr_node_ids:1
[    0.000000] percpu: Embedded 41 pages/cpu s128600 r8192 d31144 u1048576
[    0.000000] KVM setup async PF for cpu 0
[    0.000000] kvm-stealtime: cpu 0, msr 1f415040
[    0.000000] PV qspinlock hash table entries: 256 (order: 0, 4096 bytes)
[    0.000000] Built 1 zonelists, mobility grouping on.  Total pages: 126889
[    0.000000] Policy zone: DMA32
[    0.000000] Kernel command line: reboot=k panic=30 pci=off nomodules console=ttyS0 i8042.noaux i8042.nomux i8042.nopnp i8042.dumbkbd random.trust_cpu=on virtio_mmio.device=4K@0xd0000000:5 virtio_mmio.device=4K@0xd0001000:6
[    0.000000] PID hash table entries: 2048 (order: 2, 16384 bytes)
[    0.000000] Memory: 351348K/515704K available (10252K kernel code, 653K rwdata, 1572K rodata, 1300K init, 2808K bss, 164356K reserved, 0K cma-reserved)
[    0.000000] SLUB: HWalign=64, Order=0-3, MinObjects=0, CPUs=2, Nodes=1
[    0.004000] Hierarchical RCU implementation.
[    0.004000] 	RCU restricting CPUs from NR_CPUS=128 to nr_cpu_ids=2.
[    0.004000] RCU: Adjusting geometry for rcu_fanout_leaf=16, nr_cpu_ids=2
[    0.004000] NR_IRQS: 4352, nr_irqs: 56, preallocated irqs: 16
[    0.004000] Console: colour dummy device 80x25
[    0.004000] console [ttyS0] enabled
[    0.004000] tsc: Detected 2499.998 MHz processor
[    0.004000] Calibrating delay loop (skipped) preset value.. 4999.99 BogoMIPS (lpj=9999992)
[    0.004000] pid_max: default: 32768 minimum: 301
[    0.004000] Security Framework initialized
[    0.004000] SELinux:  Initializing.
[    0.004000] Dentry cache hash table entries: 65536 (order: 7, 524288 bytes)
[    0.004000] Inode-cache hash table entries: 32768 (order: 6, 262144 bytes)
[    0.004000] Mount-cache hash table entries: 1024 (order: 1, 8192 bytes)
[    0.004000] Mountpoint-cache hash table entries: 1024 (order: 1, 8192 bytes)
[    0.004451] Last level iTLB entries: 4KB 64, 2MB 8, 4MB 8
[    0.004917] Last level dTLB entries: 4KB 64, 2MB 0, 4MB 0, 1GB 4
[    0.005418] unchecked MSR access error: RDMSR from 0x122 at rIP: 0xffffffff81038c76 (native_read_msr+0x6/0x20)
[    0.006207] Call Trace:
[    0.006417]  tsx_disable+0x14/0x40
[    0.006690]  tsx_init+0xdf/0x134
[    0.006930]  identify_boot_cpu+0x78/0x7a
[    0.007217]  check_bugs+0x25/0x954
[    0.007488]  ? kmem_cache_alloc+0x132/0x140
[    0.008006]  start_kernel+0x45b/0x486
[    0.008296]  x86_64_start_reservations+0x2a/0x2c
[    0.008660]  x86_64_start_kernel+0x72/0x75
[    0.008981]  secondary_startup_64+0xa5/0xb0
[    0.009312] unchecked MSR access error: WRMSR to 0x122 (tried to write 0x0000000000000003) at rIP: 0xffffffff81038cb8 (native_write_msr+0x8/0x10)
[    0.010236] Call Trace:
[    0.010419]  tsx_disable+0x2e/0x40
[    0.010670]  tsx_init+0xdf/0x134
[    0.010908]  identify_boot_cpu+0x78/0x7a
[    0.011195]  check_bugs+0x25/0x954
[    0.011445]  ? kmem_cache_alloc+0x132/0x140
[    0.011757]  start_kernel+0x45b/0x486
[    0.012003]  x86_64_start_reservations+0x2a/0x2c
[    0.012340]  x86_64_start_kernel+0x72/0x75
[    0.012640]  secondary_startup_64+0xa5/0xb0
[    0.012950] Spectre V1 : Mitigation: usercopy/swapgs barriers and __user pointer sanitization
[    0.013560] Spectre V2 : Mitigation: Enhanced IBRS
[    0.013912] Spectre V2 : Spectre v2 / SpectreRSB mitigation: Filling RSB on context switch
[    0.014518] Spectre V2 : mitigation: Enabling conditional Indirect Branch Prediction Barrier
[    0.015160] Speculative Store Bypass: Mitigation: Speculative Store Bypass disabled via prctl and seccomp
[    0.016003] TAA: Mitigation: TSX disabled
[    0.016565] Freeing SMP alternatives memory: 32K
[    0.018819] smpboot: Max logical packages: 2
[    0.019300] x2apic enabled
[    0.019674] Switched APIC routing to physical x2apic.
[    0.020769] ..TIMER: vector=0x30 apic1=0 pin1=0 apic2=-1 pin2=-1
[    0.021241] smpboot: CPU0: Intel(R) Xeon(R) Processor @ 2.50GHz (family: 0x6, model: 0x55, stepping: 0x7)
[    0.022032] Performance Events: unsupported p6 CPU model 85 no PMU driver, software events only.
[    0.022740] Hierarchical SRCU implementation.
[    0.023506] smp: Bringing up secondary CPUs ...
[    0.023975] x86: Booting SMP configuration:
[    0.024000] .... node  #0, CPUs:      #1
[    0.004000] kvm-clock: cpu 1, msr 0:1f7dc041, secondary cpu clock
[    0.024200] KVM setup async PF for cpu 1
[    0.024297] kvm-stealtime: cpu 1, msr 1f515040
[    0.024784] smp: Brought up 1 node, 2 CPUs
[    0.024784] smpboot: Total of 2 processors activated (9999.99 BogoMIPS)
[    0.024959] devtmpfs: initialized
[    0.024959] x86/mm: Memory block size: 128MB
[    0.024959] clocksource: jiffies: mask: 0xffffffff max_cycles: 0xffffffff, max_idle_ns: 7645041785100000 ns
[    0.024959] futex hash table entries: 512 (order: 3, 32768 bytes)
[    0.028275] NET: Registered protocol family 16
[    0.028800] cpuidle: using governor ladder
[    0.028800] cpuidle: using governor menu
[    0.030007] HugeTLB registered 1.00 GiB page size, pre-allocated 0 pages
[    0.032008] HugeTLB registered 2.00 MiB page size, pre-allocated 0 pages
[    0.033601] SCSI subsystem initialized
[    0.033931] pps_core: LinuxPPS API ver. 1 registered
[    0.034327] pps_core: Software ver. 5.3.6 - Copyright 2005-2007 Rodolfo Giometti <giometti@linux.it>
[    0.035006] PTP clock support registered
[    0.035315] dmi: Firmware registration failed.
[    0.035786] NetLabel: Initializing
[    0.036005] NetLabel:  domain hash size = 128
[    0.036332] NetLabel:  protocols = UNLABELED CIPSOv4 CALIPSO
[    0.036767] NetLabel:  unlabeled traffic allowed by default
[    0.037225] clocksource: Switched to clocksource kvm-clock
[    0.037665] VFS: Disk quotas dquot_6.6.0
[    0.037974] VFS: Dquot-cache hash table entries: 512 (order 0, 4096 bytes)
[    0.039320] NET: Registered protocol family 2
[    0.039817] TCP established hash table entries: 4096 (order: 3, 32768 bytes)
[    0.040352] TCP bind hash table entries: 4096 (order: 4, 65536 bytes)
[    0.040833] TCP: Hash tables configured (established 4096 bind 4096)
[    0.041349] UDP hash table entries: 256 (order: 1, 8192 bytes)
[    0.041781] UDP-Lite hash table entries: 256 (order: 1, 8192 bytes)
[    0.042321] NET: Registered protocol family 1
[    0.042765] RPC: Registered named UNIX socket transport module.
[    0.043223] RPC: Registered udp transport module.
[    0.043580] RPC: Registered tcp transport module.
[    0.043931] RPC: Registered tcp NFSv4.1 backchannel transport module.
[    0.044496] Unpacking initramfs...
[    0.286634] Freeing initrd memory: 136312K
[    0.287030] virtio-mmio: Registering device virtio-mmio.0 at 0xd0000000-0xd0000fff, IRQ 5.
[    0.287679] virtio-mmio: Registering device virtio-mmio.1 at 0xd0001000-0xd0001fff, IRQ 6.
[    0.288359] clocksource: tsc: mask: 0xffffffffffffffff max_cycles: 0x240937b9988, max_idle_ns: 440795218083 ns
[    0.289104] platform rtc_cmos: registered platform RTC device (no PNP device found)
[    0.290130] Scanning for low memory corruption every 60 seconds
[    0.290807] audit: initializing netlink subsys (disabled)
[    0.291393] Initialise system trusted keyrings
[    0.291741] Key type blacklist registered
[    0.292106] audit: type=2000 audit(1610845702.184:1): state=initialized audit_enabled=0 res=1
[    0.292777] workingset: timestamp_bits=36 max_order=17 bucket_order=0
[    0.294622] zbud: loaded
[    0.295246] squashfs: version 4.0 (2009/01/31) Phillip Lougher
[    0.295851] NFS: Registering the id_resolver key type
[    0.296283] Key type id_resolver registered
[    0.296599] Key type id_legacy registered
[    0.296906] nfs4filelayout_init: NFSv4 File Layout Driver Registering...
[    0.299203] Key type asymmetric registered
[    0.299532] Asymmetric key parser 'x509' registered
[    0.299914] Block layer SCSI generic (bsg) driver version 0.4 loaded (major 252)
[    0.300535] io scheduler noop registered (default)
[    0.300930] io scheduler cfq registered
[    0.301318] virtio-mmio virtio-mmio.0: Failed to enable 64-bit or 32-bit DMA.  Trying to continue, but this might not work.
[    0.302229] virtio-mmio virtio-mmio.1: Failed to enable 64-bit or 32-bit DMA.  Trying to continue, but this might not work.
[    0.303151] Serial: 8250/16550 driver, 1 ports, IRQ sharing disabled
[    0.324960] serial8250: ttyS0 at I/O 0x3f8 (irq = 4, base_baud = 115200) is a U6_16550A
[    0.327086] loop: module loaded
[    0.327383] Loading iSCSI transport class v2.0-870.
[    0.327860] iscsi: registered transport (tcp)
[    0.328220] tun: Universal TUN/TAP device driver, 1.6
[    0.328895] hidraw: raw HID events driver (C) Jiri Kosina
[    0.329367] nf_conntrack version 0.5.0 (4096 buckets, 16384 max)
[    0.329957] ip_tables: (C) 2000-2006 Netfilter Core Team
[    0.330544] Initializing XFRM netlink socket
[    0.330984] NET: Registered protocol family 10
[    0.331784] Segment Routing with IPv6
[    0.332165] NET: Registered protocol family 17
[    0.332527] Bridge firewalling registered
[    0.332881] Key type dns_resolver registered
[    0.333295] NET: Registered protocol family 40
[    0.334010] sched_clock: Marking stable (333259650, 0)->(389769995, -56510345)
[    0.334748] registered taskstats version 1
[    0.335059] Loading compiled-in X.509 certificates
[    0.336153] Loaded X.509 cert 'Build time autogenerated kernel key: c582bb2a1fdabdd195bbc9c8840fff8158852907'
[    0.336908] zswap: loaded using pool lzo/zbud
[    0.337477] Key type encrypted registered
[    0.338877] Freeing unused kernel memory: 1300K
[    0.352088] Write protecting the kernel read-only data: 14336k
[    0.354001] Freeing unused kernel memory: 2016K
[    0.355249] Freeing unused kernel memory: 476K
[    0.355883] nsm: loading out-of-tree module taints kernel.
[    0.356324] nsm: module verification failed: signature and/or required key missing - tainting kernel
.
..
MESSAGE PRINTING TEST AOLDKCMADLCCMKL:test/[    0.362221] random: kmstool_enclave: uninitialized urandom read (32 bytes read)
[    0.362767] random: kmstool_enclave: uninitialized urandom read (32 bytes read)
[    0.363664] random: crng init done
Awaiting connection...
Connected peer
Object = { "Operation": "SetClient", "AwsAccessKeyId": "ASIA3LBHUAKMJVJCIO7K", "AwsSecretAccessKey": "uNNmLbe4I3DI2I2ibX0\/MR7zV6IN4IGevxWAeejY", "AwsSessionToken": "IQoJb3JpZ2luX2VjEGAaCXVzLXdlc3QtMiJIMEYCIQDX\/44INU+Hutg7SiipkK9YMlcCitQqOggMrhiBne8kswIhAOJrOm1In5p3v8bl7Rm3Q0yywFUflejFku3YhfwkxgpDKrQDCDkQARoMNzc5NjE5NjY0NTM2Igygnqs\/6Q2kLbefaQsqkQO975h33xpT36Jnl1z2g4RZiMEW7sNfijz\/0N7rH6NU6LqYSgaEK66yu9BkuE3QlvdsXISg3YwQKLcETKEXSfmYJMydiDBmGSDjcPZvxU4DGZaKXqXBlCvGXEXMcRSxtaODhaIRZXLtya6Bk\/CH7QZTlJZTEoArjiQdKgV9AkZOpwaS3bqFm7d7P9S\/ZhcGegvnTFbhEU05k6djNiTgwLYTNnr+HfC2cokKK7eD7Pjchul395T1HOBH67cYmz3FUtkkO7nXm40Fev4ppLKkhglv0Jfst2dg+D8u3SkoQMlIzWohyYmPuJLM8NphJdbj\/7+JI8y70yVUwzCnTufFh84dTIg8oot4s6ymcyXf3F+MtIxYVUANmzHzJp0el6\/as7nGN2trGwbaDYRGdOb4bQMptt\/D4yBV3PN+T8kqhsmeNez98XtesmYt1cgGBK0GdVPCqylHO1UrJJklNM3L9WBPdnKnn0tKKDul47w4NiGuDr8\/0RLhtPklKnauJWgCo1AyH3DUmwWsH6SkMacVrmfcLTCBgo6ABjrqAToGtpf69OKqNK\/cimx8GJcke9Lch9W\/9aJxtEGc656SP4uMlmOV733+rzSLZKVyv1FGvgcsNnRkp3EIS\/5t4Xaboio4db7toNwKSAjRMWQYMNTLpPklDYUPMErk9MgVTNgrVKheIBb5OkQ4p3OfXBcf6pcnLw8l\/vy1Qx+seyNdYEvUMQYVRPTAQIb2sNHPPNPRf97JTZbLati0y89loaWqglHfMl1ryS0jVMLum6nwZZxBN3\/j7yoOFvQqh4xmMVNeesx+dHz2m7m\/spzD9KYQ9prVauh8f1WVSqPbk2+k3CPkR0cRJTLOYw==" }
[INFO] [2021-01-17T01:09:36Z] [00007fe1994b8880] [tls-handler] - ctx: cannot enable ocsp stapling: OCSP stapling was requested, but is not supported
[INFO] [2021-01-17T01:09:36Z] [00007fe1994b8880] [event-loop] - id=0x11152b0: Initializing edge-triggered epoll
[INFO] [2021-01-17T01:09:36Z] [00007fe1994b8880] [event-loop] - id=0x11152b0: Using eventfd for cross-thread notifications.
[INFO] [2021-01-17T01:09:36Z] [00007fe1994b8880] [event-loop] - id=0x11152b0: Starting event-loop thread.
[INFO] [2021-01-17T01:09:36Z] [00007fe1994b8880] [event-loop] - id=0x11efca0: Initializing edge-triggered epoll
[INFO] [2021-01-17T01:09:36Z] [00007fe1994b8880] [event-loop] - id=0x11efca0: Using eventfd for cross-thread notifications.
[INFO] [2021-01-17T01:09:36Z] [00007fe1994b8880] [event-loop] - id=0x11efca0: Starting event-loop thread.
[INFO] [2021-01-17T01:09:36Z] [00007fe1994b8880] [dns] - id=0x11fdc90: Initializing default host resolver with 8 max host entries.
[INFO] [2021-01-17T01:09:36Z] [00007fe1994b8880] [channel-bootstrap] - id=0x11fdba0: Initializing client bootstrap with event-loop group 0x11fdd80
[WARN] [2021-01-17T01:09:36Z] [00007fe1994b8880] [socket] - id=0x11ff420 fd=10: setsockopt() for NO_SIGNAL failed with errno 92. If you are having SIGPIPE signals thrown, you may want to install a signal trap in your application layer.
[INFO] [2021-01-17T01:09:36Z] [00007fe1970dd700] [event-loop] - id=0x11efca0: main loop started
[INFO] [2021-01-17T01:09:36Z] [00007fe1970dd700] [event-loop] - id=0x11efca0: default timeout 100000, and max events to process per tick 100
[INFO] [2021-01-17T01:09:36Z] [00007fe1978de700] [event-loop] - id=0x11152b0: main loop started
[INFO] [2021-01-17T01:09:36Z] [00007fe1978de700] [event-loop] - id=0x11152b0: default timeout 100000, and max events to process per tick 100
[INFO] [2021-01-17T01:09:36Z] [00007fe1978de700] [socket] - id=0x11ff420 fd=10: connection success
Connected.
[INFO] [2021-01-17T01:09:36Z] [00007fe1978de700] [http-connection] - id=0x7fe18c016f80: HTTP/1.1 client connection established.
Object = { "Operation": "Decrypt", "Ciphertext": "AQICAHjDlQ35nIiO6k4cvEcJooGbQY3jNzV\/jZYVN8q3cCqdMAEAub+qz6VrYiOiwrZHfrlpAAAAhDCBgQYJKoZIhvcNAQcGoHQwcgIBADBtBgkqhkiG9w0BBwEwHgYJYIZIAWUDBAEuMBEEDAe\/nVFMsErTyXBeFwIBEIBA9WYQZCjgL53HZV0KI47XOInkxQZ9qaxucsCRjHFSLgVwnsfpJ3zA3xetV043g3ROwxH5baXqPqnDYnUpM5Nj6w==", "command": "AQICAHjDlQ35nIiO6k4cvEcJooGbQY3jNzV\/jZYVN8q3cCqdMAFOTORdXxRYYCHKiPWeGKpEAAAAaDBmBgkqhkiG9w0BBwagWTBXAgEAMFIGCSqGSIb3DQEHATAeBglghkgBZQMEAS4wEQQMctfmra2z1jqbNiQyAgEQgCWoWWQ1VlZg5piDCGAMbvul0M7mwGvfr7RIr2u6i\/doHQVJ6kbI" }
[INFO] [2021-01-17T01:09:37Z] [00007fe1994b8880] [AuthSigning] - (id=0x11f1b90) Signing successfully built canonical request for algorithm SigV4, with contents 
POST
/

content-length:6682
content-type:application/x-amz-json-1.1
host:kms.us-west-2.amazonaws.com
x-amz-content-sha256:c29eb02cbf7dc344252e1c2c3a3fdf6e373db7927e950d5dc1beab1c14d9831b
x-amz-date:20210117T010937Z
x-amz-security-token:IQoJb3JpZ2luX2VjEGAaCXVzLXdlc3QtMiJIMEYCIQDX/44INU+Hutg7SiipkK9YMlcCitQqOggMrhiBne8kswIhAOJrOm1In5p3v8bl7Rm3Q0yywFUflejFku3YhfwkxgpDKrQDCDkQARoMNzc5NjE5NjY0NTM2Igygnqs/6Q2kLbefaQsqkQO975h33xpT36Jnl1z2g4RZiMEW7sNfijz/0N7rH6NU6LqYSgaEK66yu9BkuE3QlvdsXISg3YwQKLcETKEXSfmYJMydiDBmGSDjcPZvxU4DGZaKXqXBlCvGXEXMcRSxtaODhaIRZXLtya6Bk/CH7QZTlJZTEoArjiQdKgV9AkZOpwaS3bqFm7d7P9S/ZhcGegvnTFbhEU05k6djNiTgwLYTNnr+HfC2cokKK7eD7Pjchul395T1HOBH67cYmz3FUtkkO7nXm40Fev4ppLKkhglv0Jfst2dg+D8u3SkoQMlIzWohyYmPuJLM8NphJdbj/7+JI8y70yVUwzCnTufFh84dTIg8oot4s6ymcyXf3F+MtIxYVUANmzHzJp0el6/as7nGN2trGwbaDYRGdOb4bQMptt/D4yBV3PN+T8kqhsmeNez98XtesmYt1cgGBK0GdVPCqylHO1UrJJklNM3L9WBPdnKnn0tKKDul47w4NiGuDr8/0RLhtPklKnauJWgCo1AyH3DUmwWsH6SkMacVrmfcLTCBgo6ABjrqAToGtpf69OKqNK/cimx8GJcke9Lch9W/9aJxtEGc656SP4uMlmOV733+rzSLZKVyv1FGvgcsNnRkp3EIS/5t4Xaboio4db7toNwKSAjRMWQYMNTLpPklDYUPMErk9MgVTNgrVKheIBb5OkQ4p3OfXBcf6pcnLw8l/vy1Qx+seyNdYEvUMQYVRPTAQIb2sNHPPNPRf97JTZbLati0y89loaWqglHfMl1ryS0jVMLum6nwZZxBN3/j7yoOFvQqh4xmMVNeesx+dHz2m7m/spzD9KYQ9prVauh8f1WVSqPbk2+k3CPkR0cRJTLOYw==
x-amz-target:TrentService.Decrypt

content-length;content-type;host;x-amz-content-sha256;x-amz-date;x-amz-security-token;x-amz-target
c29eb02cbf7dc344252e1c2c3a3fdf6e373db7927e950d5dc1beab1c14d9831b

[INFO] [2021-01-17T01:09:37Z] [00007fe1994b8880] [AuthSigning] - (id=0x11f1b90) Signing successfully built string-to-sign via algorithm SigV4, with contents 
AWS4-HMAC-SHA256
20210117T010937Z
20210117/us-west-2/kms/aws4_request
f4f72e906705f7c8e9491f90b656c9ca63239c4dafd6c4892e6ea338ed173a78

[INFO] [2021-01-17T01:09:37Z] [00007fe1994b8880] [AuthSigning] - (id=0x11f1b90) Http request successfully built final authorization value via algorithm SigV4, with contents 
AWS4-HMAC-SHA256 Credential=ASIA3LBHUAKMJVJCIO7K/20210117/us-west-2/kms/aws4_request, SignedHeaders=content-length;content-type;host;x-amz-content-sha256;x-amz-date;x-amz-security-token;x-amz-target, Signature=98fdb425d44662ad8e6df20d998847927f295717434e0f47698e25785d300b35

[INFO] [2021-01-17T01:09:37Z] [00007fe1994b8880] [AuthSigning] - (id=0x11e3d90) Signing successfully built canonical request for algorithm SigV4, with contents 
POST
/

content-length:6643
content-type:application/x-amz-json-1.1
host:kms.us-west-2.amazonaws.com
x-amz-content-sha256:01d9e19cf3da183d1a3538752275d8623c16084156df19c87e9e1c40db55f14c
x-amz-date:20210117T010937Z
x-amz-security-token:IQoJb3JpZ2luX2VjEGAaCXVzLXdlc3QtMiJIMEYCIQDX/44INU+Hutg7SiipkK9YMlcCitQqOggMrhiBne8kswIhAOJrOm1In5p3v8bl7Rm3Q0yywFUflejFku3YhfwkxgpDKrQDCDkQARoMNzc5NjE5NjY0NTM2Igygnqs/6Q2kLbefaQsqkQO975h33xpT36Jnl1z2g4RZiMEW7sNfijz/0N7rH6NU6LqYSgaEK66yu9BkuE3QlvdsXISg3YwQKLcETKEXSfmYJMydiDBmGSDjcPZvxU4DGZaKXqXBlCvGXEXMcRSxtaODhaIRZXLtya6Bk/CH7QZTlJZTEoArjiQdKgV9AkZOpwaS3bqFm7d7P9S/ZhcGegvnTFbhEU05k6djNiTgwLYTNnr+HfC2cokKK7eD7Pjchul395T1HOBH67cYmz3FUtkkO7nXm40Fev4ppLKkhglv0Jfst2dg+D8u3SkoQMlIzWohyYmPuJLM8NphJdbj/7+JI8y70yVUwzCnTufFh84dTIg8oot4s6ymcyXf3F+MtIxYVUANmzHzJp0el6/as7nGN2trGwbaDYRGdOb4bQMptt/D4yBV3PN+T8kqhsmeNez98XtesmYt1cgGBK0GdVPCqylHO1UrJJklNM3L9WBPdnKnn0tKKDul47w4NiGuDr8/0RLhtPklKnauJWgCo1AyH3DUmwWsH6SkMacVrmfcLTCBgo6ABjrqAToGtpf69OKqNK/cimx8GJcke9Lch9W/9aJxtEGc656SP4uMlmOV733+rzSLZKVyv1FGvgcsNnRkp3EIS/5t4Xaboio4db7toNwKSAjRMWQYMNTLpPklDYUPMErk9MgVTNgrVKheIBb5OkQ4p3OfXBcf6pcnLw8l/vy1Qx+seyNdYEvUMQYVRPTAQIb2sNHPPNPRf97JTZbLati0y89loaWqglHfMl1ryS0jVMLum6nwZZxBN3/j7yoOFvQqh4xmMVNeesx+dHz2m7m/spzD9KYQ9prVauh8f1WVSqPbk2+k3CPkR0cRJTLOYw==
x-amz-target:TrentService.Decrypt

content-length;content-type;host;x-amz-content-sha256;x-amz-date;x-amz-security-token;x-amz-target
01d9e19cf3da183d1a3538752275d8623c16084156df19c87e9e1c40db55f14c

[INFO] [2021-01-17T01:09:37Z] [00007fe1994b8880] [AuthSigning] - (id=0x11e3d90) Signing successfully built string-to-sign via algorithm SigV4, with contents 
AWS4-HMAC-SHA256
20210117T010937Z
20210117/us-west-2/kms/aws4_request
75b2d790c6b0d5cbcfb8118d1d82f61d1ea72ffffb34ada82a0d3134305bab12

[INFO] [2021-01-17T01:09:37Z] [00007fe1994b8880] [AuthSigning] - (id=0x11e3d90) Http request successfully built final authorization value via algorithm SigV4, with contents 
AWS4-HMAC-SHA256 Credential=ASIA3LBHUAKMJVJCIO7K/20210117/us-west-2/kms/aws4_request, SignedHeaders=content-length;content-type;host;x-amz-content-sha256;x-amz-date;x-amz-security-token;x-amz-target, Signature=903ac68fba6538debc81bfa389d4026d574d19c5b18986c3715c4cacf512fde8

Sesssion ended
Awaiting connection...
Disconnected.
[INFO] [2021-01-17T01:09:37Z] [00007fe1978de700] [http-connection] - 0x7fe18c016f80: Client shutdown completed with error 0 (AWS_ERROR_SUCCESS).
[INFO] [2021-01-17T01:09:37Z] [00007fe1968dc700] [event-loop] - id=0x11efca0: Destroying event_loop
[INFO] [2021-01-17T01:09:37Z] [00007fe1968dc700] [event-loop] - id=0x11efca0: Stopping event-loop thread.
[INFO] [2021-01-17T01:09:37Z] [00007fe1968dc700] [event-loop] - id=0x11152b0: Destroying event_loop
[INFO] [2021-01-17T01:09:37Z] [00007fe1968dc700] [event-loop] - id=0x11152b0: Stopping event-loop thread.
Connecting to the console for enclave 19...
Successfully connected to the console.
[    0.000000] Linux version 4.14.177-104.253.amzn2.x86_64 (mockbuild@ip-10-0-1-32) (gcc version 7.3.1 20180712 (Red Hat 7.3.1-6) (GCC)) #1 SMP Fri May 1 02:01:13 UTC 2020
[    0.000000] Command line: reboot=k panic=30 pci=off nomodules console=ttyS0 i8042.noaux i8042.nomux i8042.nopnp i8042.dumbkbd random.trust_cpu=on virtio_mmio.device=4K@0xd0000000:5 virtio_mmio.device=4K@0xd0001000:6
[    0.000000] x86/fpu: Supporting XSAVE feature 0x001: 'x87 floating point registers'
[    0.000000] x86/fpu: Supporting XSAVE feature 0x002: 'SSE registers'
[    0.000000] x86/fpu: Supporting XSAVE feature 0x004: 'AVX registers'
[    0.000000] x86/fpu: Supporting XSAVE feature 0x008: 'MPX bounds registers'
[    0.000000] x86/fpu: Supporting XSAVE feature 0x010: 'MPX CSR'
[    0.000000] x86/fpu: Supporting XSAVE feature 0x020: 'AVX-512 opmask'
[    0.000000] x86/fpu: Supporting XSAVE feature 0x040: 'AVX-512 Hi256'
[    0.000000] x86/fpu: Supporting XSAVE feature 0x080: 'AVX-512 ZMM_Hi256'
[    0.000000] x86/fpu: Supporting XSAVE feature 0x200: 'Protection Keys User registers'
[    0.000000] x86/fpu: xstate_offset[2]:  576, xstate_sizes[2]:  256
[    0.000000] x86/fpu: xstate_offset[3]:  832, xstate_sizes[3]:   64
[    0.000000] x86/fpu: xstate_offset[4]:  896, xstate_sizes[4]:   64
[    0.000000] x86/fpu: xstate_offset[5]:  960, xstate_sizes[5]:   64
[    0.000000] x86/fpu: xstate_offset[6]: 1024, xstate_sizes[6]:  512
[    0.000000] x86/fpu: xstate_offset[7]: 1536, xstate_sizes[7]: 1024
[    0.000000] x86/fpu: xstate_offset[9]: 2560, xstate_sizes[9]:    8
[    0.000000] x86/fpu: Enabled xstate features 0x2ff, context size is 2568 bytes, using 'compacted' format.
[    0.000000] e820: BIOS-provided physical RAM map:
[    0.000000] BIOS-e820: [mem 0x0000000000000000-0x000000000009fbff] usable
[    0.000000] BIOS-e820: [mem 0x0000000000100000-0x000000001f7fffff] usable
[    0.000000] NX (Execute Disable) protection: active
[    0.000000] DMI not present or invalid.
[    0.000000] Hypervisor detected: KVM
[    0.000000] tsc: Fast TSC calibration using PIT
[    0.000000] e820: last_pfn = 0x1f800 max_arch_pfn = 0x400000000
[    0.000000] MTRR: Disabled
[    0.000000] x86/PAT: MTRRs disabled, skipping PAT initialization too.
[    0.000000] CPU MTRRs all blank - virtualized system.
[    0.000000] x86/PAT: Configuration [0-7]: WB  WT  UC- UC  WB  WT  UC- UC  
[    0.000000] found SMP MP-table at [mem 0x0009fc00-0x0009fc0f]
[    0.000000] Scanning 1 areas for low memory corruption
[    0.000000] Using GB pages for direct mapping
[    0.000000] RAMDISK: [mem 0x02447000-0x0a964fff]
[    0.000000] No NUMA configuration found
[    0.000000] Faking a node at [mem 0x0000000000000000-0x000000001f7fffff]
[    0.000000] NODE_DATA(0) allocated [mem 0x1f7de000-0x1f7fffff]
[    0.000000] kvm-clock: Using msrs 4b564d01 and 4b564d00
[    0.000000] kvm-clock: cpu 0, msr 0:1f7dc001, primary cpu clock
[    0.000000] kvm-clock: using sched offset of 1793497975 cycles
[    0.000000] clocksource: kvm-clock: mask: 0xffffffffffffffff max_cycles: 0x1cd42e4dffb, max_idle_ns: 881590591483 ns
[    0.000000] Zone ranges:
[    0.000000]   DMA      [mem 0x0000000000001000-0x0000000000ffffff]
[    0.000000]   DMA32    [mem 0x0000000001000000-0x000000001f7fffff]
[    0.000000]   Normal   empty
[    0.000000] Movable zone start for each node
[    0.000000] Early memory node ranges
[    0.000000]   node   0: [mem 0x0000000000001000-0x000000000009efff]
[    0.000000]   node   0: [mem 0x0000000000100000-0x000000001f7fffff]
[    0.000000] Initmem setup node 0 [mem 0x0000000000001000-0x000000001f7fffff]
[    0.000000] Intel MultiProcessor Specification v1.4
[    0.000000] MPTABLE: OEM ID: FC      
[    0.000000] MPTABLE: Product ID: 000000000000
[    0.000000] MPTABLE: APIC at: 0xFEE00000
[    0.000000] Processor #0 (Bootup-CPU)
[    0.000000] Processor #1
[    0.000000] IOAPIC[0]: apic_id 3, version 17, address 0xfec00000, GSI 0-23
[    0.000000] Processors: 2
[    0.000000] smpboot: Allowing 2 CPUs, 0 hotplug CPUs
[    0.000000] PM: Registered nosave memory: [mem 0x00000000-0x00000fff]
[    0.000000] PM: Registered nosave memory: [mem 0x0009f000-0x000fffff]
[    0.000000] e820: [mem 0x1f800000-0xffffffff] available for PCI devices
[    0.000000] Booting paravirtualized kernel on KVM
[    0.000000] clocksource: refined-jiffies: mask: 0xffffffff max_cycles: 0xffffffff, max_idle_ns: 7645519600211568 ns
[    0.000000] random: get_random_bytes called from start_kernel+0x94/0x486 with crng_init=0
[    0.000000] setup_percpu: NR_CPUS:128 nr_cpumask_bits:128 nr_cpu_ids:2 nr_node_ids:1
[    0.000000] percpu: Embedded 41 pages/cpu s128600 r8192 d31144 u1048576
[    0.000000] KVM setup async PF for cpu 0
[    0.000000] kvm-stealtime: cpu 0, msr 1f415040
[    0.000000] PV qspinlock hash table entries: 256 (order: 0, 4096 bytes)
[    0.000000] Built 1 zonelists, mobility grouping on.  Total pages: 126889
[    0.000000] Policy zone: DMA32
[    0.000000] Kernel command line: reboot=k panic=30 pci=off nomodules console=ttyS0 i8042.noaux i8042.nomux i8042.nopnp i8042.dumbkbd random.trust_cpu=on virtio_mmio.device=4K@0xd0000000:5 virtio_mmio.device=4K@0xd0001000:6
[    0.000000] PID hash table entries: 2048 (order: 2, 16384 bytes)
[    0.000000] Memory: 351348K/515704K available (10252K kernel code, 653K rwdata, 1572K rodata, 1300K init, 2808K bss, 164356K reserved, 0K cma-reserved)
[    0.000000] SLUB: HWalign=64, Order=0-3, MinObjects=0, CPUs=2, Nodes=1
[    0.004000] Hierarchical RCU implementation.
[    0.004000] 	RCU restricting CPUs from NR_CPUS=128 to nr_cpu_ids=2.
[    0.004000] RCU: Adjusting geometry for rcu_fanout_leaf=16, nr_cpu_ids=2
[    0.004000] NR_IRQS: 4352, nr_irqs: 56, preallocated irqs: 16
[    0.004000] Console: colour dummy device 80x25
[    0.004000] console [ttyS0] enabled
[    0.004000] tsc: Detected 2499.998 MHz processor
[    0.004000] Calibrating delay loop (skipped) preset value.. 4999.99 BogoMIPS (lpj=9999992)
[    0.004000] pid_max: default: 32768 minimum: 301
[    0.004000] Security Framework initialized
[    0.004000] SELinux:  Initializing.
[    0.004000] Dentry cache hash table entries: 65536 (order: 7, 524288 bytes)
[    0.004000] Inode-cache hash table entries: 32768 (order: 6, 262144 bytes)
[    0.004000] Mount-cache hash table entries: 1024 (order: 1, 8192 bytes)
[    0.004000] Mountpoint-cache hash table entries: 1024 (order: 1, 8192 bytes)
[    0.004438] Last level iTLB entries: 4KB 64, 2MB 8, 4MB 8
[    0.004828] Last level dTLB entries: 4KB 64, 2MB 0, 4MB 0, 1GB 4
[    0.005280] unchecked MSR access error: RDMSR from 0x122 at rIP: 0xffffffff81038c76 (native_read_msr+0x6/0x20)
[    0.005993] Call Trace:
[    0.006187]  tsx_disable+0x14/0x40
[    0.006442]  tsx_init+0xdf/0x134
[    0.006698]  identify_boot_cpu+0x78/0x7a
[    0.007007]  check_bugs+0x25/0x954
[    0.007288]  ? kmem_cache_alloc+0x132/0x140
[    0.008006]  start_kernel+0x45b/0x486
[    0.008275]  x86_64_start_reservations+0x2a/0x2c
[    0.008609]  x86_64_start_kernel+0x72/0x75
[    0.008907]  secondary_startup_64+0xa5/0xb0
[    0.009213] unchecked MSR access error: WRMSR to 0x122 (tried to write 0x0000000000000003) at rIP: 0xffffffff81038cb8 (native_write_msr+0x8/0x10)
[    0.010200] Call Trace:
[    0.010396]  tsx_disable+0x2e/0x40
[    0.010666]  tsx_init+0xdf/0x134
[    0.010922]  identify_boot_cpu+0x78/0x7a
[    0.011275]  check_bugs+0x25/0x954
[    0.011553]  ? kmem_cache_alloc+0x132/0x140
[    0.011891]  start_kernel+0x45b/0x486
[    0.012004]  x86_64_start_reservations+0x2a/0x2c
[    0.012354]  x86_64_start_kernel+0x72/0x75
[    0.012653]  secondary_startup_64+0xa5/0xb0
[    0.012963] Spectre V1 : Mitigation: usercopy/swapgs barriers and __user pointer sanitization
[    0.013572] Spectre V2 : Mitigation: Enhanced IBRS
[    0.013924] Spectre V2 : Spectre v2 / SpectreRSB mitigation: Filling RSB on context switch
[    0.014535] Spectre V2 : mitigation: Enabling conditional Indirect Branch Prediction Barrier
[    0.015145] Speculative Store Bypass: Mitigation: Speculative Store Bypass disabled via prctl and seccomp
[    0.016003] TAA: Mitigation: TSX disabled
[    0.016541] Freeing SMP alternatives memory: 32K
[    0.018777] smpboot: Max logical packages: 2
[    0.019258] x2apic enabled
[    0.019627] Switched APIC routing to physical x2apic.
[    0.020768] ..TIMER: vector=0x30 apic1=0 pin1=0 apic2=-1 pin2=-1
[    0.021269] smpboot: CPU0: Intel(R) Xeon(R) Processor @ 2.50GHz (family: 0x6, model: 0x55, stepping: 0x7)
[    0.022090] Performance Events: unsupported p6 CPU model 85 no PMU driver, software events only.
[    0.022818] Hierarchical SRCU implementation.
[    0.023571] smp: Bringing up secondary CPUs ...
[    0.024000] x86: Booting SMP configuration:
[    0.024000] .... node  #0, CPUs:      #1
[    0.004000] kvm-clock: cpu 1, msr 0:1f7dc041, secondary cpu clock
[    0.024211] KVM setup async PF for cpu 1
[    0.024288] kvm-stealtime: cpu 1, msr 1f515040
[    0.024751] smp: Brought up 1 node, 2 CPUs
[    0.024751] smpboot: Total of 2 processors activated (9999.99 BogoMIPS)
[    0.024972] devtmpfs: initialized
[    0.024972] x86/mm: Memory block size: 128MB
[    0.024972] clocksource: jiffies: mask: 0xffffffff max_cycles: 0xffffffff, max_idle_ns: 7645041785100000 ns
[    0.024972] futex hash table entries: 512 (order: 3, 32768 bytes)
[    0.028273] NET: Registered protocol family 16
[    0.028799] cpuidle: using governor ladder
[    0.028799] cpuidle: using governor menu
[    0.033531] HugeTLB registered 1.00 GiB page size, pre-allocated 0 pages
[    0.034040] HugeTLB registered 2.00 MiB page size, pre-allocated 0 pages
[    0.034552] SCSI subsystem initialized
[    0.034552] pps_core: LinuxPPS API ver. 1 registered
[    0.034552] pps_core: Software ver. 5.3.6 - Copyright 2005-2007 Rodolfo Giometti <giometti@linux.it>
[    0.036027] PTP clock support registered
[    0.036027] dmi: Firmware registration failed.
[    0.036476] NetLabel: Initializing
[    0.036734] NetLabel:  domain hash size = 128
[    0.037057] NetLabel:  protocols = UNLABELED CIPSOv4 CALIPSO
[    0.037487] NetLabel:  unlabeled traffic allowed by default
[    0.037943] clocksource: Switched to clocksource kvm-clock
[    0.038385] VFS: Disk quotas dquot_6.6.0
[    0.038695] VFS: Dquot-cache hash table entries: 512 (order 0, 4096 bytes)
[    0.039509] NET: Registered protocol family 2
[    0.039993] TCP established hash table entries: 4096 (order: 3, 32768 bytes)
[    0.040535] TCP bind hash table entries: 4096 (order: 4, 65536 bytes)
[    0.041014] TCP: Hash tables configured (established 4096 bind 4096)
[    0.041505] UDP hash table entries: 256 (order: 1, 8192 bytes)
[    0.041936] UDP-Lite hash table entries: 256 (order: 1, 8192 bytes)
[    0.042431] NET: Registered protocol family 1
[    0.042844] RPC: Registered named UNIX socket transport module.
[    0.043289] RPC: Registered udp transport module.
[    0.043651] RPC: Registered tcp transport module.
[    0.044017] RPC: Registered tcp NFSv4.1 backchannel transport module.
[    0.044534] Unpacking initramfs...
[    0.283320] Freeing initrd memory: 136312K
[    0.283718] virtio-mmio: Registering device virtio-mmio.0 at 0xd0000000-0xd0000fff, IRQ 5.
[    0.284386] virtio-mmio: Registering device virtio-mmio.1 at 0xd0001000-0xd0001fff, IRQ 6.
[    0.285038] clocksource: tsc: mask: 0xffffffffffffffff max_cycles: 0x240937b9988, max_idle_ns: 440795218083 ns
[    0.285786] platform rtc_cmos: registered platform RTC device (no PNP device found)
[    0.286814] Scanning for low memory corruption every 60 seconds
[    0.287498] audit: initializing netlink subsys (disabled)
[    0.288168] Initialise system trusted keyrings
[    0.288535] Key type blacklist registered
[    0.288851] audit: type=2000 audit(1610998040.177:1): state=initialized audit_enabled=0 res=1
[    0.289501] workingset: timestamp_bits=36 max_order=17 bucket_order=0
[    0.291096] zbud: loaded
[    0.292367] squashfs: version 4.0 (2009/01/31) Phillip Lougher
[    0.292962] NFS: Registering the id_resolver key type
[    0.293352] Key type id_resolver registered
[    0.293670] Key type id_legacy registered
[    0.293978] nfs4filelayout_init: NFSv4 File Layout Driver Registering...
[    0.296159] Key type asymmetric registered
[    0.296508] Asymmetric key parser 'x509' registered
[    0.296890] Block layer SCSI generic (bsg) driver version 0.4 loaded (major 252)
[    0.297512] io scheduler noop registered (default)
[    0.297917] io scheduler cfq registered
[    0.298303] virtio-mmio virtio-mmio.0: Failed to enable 64-bit or 32-bit DMA.  Trying to continue, but this might not work.
[    0.299193] virtio-mmio virtio-mmio.1: Failed to enable 64-bit or 32-bit DMA.  Trying to continue, but this might not work.
[    0.300218] Serial: 8250/16550 driver, 1 ports, IRQ sharing disabled
[    0.321950] serial8250: ttyS0 at I/O 0x3f8 (irq = 4, base_baud = 115200) is a U6_16550A
[    0.324072] loop: module loaded
[    0.324373] Loading iSCSI transport class v2.0-870.
[    0.324855] iscsi: registered transport (tcp)
[    0.325225] tun: Universal TUN/TAP device driver, 1.6
[    0.325707] hidraw: raw HID events driver (C) Jiri Kosina
[    0.326177] nf_conntrack version 0.5.0 (4096 buckets, 16384 max)
[    0.326767] ip_tables: (C) 2000-2006 Netfilter Core Team
[    0.327404] Initializing XFRM netlink socket
[    0.327875] NET: Registered protocol family 10
[    0.328737] Segment Routing with IPv6
[    0.329042] NET: Registered protocol family 17
[    0.329394] Bridge firewalling registered
[    0.329740] Key type dns_resolver registered
[    0.330158] NET: Registered protocol family 40
[    0.330867] sched_clock: Marking stable (330121648, 0)->(387620206, -57498558)
[    0.331606] registered taskstats version 1
[    0.331918] Loading compiled-in X.509 certificates
[    0.332978] Loaded X.509 cert 'Build time autogenerated kernel key: c582bb2a1fdabdd195bbc9c8840fff8158852907'
[    0.333709] zswap: loaded using pool lzo/zbud
[    0.334242] Key type encrypted registered
[    0.335621] Freeing unused kernel memory: 1300K
[    0.348040] Write protecting the kernel read-only data: 14336k
[    0.349896] Freeing unused kernel memory: 2016K
[    0.351137] Freeing unused kernel memory: 476K
[    0.351748] nsm: loading out-of-tree module taints kernel.
[    0.352186] nsm: module verification failed: signature and/or required key missing - tainting kernel
.
..
MESSAGE PRINTING TEST AOLDKCMADLCCMKL:test/[    0.396750] random: kmstool_enclave: uninitialized urandom read (32 bytes read)
[    0.397294] random: kmstool_enclave: uninitialized urandom read (32 bytes read)
[    0.398212] random: crng init done
Awaiting connection...
Connected peer
Object = { "Operation": "SetClient", "AwsAccessKeyId": "ASIA3LBHUAKMJLNS2P6S", "AwsSecretAccessKey": "ZjMfnVa7aJIKFmRXQlkXCZJ8mTNmFmBDcGrvX8uA", "AwsSessionToken": "IQoJb3JpZ2luX2VjEIv\/\/\/\/\/\/\/\/\/\/wEaCXVzLXdlc3QtMiJHMEUCIAGecl6ZdTTLBbh+3YfYwq8rTlpHvn3OXnfEoq\/4Y1g7AiEAyTmUbIClfiVIGhMmsGzxQxXfzcWkS9yg4S1mV3UBBS8qtAMIZBABGgw3Nzk2MTk2NjQ1MzYiDBp1Z\/BlmF3hs7tkgSqRA5NTL4h2NHpTSB5Kg0zGx7yNyacZYQM3uwBloD3tJt8t0XYDAdibK3aH5VH8SWhgtvpr\/4wY327j0wSUhNefcmwpbJWKHBRQSp4zkNsFGXnIhnViK\/VmsI7VwOCy1IHJB0NzIRw90af\/ouckDIBkDS78fIG+qem2CIcsBwaNkVBr2CtsTnx\/B\/vco1QCSMUKFZQ6CBYF9\/lDIKdOrbb0eW8RYsEELuLHcyo+P\/5MGMKu43uhA+owzFZEJ576Ih\/00dD2mWIsFrp4ZM7gUNUeqLveFArPgh95XjEdU1\/WG4jx7jIdia1RdwUWdsgAUtd1Uq\/z80gQhenqAzSrAuDRQqIkHYhrrwSOnFIvmHH89Ken3jKd+jKDs8icwqXTVDGvAW0CqW34VHfQbOJZJSXjsd\/ynCK7XEzW5aXOyKec2RH2EeGwlJ3CO1CZFXxvq9v7S0QmMPGzdAj\/0vqUR6j9cGPM8dQbgeAN\/s4d10uHG44QFL07aFXb8QvB32bKtZ0Icp9iTz3yyVTLR4bc1g6h3gJsMOqtl4AGOusB\/MtVqXTqTBep8jqH3p9PZutpVVJrJLrtsglmJMFFtBNKJHNeHUODruvgqRMzoR+nrBJOKpcZGxL9AEw2VYCv4Id4ozD+bslZE\/xEg9gt2jLaXaBv+ozII8dboJt9WLyowrpL6f8TSNPafBkD0v9mZoVHlcIpMQAARmr7tjmnBObLDzJHaVSS0zK65\/6LBs6YW9iaxf2Ih3DvcGJdZnzKAzso3DEOIJsObKP9n0kRO\/YJdn5r7rdi0N6wcfomKCCtGO68EDvyvzXSsull2b1wj2jQdk4emcr32VaSsE43RBwhMYPh2\/vasY+Fuw==" }
[INFO] [2021-01-18T19:28:05Z] [00007f8d70f2d880] [tls-handler] - ctx: cannot enable ocsp stapling: OCSP stapling was requested, but is not supported
[INFO] [2021-01-18T19:28:05Z] [00007f8d70f2d880] [event-loop] - id=0x11832b0: Initializing edge-triggered epoll
[INFO] [2021-01-18T19:28:05Z] [00007f8d70f2d880] [event-loop] - id=0x11832b0: Using eventfd for cross-thread notifications.
[INFO] [2021-01-18T19:28:05Z] [00007f8d70f2d880] [event-loop] - id=0x11832b0: Starting event-loop thread.
[INFO] [2021-01-18T19:28:05Z] [00007f8d70f2d880] [event-loop] - id=0x125dcb0: Initializing edge-triggered epoll
[INFO] [2021-01-18T19:28:05Z] [00007f8d70f2d880] [event-loop] - id=0x125dcb0: Using eventfd for cross-thread notifications.
[INFO] [2021-01-18T19:28:05Z] [00007f8d70f2d880] [event-loop] - id=0x125dcb0: Starting event-loop thread.
[INFO] [2021-01-18T19:28:05Z] [00007f8d70f2d880] [dns] - id=0x126bca0: Initializing default host resolver with 8 max host entries.
[INFO] [2021-01-18T19:28:05Z] [00007f8d70f2d880] [channel-bootstrap] - id=0x126bbb0: Initializing client bootstrap with event-loop group 0x126bd90
[WARN] [2021-01-18T19:28:05Z] [00007f8d70f2d880] [socket] - id=0x126d430 fd=10: setsockopt() for NO_SIGNAL failed with errno 92. If you are having SIGPIPE signals thrown, you may want to install a signal trap in your application layer.
[INFO] [2021-01-18T19:28:05Z] [00007f8d6eb52700] [event-loop] - id=0x125dcb0: main loop started
[INFO] [2021-01-18T19:28:05Z] [00007f8d6eb52700] [event-loop] - id=0x125dcb0: default timeout 100000, and max events to process per tick 100
[INFO] [2021-01-18T19:28:05Z] [00007f8d6f353700] [event-loop] - id=0x11832b0: main loop started
[INFO] [2021-01-18T19:28:05Z] [00007f8d6f353700] [event-loop] - id=0x11832b0: default timeout 100000, and max events to process per tick 100
[INFO] [2021-01-18T19:28:05Z] [00007f8d6f353700] [socket] - id=0x126d430 fd=10: connection success
Connected.
[INFO] [2021-01-18T19:28:05Z] [00007f8d6f353700] [http-connection] - id=0x7f8d64016f80: HTTP/1.1 client connection established.
Object = { "Operation": "Decrypt", "Ciphertext": "AQICAHjDlQ35nIiO6k4cvEcJooGbQY3jNzV\/jZYVN8q3cCqdMAEcEpflzFMmKnu\/8B+Hnsd+AAAAhDCBgQYJKoZIhvcNAQcGoHQwcgIBADBtBgkqhkiG9w0BBwEwHgYJYIZIAWUDBAEuMBEEDJx6U4YLO9rDpLsBvwIBEIBAc0MHsb38N9NvE64F1cSnmsEWDHRqVkXOIYV70yuFvTM5Mj2Cvr0U+ia0ZHhKlXXX\/bYNgbin2pWAM8XeCXAqSg==", "command": "AQICAHjDlQ35nIiO6k4cvEcJooGbQY3jNzV\/jZYVN8q3cCqdMAG6jPgaWRccalAhlDECwUwgAAAAaDBmBgkqhkiG9w0BBwagWTBXAgEAMFIGCSqGSIb3DQEHATAeBglghkgBZQMEAS4wEQQMZtE65wzsCkHkX7nDAgEQgCW+rz8lST9qgdKvOAO9Tp5JJMtKk33MoG6HOsZ3uUIF94A4bSqV" }
[INFO] [2021-01-18T19:28:05Z] [00007f8d70f2d880] [AuthSigning] - (id=0x125d460) Signing successfully built canonical request for algorithm SigV4, with contents 
POST
/

content-length:6665
content-type:application/x-amz-json-1.1
host:kms.us-west-2.amazonaws.com
x-amz-content-sha256:09728b6bc00407ad342c7db6ca926532bf34a9e4a83cc944436b3681415ba414
x-amz-date:20210118T192805Z
x-amz-security-token:IQoJb3JpZ2luX2VjEIv//////////wEaCXVzLXdlc3QtMiJHMEUCIAGecl6ZdTTLBbh+3YfYwq8rTlpHvn3OXnfEoq/4Y1g7AiEAyTmUbIClfiVIGhMmsGzxQxXfzcWkS9yg4S1mV3UBBS8qtAMIZBABGgw3Nzk2MTk2NjQ1MzYiDBp1Z/BlmF3hs7tkgSqRA5NTL4h2NHpTSB5Kg0zGx7yNyacZYQM3uwBloD3tJt8t0XYDAdibK3aH5VH8SWhgtvpr/4wY327j0wSUhNefcmwpbJWKHBRQSp4zkNsFGXnIhnViK/VmsI7VwOCy1IHJB0NzIRw90af/ouckDIBkDS78fIG+qem2CIcsBwaNkVBr2CtsTnx/B/vco1QCSMUKFZQ6CBYF9/lDIKdOrbb0eW8RYsEELuLHcyo+P/5MGMKu43uhA+owzFZEJ576Ih/00dD2mWIsFrp4ZM7gUNUeqLveFArPgh95XjEdU1/WG4jx7jIdia1RdwUWdsgAUtd1Uq/z80gQhenqAzSrAuDRQqIkHYhrrwSOnFIvmHH89Ken3jKd+jKDs8icwqXTVDGvAW0CqW34VHfQbOJZJSXjsd/ynCK7XEzW5aXOyKec2RH2EeGwlJ3CO1CZFXxvq9v7S0QmMPGzdAj/0vqUR6j9cGPM8dQbgeAN/s4d10uHG44QFL07aFXb8QvB32bKtZ0Icp9iTz3yyVTLR4bc1g6h3gJsMOqtl4AGOusB/MtVqXTqTBep8jqH3p9PZutpVVJrJLrtsglmJMFFtBNKJHNeHUODruvgqRMzoR+nrBJOKpcZGxL9AEw2VYCv4Id4ozD+bslZE/xEg9gt2jLaXaBv+ozII8dboJt9WLyowrpL6f8TSNPafBkD0v9mZoVHlcIpMQAARmr7tjmnBObLDzJHaVSS0zK65/6LBs6YW9iaxf2Ih3DvcGJdZnzKAzso3DEOIJsObKP9n0kRO/YJdn5r7rdi0N6wcfomKCCtGO68EDvyvzXSsull2b1wj2jQdk4emcr32VaSsE43RBwhMYPh2/vasY+Fuw==
x-amz-target:TrentService.Decrypt

content-length;content-type;host;x-amz-content-sha256;x-amz-date;x-amz-security-token;x-amz-target
09728b6bc00407ad342c7db6ca926532bf34a9e4a83cc944436b3681415ba414

[INFO] [2021-01-18T19:28:05Z] [00007f8d70f2d880] [AuthSigning] - (id=0x125d460) Signing successfully built string-to-sign via algorithm SigV4, with contents 
AWS4-HMAC-SHA256
20210118T192805Z
20210118/us-west-2/kms/aws4_request
c83ca75f5299a05612cc84bfe45990b5fe9ed7840a113125ed8b7b2e5ec12382

[INFO] [2021-01-18T19:28:05Z] [00007f8d70f2d880] [AuthSigning] - (id=0x125d460) Http request successfully built final authorization value via algorithm SigV4, with contents 
AWS4-HMAC-SHA256 Credential=ASIA3LBHUAKMJLNS2P6S/20210118/us-west-2/kms/aws4_request, SignedHeaders=content-length;content-type;host;x-amz-content-sha256;x-amz-date;x-amz-security-token;x-amz-target, Signature=cccabb5a251e8c193dd5755dc134efcd719c98c4a01156e1f52d1e5e5c68c41a

[INFO] [2021-01-18T19:28:06Z] [00007f8d70f2d880] [AuthSigning] - (id=0x1250ff0) Signing successfully built canonical request for algorithm SigV4, with contents 
POST
/

content-length:6624
content-type:application/x-amz-json-1.1
host:kms.us-west-2.amazonaws.com
x-amz-content-sha256:aac5da4aac8c7cc019b841778a2e5ec7254bcfac4f509e0d6e573539dd821355
x-amz-date:20210118T192806Z
x-amz-security-token:IQoJb3JpZ2luX2VjEIv//////////wEaCXVzLXdlc3QtMiJHMEUCIAGecl6ZdTTLBbh+3YfYwq8rTlpHvn3OXnfEoq/4Y1g7AiEAyTmUbIClfiVIGhMmsGzxQxXfzcWkS9yg4S1mV3UBBS8qtAMIZBABGgw3Nzk2MTk2NjQ1MzYiDBp1Z/BlmF3hs7tkgSqRA5NTL4h2NHpTSB5Kg0zGx7yNyacZYQM3uwBloD3tJt8t0XYDAdibK3aH5VH8SWhgtvpr/4wY327j0wSUhNefcmwpbJWKHBRQSp4zkNsFGXnIhnViK/VmsI7VwOCy1IHJB0NzIRw90af/ouckDIBkDS78fIG+qem2CIcsBwaNkVBr2CtsTnx/B/vco1QCSMUKFZQ6CBYF9/lDIKdOrbb0eW8RYsEELuLHcyo+P/5MGMKu43uhA+owzFZEJ576Ih/00dD2mWIsFrp4ZM7gUNUeqLveFArPgh95XjEdU1/WG4jx7jIdia1RdwUWdsgAUtd1Uq/z80gQhenqAzSrAuDRQqIkHYhrrwSOnFIvmHH89Ken3jKd+jKDs8icwqXTVDGvAW0CqW34VHfQbOJZJSXjsd/ynCK7XEzW5aXOyKec2RH2EeGwlJ3CO1CZFXxvq9v7S0QmMPGzdAj/0vqUR6j9cGPM8dQbgeAN/s4d10uHG44QFL07aFXb8QvB32bKtZ0Icp9iTz3yyVTLR4bc1g6h3gJsMOqtl4AGOusB/MtVqXTqTBep8jqH3p9PZutpVVJrJLrtsglmJMFFtBNKJHNeHUODruvgqRMzoR+nrBJOKpcZGxL9AEw2VYCv4Id4ozD+bslZE/xEg9gt2jLaXaBv+ozII8dboJt9WLyowrpL6f8TSNPafBkD0v9mZoVHlcIpMQAARmr7tjmnBObLDzJHaVSS0zK65/6LBs6YW9iaxf2Ih3DvcGJdZnzKAzso3DEOIJsObKP9n0kRO/YJdn5r7rdi0N6wcfomKCCtGO68EDvyvzXSsull2b1wj2jQdk4emcr32VaSsE43RBwhMYPh2/vasY+Fuw==
x-amz-target:TrentService.Decrypt

content-length;content-type;host;x-amz-content-sha256;x-amz-date;x-amz-security-token;x-amz-target
aac5da4aac8c7cc019b841778a2e5ec7254bcfac4f509e0d6e573539dd821355

[INFO] [2021-01-18T19:28:06Z] [00007f8d70f2d880] [AuthSigning] - (id=0x1250ff0) Signing successfully built string-to-sign via algorithm SigV4, with contents 
AWS4-HMAC-SHA256
20210118T192806Z
20210118/us-west-2/kms/aws4_request
3aa8e8bc5a25d5d74daf941f13f24cff5bb82e2525114235e943997e99003662

[INFO] [2021-01-18T19:28:06Z] [00007f8d70f2d880] [AuthSigning] - (id=0x1250ff0) Http request successfully built final authorization value via algorithm SigV4, with contents 
AWS4-HMAC-SHA256 Credential=ASIA3LBHUAKMJLNS2P6S/20210118/us-west-2/kms/aws4_request, SignedHeaders=content-length;content-type;host;x-amz-content-sha256;x-amz-date;x-amz-security-token;x-amz-target, Signature=e03b3c01a95f142045adc879affa3231a810c72ed93608123236f493885f5128

Sesssion ended
Awaiting connection...
Disconnected.
[INFO] [2021-01-18T19:28:06Z] [00007f8d6f353700] [http-connection] - 0x7f8d64016f80: Client shutdown completed with error 0 (AWS_ERROR_SUCCESS).
[INFO] [2021-01-18T19:28:06Z] [00007f8d6e351700] [event-loop] - id=0x125dcb0: Destroying event_loop
[INFO] [2021-01-18T19:28:06Z] [00007f8d6e351700] [event-loop] - id=0x125dcb0: Stopping event-loop thread.
[INFO] [2021-01-18T19:28:06Z] [00007f8d6e351700] [event-loop] - id=0x11832b0: Destroying event_loop
[INFO] [2021-01-18T19:28:06Z] [00007f8d6e351700] [event-loop] - id=0x11832b0: Stopping event-loop thread.
Connecting to the console for enclave 20...
Successfully connected to the console.
[    0.000000] Linux version 4.14.177-104.253.amzn2.x86_64 (mockbuild@ip-10-0-1-32) (gcc version 7.3.1 20180712 (Red Hat 7.3.1-6) (GCC)) #1 SMP Fri May 1 02:01:13 UTC 2020
[    0.000000] Command line: reboot=k panic=30 pci=off nomodules console=ttyS0 i8042.noaux i8042.nomux i8042.nopnp i8042.dumbkbd random.trust_cpu=on virtio_mmio.device=4K@0xd0000000:5 virtio_mmio.device=4K@0xd0001000:6
[    0.000000] x86/fpu: Supporting XSAVE feature 0x001: 'x87 floating point registers'
[    0.000000] x86/fpu: Supporting XSAVE feature 0x002: 'SSE registers'
[    0.000000] x86/fpu: Supporting XSAVE feature 0x004: 'AVX registers'
[    0.000000] x86/fpu: Supporting XSAVE feature 0x008: 'MPX bounds registers'
[    0.000000] x86/fpu: Supporting XSAVE feature 0x010: 'MPX CSR'
[    0.000000] x86/fpu: Supporting XSAVE feature 0x020: 'AVX-512 opmask'
[    0.000000] x86/fpu: Supporting XSAVE feature 0x040: 'AVX-512 Hi256'
[    0.000000] x86/fpu: Supporting XSAVE feature 0x080: 'AVX-512 ZMM_Hi256'
[    0.000000] x86/fpu: Supporting XSAVE feature 0x200: 'Protection Keys User registers'
[    0.000000] x86/fpu: xstate_offset[2]:  576, xstate_sizes[2]:  256
[    0.000000] x86/fpu: xstate_offset[3]:  832, xstate_sizes[3]:   64
[    0.000000] x86/fpu: xstate_offset[4]:  896, xstate_sizes[4]:   64
[    0.000000] x86/fpu: xstate_offset[5]:  960, xstate_sizes[5]:   64
[    0.000000] x86/fpu: xstate_offset[6]: 1024, xstate_sizes[6]:  512
[    0.000000] x86/fpu: xstate_offset[7]: 1536, xstate_sizes[7]: 1024
[    0.000000] x86/fpu: xstate_offset[9]: 2560, xstate_sizes[9]:    8
[    0.000000] x86/fpu: Enabled xstate features 0x2ff, context size is 2568 bytes, using 'compacted' format.
[    0.000000] e820: BIOS-provided physical RAM map:
[    0.000000] BIOS-e820: [mem 0x0000000000000000-0x000000000009fbff] usable
[    0.000000] BIOS-e820: [mem 0x0000000000100000-0x000000001f7fffff] usable
[    0.000000] NX (Execute Disable) protection: active
[    0.000000] DMI not present or invalid.
[    0.000000] Hypervisor detected: KVM
[    0.000000] tsc: Fast TSC calibration using PIT
[    0.000000] e820: last_pfn = 0x1f800 max_arch_pfn = 0x400000000
[    0.000000] MTRR: Disabled
[    0.000000] x86/PAT: MTRRs disabled, skipping PAT initialization too.
[    0.000000] CPU MTRRs all blank - virtualized system.
[    0.000000] x86/PAT: Configuration [0-7]: WB  WT  UC- UC  WB  WT  UC- UC  
[    0.000000] found SMP MP-table at [mem 0x0009fc00-0x0009fc0f]
[    0.000000] Scanning 1 areas for low memory corruption
[    0.000000] Using GB pages for direct mapping
[    0.000000] RAMDISK: [mem 0x02447000-0x0a965fff]
[    0.000000] No NUMA configuration found
[    0.000000] Faking a node at [mem 0x0000000000000000-0x000000001f7fffff]
[    0.000000] NODE_DATA(0) allocated [mem 0x1f7de000-0x1f7fffff]
[    0.000000] kvm-clock: Using msrs 4b564d01 and 4b564d00
[    0.000000] kvm-clock: cpu 0, msr 0:1f7dc001, primary cpu clock
[    0.000000] kvm-clock: using sched offset of 1789169166 cycles
[    0.000000] clocksource: kvm-clock: mask: 0xffffffffffffffff max_cycles: 0x1cd42e4dffb, max_idle_ns: 881590591483 ns
[    0.000000] Zone ranges:
[    0.000000]   DMA      [mem 0x0000000000001000-0x0000000000ffffff]
[    0.000000]   DMA32    [mem 0x0000000001000000-0x000000001f7fffff]
[    0.000000]   Normal   empty
[    0.000000] Movable zone start for each node
[    0.000000] Early memory node ranges
[    0.000000]   node   0: [mem 0x0000000000001000-0x000000000009efff]
[    0.000000]   node   0: [mem 0x0000000000100000-0x000000001f7fffff]
[    0.000000] Initmem setup node 0 [mem 0x0000000000001000-0x000000001f7fffff]
[    0.000000] Intel MultiProcessor Specification v1.4
[    0.000000] MPTABLE: OEM ID: FC      
[    0.000000] MPTABLE: Product ID: 000000000000
[    0.000000] MPTABLE: APIC at: 0xFEE00000
[    0.000000] Processor #0 (Bootup-CPU)
[    0.000000] Processor #1
[    0.000000] IOAPIC[0]: apic_id 3, version 17, address 0xfec00000, GSI 0-23
[    0.000000] Processors: 2
[    0.000000] smpboot: Allowing 2 CPUs, 0 hotplug CPUs
[    0.000000] PM: Registered nosave memory: [mem 0x00000000-0x00000fff]
[    0.000000] PM: Registered nosave memory: [mem 0x0009f000-0x000fffff]
[    0.000000] e820: [mem 0x1f800000-0xffffffff] available for PCI devices
[    0.000000] Booting paravirtualized kernel on KVM
[    0.000000] clocksource: refined-jiffies: mask: 0xffffffff max_cycles: 0xffffffff, max_idle_ns: 7645519600211568 ns
[    0.000000] random: get_random_bytes called from start_kernel+0x94/0x486 with crng_init=0
[    0.000000] setup_percpu: NR_CPUS:128 nr_cpumask_bits:128 nr_cpu_ids:2 nr_node_ids:1
[    0.000000] percpu: Embedded 41 pages/cpu s128600 r8192 d31144 u1048576
[    0.000000] KVM setup async PF for cpu 0
[    0.000000] kvm-stealtime: cpu 0, msr 1f415040
[    0.000000] PV qspinlock hash table entries: 256 (order: 0, 4096 bytes)
[    0.000000] Built 1 zonelists, mobility grouping on.  Total pages: 126889
[    0.000000] Policy zone: DMA32
[    0.000000] Kernel command line: reboot=k panic=30 pci=off nomodules console=ttyS0 i8042.noaux i8042.nomux i8042.nopnp i8042.dumbkbd random.trust_cpu=on virtio_mmio.device=4K@0xd0000000:5 virtio_mmio.device=4K@0xd0001000:6
[    0.000000] PID hash table entries: 2048 (order: 2, 16384 bytes)
[    0.000000] Memory: 351344K/515704K available (10252K kernel code, 653K rwdata, 1572K rodata, 1300K init, 2808K bss, 164360K reserved, 0K cma-reserved)
[    0.000000] SLUB: HWalign=64, Order=0-3, MinObjects=0, CPUs=2, Nodes=1
[    0.004000] Hierarchical RCU implementation.
[    0.004000] 	RCU restricting CPUs from NR_CPUS=128 to nr_cpu_ids=2.
[    0.004000] RCU: Adjusting geometry for rcu_fanout_leaf=16, nr_cpu_ids=2
[    0.004000] NR_IRQS: 4352, nr_irqs: 56, preallocated irqs: 16
[    0.004000] Console: colour dummy device 80x25
[    0.004000] console [ttyS0] enabled
[    0.004000] tsc: Detected 2499.998 MHz processor
[    0.004000] Calibrating delay loop (skipped) preset value.. 4999.99 BogoMIPS (lpj=9999992)
[    0.004000] pid_max: default: 32768 minimum: 301
[    0.004000] Security Framework initialized
[    0.004000] SELinux:  Initializing.
[    0.004000] Dentry cache hash table entries: 65536 (order: 7, 524288 bytes)
[    0.004000] Inode-cache hash table entries: 32768 (order: 6, 262144 bytes)
[    0.004000] Mount-cache hash table entries: 1024 (order: 1, 8192 bytes)
[    0.004000] Mountpoint-cache hash table entries: 1024 (order: 1, 8192 bytes)
[    0.004474] Last level iTLB entries: 4KB 64, 2MB 8, 4MB 8
[    0.004903] Last level dTLB entries: 4KB 64, 2MB 0, 4MB 0, 1GB 4
[    0.005404] unchecked MSR access error: RDMSR from 0x122 at rIP: 0xffffffff81038c76 (native_read_msr+0x6/0x20)
[    0.006163] Call Trace:
[    0.006369]  tsx_disable+0x14/0x40
[    0.006641]  tsx_init+0xdf/0x134
[    0.006879]  identify_boot_cpu+0x78/0x7a
[    0.007164]  check_bugs+0x25/0x954
[    0.007430]  ? kmem_cache_alloc+0x132/0x140
[    0.008005]  start_kernel+0x45b/0x486
[    0.008294]  x86_64_start_reservations+0x2a/0x2c
[    0.008651]  x86_64_start_kernel+0x72/0x75
[    0.008971]  secondary_startup_64+0xa5/0xb0
[    0.009300] unchecked MSR access error: WRMSR to 0x122 (tried to write 0x0000000000000003) at rIP: 0xffffffff81038cb8 (native_write_msr+0x8/0x10)
[    0.010217] Call Trace:
[    0.010399]  tsx_disable+0x2e/0x40
[    0.010648]  tsx_init+0xdf/0x134
[    0.010884]  identify_boot_cpu+0x78/0x7a
[    0.011169]  check_bugs+0x25/0x954
[    0.011418]  ? kmem_cache_alloc+0x132/0x140
[    0.011723]  start_kernel+0x45b/0x486
[    0.012003]  x86_64_start_reservations+0x2a/0x2c
[    0.012337]  x86_64_start_kernel+0x72/0x75
[    0.012634]  secondary_startup_64+0xa5/0xb0
[    0.012942] Spectre V1 : Mitigation: usercopy/swapgs barriers and __user pointer sanitization
[    0.013547] Spectre V2 : Mitigation: Enhanced IBRS
[    0.013899] Spectre V2 : Spectre v2 / SpectreRSB mitigation: Filling RSB on context switch
[    0.014537] Spectre V2 : mitigation: Enabling conditional Indirect Branch Prediction Barrier
[    0.015161] Speculative Store Bypass: Mitigation: Speculative Store Bypass disabled via prctl and seccomp
[    0.015864] TAA: Mitigation: TSX disabled
[    0.016249] Freeing SMP alternatives memory: 32K
[    0.018490] smpboot: Max logical packages: 2
[    0.018966] x2apic enabled
[    0.019338] Switched APIC routing to physical x2apic.
[    0.020000] ..TIMER: vector=0x30 apic1=0 pin1=0 apic2=-1 pin2=-1
[    0.020000] smpboot: CPU0: Intel(R) Xeon(R) Processor @ 2.50GHz (family: 0x6, model: 0x55, stepping: 0x7)
[    0.020000] Performance Events: unsupported p6 CPU model 85 no PMU driver, software events only.
[    0.020000] Hierarchical SRCU implementation.
[    0.020000] smp: Bringing up secondary CPUs ...
[    0.020000] x86: Booting SMP configuration:
[    0.020000] .... node  #0, CPUs:      #1
[    0.004000] kvm-clock: cpu 1, msr 0:1f7dc041, secondary cpu clock
[    0.020219] KVM setup async PF for cpu 1
[    0.020301] kvm-stealtime: cpu 1, msr 1f515040
[    0.020765] smp: Brought up 1 node, 2 CPUs
[    0.020765] smpboot: Total of 2 processors activated (9999.99 BogoMIPS)
[    0.020972] devtmpfs: initialized
[    0.020972] x86/mm: Memory block size: 128MB
[    0.020972] clocksource: jiffies: mask: 0xffffffff max_cycles: 0xffffffff, max_idle_ns: 7645041785100000 ns
[    0.020972] futex hash table entries: 512 (order: 3, 32768 bytes)
[    0.024269] NET: Registered protocol family 16
[    0.024788] cpuidle: using governor ladder
[    0.024788] cpuidle: using governor menu
[    0.029511] HugeTLB registered 1.00 GiB page size, pre-allocated 0 pages
[    0.029804] HugeTLB registered 2.00 MiB page size, pre-allocated 0 pages
[    0.030344] SCSI subsystem initialized
[    0.030344] pps_core: LinuxPPS API ver. 1 registered
[    0.030344] pps_core: Software ver. 5.3.6 - Copyright 2005-2007 Rodolfo Giometti <giometti@linux.it>
[    0.032013] PTP clock support registered
[    0.032333] dmi: Firmware registration failed.
[    0.032810] NetLabel: Initializing
[    0.033067] NetLabel:  domain hash size = 128
[    0.033386] NetLabel:  protocols = UNLABELED CIPSOv4 CALIPSO
[    0.033815] NetLabel:  unlabeled traffic allowed by default
[    0.034266] clocksource: Switched to clocksource kvm-clock
[    0.034702] VFS: Disk quotas dquot_6.6.0
[    0.035009] VFS: Dquot-cache hash table entries: 512 (order 0, 4096 bytes)
[    0.035634] NET: Registered protocol family 2
[    0.035960] TCP established hash table entries: 4096 (order: 3, 32768 bytes)
[    0.036505] TCP bind hash table entries: 4096 (order: 4, 65536 bytes)
[    0.037019] TCP: Hash tables configured (established 4096 bind 4096)
[    0.037530] UDP hash table entries: 256 (order: 1, 8192 bytes)
[    0.037984] UDP-Lite hash table entries: 256 (order: 1, 8192 bytes)
[    0.038489] NET: Registered protocol family 1
[    0.038922] RPC: Registered named UNIX socket transport module.
[    0.039356] RPC: Registered udp transport module.
[    0.039715] RPC: Registered tcp transport module.
[    0.040079] RPC: Registered tcp NFSv4.1 backchannel transport module.
[    0.040596] Unpacking initramfs...
[    0.280811] Freeing initrd memory: 136316K
[    0.281194] virtio-mmio: Registering device virtio-mmio.0 at 0xd0000000-0xd0000fff, IRQ 5.
[    0.281836] virtio-mmio: Registering device virtio-mmio.1 at 0xd0001000-0xd0001fff, IRQ 6.
[    0.282490] clocksource: tsc: mask: 0xffffffffffffffff max_cycles: 0x240937b9988, max_idle_ns: 440795218083 ns
[    0.283224] platform rtc_cmos: registered platform RTC device (no PNP device found)
[    0.284223] Scanning for low memory corruption every 60 seconds
[    0.284895] audit: initializing netlink subsys (disabled)
[    0.285483] Initialise system trusted keyrings
[    0.285842] Key type blacklist registered
[    0.286153] audit: type=2000 audit(1610998775.720:1): state=initialized audit_enabled=0 res=1
[    0.286184] workingset: timestamp_bits=36 max_order=17 bucket_order=0
[    0.288623] zbud: loaded
[    0.289294] squashfs: version 4.0 (2009/01/31) Phillip Lougher
[    0.289938] NFS: Registering the id_resolver key type
[    0.290321] Key type id_resolver registered
[    0.290637] Key type id_legacy registered
[    0.290941] nfs4filelayout_init: NFSv4 File Layout Driver Registering...
[    0.293016] Key type asymmetric registered
[    0.293346] Asymmetric key parser 'x509' registered
[    0.293727] Block layer SCSI generic (bsg) driver version 0.4 loaded (major 252)
[    0.294305] io scheduler noop registered (default)
[    0.294689] io scheduler cfq registered
[    0.295050] virtio-mmio virtio-mmio.0: Failed to enable 64-bit or 32-bit DMA.  Trying to continue, but this might not work.
[    0.295931] virtio-mmio virtio-mmio.1: Failed to enable 64-bit or 32-bit DMA.  Trying to continue, but this might not work.
[    0.296882] Serial: 8250/16550 driver, 1 ports, IRQ sharing disabled
[    0.318658] serial8250: ttyS0 at I/O 0x3f8 (irq = 4, base_baud = 115200) is a U6_16550A
[    0.320659] loop: module loaded
[    0.320949] Loading iSCSI transport class v2.0-870.
[    0.321401] iscsi: registered transport (tcp)
[    0.321736] tun: Universal TUN/TAP device driver, 1.6
[    0.322202] hidraw: raw HID events driver (C) Jiri Kosina
[    0.322682] nf_conntrack version 0.5.0 (4096 buckets, 16384 max)
[    0.323242] ip_tables: (C) 2000-2006 Netfilter Core Team
[    0.323877] Initializing XFRM netlink socket
[    0.324336] NET: Registered protocol family 10
[    0.325113] Segment Routing with IPv6
[    0.325408] NET: Registered protocol family 17
[    0.325757] Bridge firewalling registered
[    0.326101] Key type dns_resolver registered
[    0.326496] NET: Registered protocol family 40
[    0.327233] sched_clock: Marking stable (326463163, 0)->(387570327, -61107164)
[    0.328015] registered taskstats version 1
[    0.328330] Loading compiled-in X.509 certificates
[    0.329349] Loaded X.509 cert 'Build time autogenerated kernel key: c582bb2a1fdabdd195bbc9c8840fff8158852907'
[    0.330087] zswap: loaded using pool lzo/zbud
[    0.330623] Key type encrypted registered
[    0.331994] Freeing unused kernel memory: 1300K
[    0.356100] Write protecting the kernel read-only data: 14336k
[    0.358003] Freeing unused kernel memory: 2016K
[    0.359244] Freeing unused kernel memory: 476K
[    0.359822] nsm: loading out-of-tree module taints kernel.
[    0.360253] nsm: module verification failed: signature and/or required key missing - tainting kernel
.
..
MESSAGE PRINTING TEST AOLDKCMADLCCMKL:test/[    0.365427] random: kmstool_enclave: uninitialized urandom read (32 bytes read)
[    0.365958] random: kmstool_enclave: uninitialized urandom read (32 bytes read)
[    0.366841] random: crng init done
Awaiting connection...
Connected peer
Object = { "Operation": "SetClient", "AwsAccessKeyId": "ASIA3LBHUAKMJLNS2P6S", "AwsSecretAccessKey": "ZjMfnVa7aJIKFmRXQlkXCZJ8mTNmFmBDcGrvX8uA", "AwsSessionToken": "IQoJb3JpZ2luX2VjEIv\/\/\/\/\/\/\/\/\/\/wEaCXVzLXdlc3QtMiJHMEUCIAGecl6ZdTTLBbh+3YfYwq8rTlpHvn3OXnfEoq\/4Y1g7AiEAyTmUbIClfiVIGhMmsGzxQxXfzcWkS9yg4S1mV3UBBS8qtAMIZBABGgw3Nzk2MTk2NjQ1MzYiDBp1Z\/BlmF3hs7tkgSqRA5NTL4h2NHpTSB5Kg0zGx7yNyacZYQM3uwBloD3tJt8t0XYDAdibK3aH5VH8SWhgtvpr\/4wY327j0wSUhNefcmwpbJWKHBRQSp4zkNsFGXnIhnViK\/VmsI7VwOCy1IHJB0NzIRw90af\/ouckDIBkDS78fIG+qem2CIcsBwaNkVBr2CtsTnx\/B\/vco1QCSMUKFZQ6CBYF9\/lDIKdOrbb0eW8RYsEELuLHcyo+P\/5MGMKu43uhA+owzFZEJ576Ih\/00dD2mWIsFrp4ZM7gUNUeqLveFArPgh95XjEdU1\/WG4jx7jIdia1RdwUWdsgAUtd1Uq\/z80gQhenqAzSrAuDRQqIkHYhrrwSOnFIvmHH89Ken3jKd+jKDs8icwqXTVDGvAW0CqW34VHfQbOJZJSXjsd\/ynCK7XEzW5aXOyKec2RH2EeGwlJ3CO1CZFXxvq9v7S0QmMPGzdAj\/0vqUR6j9cGPM8dQbgeAN\/s4d10uHG44QFL07aFXb8QvB32bKtZ0Icp9iTz3yyVTLR4bc1g6h3gJsMOqtl4AGOusB\/MtVqXTqTBep8jqH3p9PZutpVVJrJLrtsglmJMFFtBNKJHNeHUODruvgqRMzoR+nrBJOKpcZGxL9AEw2VYCv4Id4ozD+bslZE\/xEg9gt2jLaXaBv+ozII8dboJt9WLyowrpL6f8TSNPafBkD0v9mZoVHlcIpMQAARmr7tjmnBObLDzJHaVSS0zK65\/6LBs6YW9iaxf2Ih3DvcGJdZnzKAzso3DEOIJsObKP9n0kRO\/YJdn5r7rdi0N6wcfomKCCtGO68EDvyvzXSsull2b1wj2jQdk4emcr32VaSsE43RBwhMYPh2\/vasY+Fuw==" }
[INFO] [2021-01-18T19:39:48Z] [00007f5dceefc880] [tls-handler] - ctx: cannot enable ocsp stapling: OCSP stapling was requested, but is not supported
[INFO] [2021-01-18T19:39:48Z] [00007f5dceefc880] [event-loop] - id=0x15032b0: Initializing edge-triggered epoll
[INFO] [2021-01-18T19:39:48Z] [00007f5dceefc880] [event-loop] - id=0x15032b0: Using eventfd for cross-thread notifications.
[INFO] [2021-01-18T19:39:48Z] [00007f5dceefc880] [event-loop] - id=0x15032b0: Starting event-loop thread.
[INFO] [2021-01-18T19:39:48Z] [00007f5dceefc880] [event-loop] - id=0x15ddcb0: Initializing edge-triggered epoll
[INFO] [2021-01-18T19:39:48Z] [00007f5dceefc880] [event-loop] - id=0x15ddcb0: Using eventfd for cross-thread notifications.
[INFO] [2021-01-18T19:39:48Z] [00007f5dceefc880] [event-loop] - id=0x15ddcb0: Starting event-loop thread.
[INFO] [2021-01-18T19:39:48Z] [00007f5dceefc880] [dns] - id=0x15ebca0: Initializing default host resolver with 8 max host entries.
[INFO] [2021-01-18T19:39:48Z] [00007f5dceefc880] [channel-bootstrap] - id=0x15ebbb0: Initializing client bootstrap with event-loop group 0x15ebd90
[WARN] [2021-01-18T19:39:48Z] [00007f5dceefc880] [socket] - id=0x15ed430 fd=10: setsockopt() for NO_SIGNAL failed with errno 92. If you are having SIGPIPE signals thrown, you may want to install a signal trap in your application layer.
[INFO] [2021-01-18T19:39:48Z] [00007f5dccb21700] [event-loop] - id=0x15ddcb0: main loop started
[INFO] [2021-01-18T19:39:48Z] [00007f5dccb21700] [event-loop] - id=0x15ddcb0: default timeout 100000, and max events to process per tick 100
[INFO] [2021-01-18T19:39:48Z] [00007f5dcd322700] [event-loop] - id=0x15032b0: main loop started
[INFO] [2021-01-18T19:39:48Z] [00007f5dcd322700] [event-loop] - id=0x15032b0: default timeout 100000, and max events to process per tick 100
[INFO] [2021-01-18T19:39:48Z] [00007f5dcd322700] [socket] - id=0x15ed430 fd=10: connection success
Connected.
[INFO] [2021-01-18T19:39:49Z] [00007f5dcd322700] [http-connection] - id=0x7f5dc4016f80: HTTP/1.1 client connection established.
Object = { "Operation": "Decrypt", "Ciphertext": "AQICAHjDlQ35nIiO6k4cvEcJooGbQY3jNzV\/jZYVN8q3cCqdMAEczo+R1YUNhKvo5WhT56ASAAAAhDCBgQYJKoZIhvcNAQcGoHQwcgIBADBtBgkqhkiG9w0BBwEwHgYJYIZIAWUDBAEuMBEEDKyMdtudu+y5p88zWwIBEIBAb+sqQ9+BE+IrWJBBwTEsiJE3\/rm8WoRqxPsDvddtRTpwBnE9aSci3m8MPk2s52A4FBnUGTKqlZOcdOiiyhlqrA==", "command": "AQICAHjDlQ35nIiO6k4cvEcJooGbQY3jNzV\/jZYVN8q3cCqdMAGTZxLRYo8VPqaa\/4lmDYpWAAAAaDBmBgkqhkiG9w0BBwagWTBXAgEAMFIGCSqGSIb3DQEHATAeBglghkgBZQMEAS4wEQQM6YQq5GPkXSFOzQa6AgEQgCWbUTqRaIc5L1t6f9yoUz2PL729WiJYPvUcA9zREUmeox0Wqfyc" }
decrypt request string:{ "CiphertextBlob": "AQICAHjDlQ35nIiO6k4cvEcJooGbQY3jNzV\/jZYVN8q3cCqdMAEczo+R1YUNhKvo5WhT56ASAAAAhDCBgQYJKoZIhvcNAQcGoHQwcgIBADBtBgkqhkiG9w0BBwEwHgYJYIZIAWUDBAEuMBEEDKyMdtudu+y5p88zWwIBEIBAb+sqQ9+BE+IrWJBBwTEsiJE3\/rm8WoRqxPsDvddtRTpwBnE9aSci3m8MPk2s52A4FBnUGTKqlZOcdOiiyhlqrA==", "Recipient": { "KeyEncryptionAlgorithm": "RSAES_OAEP_SHA_256", "AttestationDocument": "hEShATgioFkR6KlpbW9kdWxlX2lkeCdpLTBjNmI5Yzc1NDNmYzMyYzQwLWVuYzAxNzcxNzAyNzY2ZWJhNThmZGlnZXN0ZlNIQTM4NGl0aW1lc3RhbXAbAAABdxcCtURkcGNyc7AAWDAAAAAAAAAAAAAAAAAAAAAAAAAAAAAAAAAAAAAAAAAAAAAAAAAAAAAAAAAAAAAAAAABWDAAAAAAAAAAAAAAAAAAAAAAAAAAAAAAAAAAAAAAAAAAAAAAAAAAAAAAAAAAAAAAAAACWDAAAAAAAAAAAAAAAAAAAAAAAAAAAAAAAAAAAAAAAAAAAAAAAAAAAAAAAAAAAAAAAAADWDA1\/yiBZ20sbJotGsvz4cyiSfI1W9Pzujc1Vd435IivLynVzgNsaCXTFoIt6rPKHckEWDBN7x6BAVxN86kBVFGL1ueM0IvQQZ4vIUNBdsVueIZYtwi0E6iu7ufd4mvvpkbTx8wFWDAAAAAAAAAAAAAAAAAAAAAAAAAAAAAAAAAAAAAAAAAAAAAAAAAAAAAAAAAAAAAAAAAGWDAAAAAAAAAAAAAAAAAAAAAAAAAAAAAAAAAAAAAAAAAAAAAAAAAAAAAAAAAAAAAAAAAHWDAAAAAAAAAAAAAAAAAAAAAAAAAAAAAAAAAAAAAAAAAAAAAAAAAAAAAAAAAAAAAAAAAIWDAAAAAAAAAAAAAAAAAAAAAAAAAAAAAAAAAAAAAAAAAAAAAAAAAAAAAAAAAAAAAAAAAJWDAAAAAAAAAAAAAAAAAAAAAAAAAAAAAAAAAAAAAAAAAAAAAAAAAAAAAAAAAAAAAAAAAKWDAAAAAAAAAAAAAAAAAAAAAAAAAAAAAAAAAAAAAAAAAAAAAAAAAAAAAAAAAAAAAAAAALWDAAAAAAAAAAAAAAAAAAAAAAAAAAAAAAAAAAAAAAAAAAAAAAAAAAAAAAAAAAAAAAAAAMWDAAAAAAAAAAAAAAAAAAAAAAAAAAAAAAAAAAAAAAAAAAAAAAAAAAAAAAAAAAAAAAAAANWDAAAAAAAAAAAAAAAAAAAAAAAAAAAAAAAAAAAAAAAAAAAAAAAAAAAAAAAAAAAAAAAAAOWDAAAAAAAAAAAAAAAAAAAAAAAAAAAAAAAAAAAAAAAAAAAAAAAAAAAAAAAAAAAAAAAAAPWDAAAAAAAAAAAAAAAAAAAAAAAAAAAAAAAAAAAAAAAAAAAAAAAAAAAAAAAAAAAAAAAABrY2VydGlmaWNhdGVZAn8wggJ7MIICAaADAgECAhABdxcCdm66WAAAAABgBeQFMAoGCCqGSM49BAMDMIGOMQswCQYDVQQGEwJVUzETMBEGA1UECAwKV2FzaGluZ3RvbjEQMA4GA1UEBwwHU2VhdHRsZTEPMA0GA1UECgwGQW1hem9uMQwwCgYDVQQLDANBV1MxOTA3BgNVBAMMMGktMGM2YjljNzU0M2ZjMzJjNDAudXMtd2VzdC0yLmF3cy5uaXRyby1lbmNsYXZlczAeFw0yMTAxMTgxOTM5NDlaFw0yMTAxMTgyMjM5NDlaMIGTMQswCQYDVQQGEwJVUzETMBEGA1UECAwKV2FzaGluZ3RvbjEQMA4GA1UEBwwHU2VhdHRsZTEPMA0GA1UECgwGQW1hem9uMQwwCgYDVQQLDANBV1MxPjA8BgNVBAMMNWktMGM2YjljNzU0M2ZjMzJjNDAtZW5jMDE3NzE3MDI3NjZlYmE1OC51cy13ZXN0LTIuYXdzMHYwEAYHKoZIzj0CAQYFK4EEACIDYgAELn5DK8UXHJv9YqlEQyXV+veO8o2iR0wM64J0Ut39+TcrUd07r8lC0Sta0f7CgZSEUVGuOI4h7uB\/4e+UAA739k4Q5fLeKVoNWmp+lee8UMp1BdOm0Ou1TjOgHkGuzwYoox0wGzAMBgNVHRMBAf8EAjAAMAsGA1UdDwQEAwIGwDAKBggqhkjOPQQDAwNoADBlAjAHaCkCtPgWL3Ywb67nIUZQkzp3om655XdaIAPhCPynCAp\/HxNJvAzDQwfpXEA\/lI0CMQDUUn9Sy2LtcGXaNkujsn6YI4XvNZr8\/f9C0ZvzVOl\/cG\/nI+OkPFqnobIenC22sYVoY2FidW5kbGWEWQIVMIICETCCAZagAwIBAgIRAPkxdWgbkK\/hHUbMtOTn+FYwCgYIKoZIzj0EAwMwSTELMAkGA1UEBhMCVVMxDzANBgNVBAoMBkFtYXpvbjEMMAoGA1UECwwDQVdTMRswGQYDVQQDDBJhd3Mubml0cm8tZW5jbGF2ZXMwHhcNMTkxMDI4MTMyODA1WhcNNDkxMDI4MTQyODA1WjBJMQswCQYDVQQGEwJVUzEPMA0GA1UECgwGQW1hem9uMQwwCgYDVQQLDANBV1MxGzAZBgNVBAMMEmF3cy5uaXRyby1lbmNsYXZlczB2MBAGByqGSM49AgEGBSuBBAAiA2IABPwCVOumCMHzaHDimtqQvkY4MpJzbolL\/\/Zy2YlES1BR5TSksfbb48C8WBoyt7F2Bw7eEtaaP+ohG2bnUs990d0JX28TcPQXCEPZ3BABIeTPYwEoCWZEh8l5YoQwTcU\/9KNCMEAwDwYDVR0TAQH\/BAUwAwEB\/zAdBgNVHQ4EFgQUkCW1DdkFR+eWw5b6cp3PmanfS5YwDgYDVR0PAQH\/BAQDAgGGMAoGCCqGSM49BAMDA2kAMGYCMQCjfy+Rocm9Xue4YnwWmNJVA44fA0P5W2OpYow9OYCVRaEevL8uO1XYru5xtMPWrfMCMQCi85sWBbJwKKXdS6BptQFuZbT73o\/gBh1qUxl\/nNr12UO8Yfwr6wPLb+6NIwLz3\/ZZAsQwggLAMIICRaADAgECAhEA5n5KNN73fqYILPmIB6PomjAKBggqhkjOPQQDAzBJMQswCQYDVQQGEwJVUzEPMA0GA1UECgwGQW1hem9uMQwwCgYDVQQLDANBV1MxGzAZBgNVBAMMEmF3cy5uaXRyby1lbmNsYXZlczAeFw0yMTAxMTQwMjUzMDBaFw0yMTAyMDMwMzUzMDBaMGQxCzAJBgNVBAYTAlVTMQ8wDQYDVQQKDAZBbWF6b24xDDAKBgNVBAsMA0FXUzE2MDQGA1UEAwwtMWJiOWIwNTFlYTA3YzQ4OC51cy13ZXN0LTIuYXdzLm5pdHJvLWVuY2xhdmVzMHYwEAYHKoZIzj0CAQYFK4EEACIDYgAEMsVvv02XGxo7CrnFlsQCrXQOb7VwD8rgjcTsLuOIUVwje3W0TwJylyZHumfmn0Apx1yrBHP0LS17xP3oNdeLgFsKcXV7d4jslDVcT1M95NP9B9DqNqRl82r4xwrN49tmo4HVMIHSMBIGA1UdEwEB\/wQIMAYBAf8CAQIwHwYDVR0jBBgwFoAUkCW1DdkFR+eWw5b6cp3PmanfS5YwHQYDVR0OBBYEFBRJ84X2SSSw76f\/NFxBDzsGk8oxMA4GA1UdDwEB\/wQEAwIBhjBsBgNVHR8EZTBjMGGgX6BdhltodHRwOi8vYXdzLW5pdHJvLWVuY2xhdmVzLWNybC5zMy5hbWF6b25hd3MuY29tL2NybC9hYjQ5NjBjYy03ZDYzLTQyYmQtOWU5Zi01OTMzOGNiNjdmODQuY3JsMAoGCCqGSM49BAMDA2kAMGYCMQCpR7GqhiCt0IYQt2BPmRqFf5pCKzvm1x6vH5iWv8ohidg9lf7jsrdFgAJcxuLryjUCMQDrwfHqOp9zj3fEA4F2hR3zFWXNLlihsgm8tDckuZzeT0w2feRhdfu1tutbmxboePVZAxgwggMUMIICm6ADAgECAhEAr+F4JSl6Ozzlp8359f+oDjAKBggqhkjOPQQDAzBkMQswCQYDVQQGEwJVUzEPMA0GA1UECgwGQW1hem9uMQwwCgYDVQQLDANBV1MxNjA0BgNVBAMMLTFiYjliMDUxZWEwN2M0ODgudXMtd2VzdC0yLmF3cy5uaXRyby1lbmNsYXZlczAeFw0yMTAxMTgwMTMwNDVaFw0yMTAxMjQwMjMwNDVaMIGJMTwwOgYDVQQDDDNiNDU4ODE1M2ZiNmU5MzBlLnpvbmFsLnVzLXdlc3QtMi5hd3Mubml0cm8tZW5jbGF2ZXMxDDAKBgNVBAsMA0FXUzEPMA0GA1UECgwGQW1hem9uMQswCQYDVQQGEwJVUzELMAkGA1UECAwCV0ExEDAOBgNVBAcMB1NlYXR0bGUwdjAQBgcqhkjOPQIBBgUrgQQAIgNiAASOTPH+uaD7myJB3NAK6QNe+fpvKImSTgJuLdyxE3smfs6rf30B9yCcxMgKt2Lgc+axgnY+ME4xPc84ZpQwzJgcI3EtIc411wruVDIaGgokBCZBbVVYaFViwNhuNd4eSoqjgeowgecwEgYDVR0TAQH\/BAgwBgEB\/wIBATAfBgNVHSMEGDAWgBQUSfOF9kkksO+n\/zRcQQ87BpPKMTAdBgNVHQ4EFgQU6sjExvTS1dxVDVOJS\/x4gVYHthwwDgYDVR0PAQH\/BAQDAgGGMIGABgNVHR8EeTB3MHWgc6Bxhm9odHRwOi8vdXMtd2VzdC0yLWF3cy1uaXRyby1lbmNsYXZlcy1jcmwuczMudXMtd2VzdC0yLmFtYXpvbmF3cy5jb20vY3JsL2YwZjNkMDhkLTJjMmQtNDIyMy04Zjg4LWE1YjE0NWVjN2QxMS5jcmwwCgYIKoZIzj0EAwMDZwAwZAIwHSIk\/bKJxjZcj+VFZbfJE1gdCHbklnP00v+wrqmXUeSK1h8+DkjwvwJeTo29fFFVAjBMjOEgOfKRuComYsQqobfFjA6JdyGmBOF1HDW7yDafK1\/bWA2+bAgW1lS4PRDVS1tZAoIwggJ+MIICBaADAgECAhUA+wea2wxWRzAvloOVCOT9yjdtfxYwCgYIKoZIzj0EAwMwgYkxPDA6BgNVBAMMM2I0NTg4MTUzZmI2ZTkzMGUuem9uYWwudXMtd2VzdC0yLmF3cy5uaXRyby1lbmNsYXZlczEMMAoGA1UECwwDQVdTMQ8wDQYDVQQKDAZBbWF6b24xCzAJBgNVBAYTAlVTMQswCQYDVQQIDAJXQTEQMA4GA1UEBwwHU2VhdHRsZTAeFw0yMTAxMTgwODAyNTBaFw0yMTAxMTkwODAyNTBaMIGOMQswCQYDVQQGEwJVUzETMBEGA1UECAwKV2FzaGluZ3RvbjEQMA4GA1UEBwwHU2VhdHRsZTEPMA0GA1UECgwGQW1hem9uMQwwCgYDVQQLDANBV1MxOTA3BgNVBAMMMGktMGM2YjljNzU0M2ZjMzJjNDAudXMtd2VzdC0yLmF3cy5uaXRyby1lbmNsYXZlczB2MBAGByqGSM49AgEGBSuBBAAiA2IABOcfRyyFSo06vOtf1m5uI5jZl0BivCQIVFWC0ctpf9ma9iZXTxw+mpTNp3ys5RrhlXaQBkF6asOaSOC1Bux\/wHEMLRzJN9GkXccrauuCy9irrmG1qXSPHpRD3r3fhr8dA6MmMCQwEgYDVR0TAQH\/BAgwBgEB\/wIBADAOBgNVHQ8BAf8EBAMCAgQwCgYIKoZIzj0EAwMDZwAwZAIwFMCc2G8YAY5cY39SDi8PwVFar4BVG8SMPMhkmUPaSXvlZkzLgXNVyjGiW8NiqOSNAjA\/uYNc74FVAnv29UpooedblzF0s3gFo6vJzBn317rtzyR4RCOJVKQjkP9MfWi\/n2pqcHVibGljX2tleVkBJjCCASIwDQYJKoZIhvcNAQEBBQADggEPADCCAQoCggEBAN028KJZ6z\/sUP+DVqKbmZ6ufp\/LroZCfmBush0xEI5OnBbS2bFo3TUFFxNvHffEWBCTzWg9y3+vOEoawXkeQo5DyHtnRiFxP4KQeE7pQ6wneWDA1nU0cew7PFb6MobF5DxeDxF92G7vj\/SUEtp\/V\/92J4SvYS\/Q\/7jCw8ZABSQZu0P+ENuimTbtigsIlXwPPRVylVOS8y07VRMBdZs0YvHDcgAcWOhg1BxFZj01nDOWu94J\/F7Ud5yeaWhIc3m2z\/F\/ClsT2EaIT1JoB7SGdI3vk0ZLkjtT5EcNxWBDQ\/Bbe634saucUg7aHMqIIeTq3sFgjaTcixdbt+pk\/\/avvykCAwEAAWl1c2VyX2RhdGH2ZW5vbmNl9lhgUTsl0GUlEZ4hgvMeoWDG0lMr7l3EE8PvTlUGW6mBB56AniiBLU4XUxBzaFCYv8IdAi5yo1uESnez9S7B5u9488wyzAn9mH+MJXENYd5MNYBfnWojFRS9SpxX7v53v9xp" } }
[INFO] [2021-01-18T19:39:49Z] [00007f5dceefc880] [AuthSigning] - (id=0x15dd460) Signing successfully built canonical request for algorithm SigV4, with contents 
POST
/

content-length:6675
content-type:application/x-amz-json-1.1
host:kms.us-west-2.amazonaws.com
x-amz-content-sha256:019c9824e58e05e69964a0786dac0f7229a3d88d2936277433e72e49c0cebaaf
x-amz-date:20210118T193949Z
x-amz-security-token:IQoJb3JpZ2luX2VjEIv//////////wEaCXVzLXdlc3QtMiJHMEUCIAGecl6ZdTTLBbh+3YfYwq8rTlpHvn3OXnfEoq/4Y1g7AiEAyTmUbIClfiVIGhMmsGzxQxXfzcWkS9yg4S1mV3UBBS8qtAMIZBABGgw3Nzk2MTk2NjQ1MzYiDBp1Z/BlmF3hs7tkgSqRA5NTL4h2NHpTSB5Kg0zGx7yNyacZYQM3uwBloD3tJt8t0XYDAdibK3aH5VH8SWhgtvpr/4wY327j0wSUhNefcmwpbJWKHBRQSp4zkNsFGXnIhnViK/VmsI7VwOCy1IHJB0NzIRw90af/ouckDIBkDS78fIG+qem2CIcsBwaNkVBr2CtsTnx/B/vco1QCSMUKFZQ6CBYF9/lDIKdOrbb0eW8RYsEELuLHcyo+P/5MGMKu43uhA+owzFZEJ576Ih/00dD2mWIsFrp4ZM7gUNUeqLveFArPgh95XjEdU1/WG4jx7jIdia1RdwUWdsgAUtd1Uq/z80gQhenqAzSrAuDRQqIkHYhrrwSOnFIvmHH89Ken3jKd+jKDs8icwqXTVDGvAW0CqW34VHfQbOJZJSXjsd/ynCK7XEzW5aXOyKec2RH2EeGwlJ3CO1CZFXxvq9v7S0QmMPGzdAj/0vqUR6j9cGPM8dQbgeAN/s4d10uHG44QFL07aFXb8QvB32bKtZ0Icp9iTz3yyVTLR4bc1g6h3gJsMOqtl4AGOusB/MtVqXTqTBep8jqH3p9PZutpVVJrJLrtsglmJMFFtBNKJHNeHUODruvgqRMzoR+nrBJOKpcZGxL9AEw2VYCv4Id4ozD+bslZE/xEg9gt2jLaXaBv+ozII8dboJt9WLyowrpL6f8TSNPafBkD0v9mZoVHlcIpMQAARmr7tjmnBObLDzJHaVSS0zK65/6LBs6YW9iaxf2Ih3DvcGJdZnzKAzso3DEOIJsObKP9n0kRO/YJdn5r7rdi0N6wcfomKCCtGO68EDvyvzXSsull2b1wj2jQdk4emcr32VaSsE43RBwhMYPh2/vasY+Fuw==
x-amz-target:TrentService.Decrypt

content-length;content-type;host;x-amz-content-sha256;x-amz-date;x-amz-security-token;x-amz-target
019c9824e58e05e69964a0786dac0f7229a3d88d2936277433e72e49c0cebaaf

[INFO] [2021-01-18T19:39:49Z] [00007f5dceefc880] [AuthSigning] - (id=0x15dd460) Signing successfully built string-to-sign via algorithm SigV4, with contents 
AWS4-HMAC-SHA256
20210118T193949Z
20210118/us-west-2/kms/aws4_request
0247d1f5c22e728acd80283e43cfe934e71c7c3f2c67cdbd600f18df2c0f35fc

[INFO] [2021-01-18T19:39:49Z] [00007f5dceefc880] [AuthSigning] - (id=0x15dd460) Http request successfully built final authorization value via algorithm SigV4, with contents 
AWS4-HMAC-SHA256 Credential=ASIA3LBHUAKMJLNS2P6S/20210118/us-west-2/kms/aws4_request, SignedHeaders=content-length;content-type;host;x-amz-content-sha256;x-amz-date;x-amz-security-token;x-amz-target, Signature=ceeb84449b417659b7597ff244181c67b93bb7ccd74c06392c1c81a5daae7a75

decrypt request string:{ "CiphertextBlob": "AQICAHjDlQ35nIiO6k4cvEcJooGbQY3jNzV\/jZYVN8q3cCqdMAGTZxLRYo8VPqaa\/4lmDYpWAAAAaDBmBgkqhkiG9w0BBwagWTBXAgEAMFIGCSqGSIb3DQEHATAeBglghkgBZQMEAS4wEQQM6YQq5GPkXSFOzQa6AgEQgCWbUTqRaIc5L1t6f9yoUz2PL729WiJYPvUcA9zREUmeox0Wqfyc", "Recipient": { "KeyEncryptionAlgorithm": "RSAES_OAEP_SHA_256", "AttestationDocument": "hEShATgioFkR6KlpbW9kdWxlX2lkeCdpLTBjNmI5Yzc1NDNmYzMyYzQwLWVuYzAxNzcxNzAyNzY2ZWJhNThmZGlnZXN0ZlNIQTM4NGl0aW1lc3RhbXAbAAABdxcCtlpkcGNyc7AAWDAAAAAAAAAAAAAAAAAAAAAAAAAAAAAAAAAAAAAAAAAAAAAAAAAAAAAAAAAAAAAAAAABWDAAAAAAAAAAAAAAAAAAAAAAAAAAAAAAAAAAAAAAAAAAAAAAAAAAAAAAAAAAAAAAAAACWDAAAAAAAAAAAAAAAAAAAAAAAAAAAAAAAAAAAAAAAAAAAAAAAAAAAAAAAAAAAAAAAAADWDA1\/yiBZ20sbJotGsvz4cyiSfI1W9Pzujc1Vd435IivLynVzgNsaCXTFoIt6rPKHckEWDBN7x6BAVxN86kBVFGL1ueM0IvQQZ4vIUNBdsVueIZYtwi0E6iu7ufd4mvvpkbTx8wFWDAAAAAAAAAAAAAAAAAAAAAAAAAAAAAAAAAAAAAAAAAAAAAAAAAAAAAAAAAAAAAAAAAGWDAAAAAAAAAAAAAAAAAAAAAAAAAAAAAAAAAAAAAAAAAAAAAAAAAAAAAAAAAAAAAAAAAHWDAAAAAAAAAAAAAAAAAAAAAAAAAAAAAAAAAAAAAAAAAAAAAAAAAAAAAAAAAAAAAAAAAIWDAAAAAAAAAAAAAAAAAAAAAAAAAAAAAAAAAAAAAAAAAAAAAAAAAAAAAAAAAAAAAAAAAJWDAAAAAAAAAAAAAAAAAAAAAAAAAAAAAAAAAAAAAAAAAAAAAAAAAAAAAAAAAAAAAAAAAKWDAAAAAAAAAAAAAAAAAAAAAAAAAAAAAAAAAAAAAAAAAAAAAAAAAAAAAAAAAAAAAAAAALWDAAAAAAAAAAAAAAAAAAAAAAAAAAAAAAAAAAAAAAAAAAAAAAAAAAAAAAAAAAAAAAAAAMWDAAAAAAAAAAAAAAAAAAAAAAAAAAAAAAAAAAAAAAAAAAAAAAAAAAAAAAAAAAAAAAAAANWDAAAAAAAAAAAAAAAAAAAAAAAAAAAAAAAAAAAAAAAAAAAAAAAAAAAAAAAAAAAAAAAAAOWDAAAAAAAAAAAAAAAAAAAAAAAAAAAAAAAAAAAAAAAAAAAAAAAAAAAAAAAAAAAAAAAAAPWDAAAAAAAAAAAAAAAAAAAAAAAAAAAAAAAAAAAAAAAAAAAAAAAAAAAAAAAAAAAAAAAABrY2VydGlmaWNhdGVZAn8wggJ7MIICAaADAgECAhABdxcCdm66WAAAAABgBeQFMAoGCCqGSM49BAMDMIGOMQswCQYDVQQGEwJVUzETMBEGA1UECAwKV2FzaGluZ3RvbjEQMA4GA1UEBwwHU2VhdHRsZTEPMA0GA1UECgwGQW1hem9uMQwwCgYDVQQLDANBV1MxOTA3BgNVBAMMMGktMGM2YjljNzU0M2ZjMzJjNDAudXMtd2VzdC0yLmF3cy5uaXRyby1lbmNsYXZlczAeFw0yMTAxMTgxOTM5NDlaFw0yMTAxMTgyMjM5NDlaMIGTMQswCQYDVQQGEwJVUzETMBEGA1UECAwKV2FzaGluZ3RvbjEQMA4GA1UEBwwHU2VhdHRsZTEPMA0GA1UECgwGQW1hem9uMQwwCgYDVQQLDANBV1MxPjA8BgNVBAMMNWktMGM2YjljNzU0M2ZjMzJjNDAtZW5jMDE3NzE3MDI3NjZlYmE1OC51cy13ZXN0LTIuYXdzMHYwEAYHKoZIzj0CAQYFK4EEACIDYgAELn5DK8UXHJv9YqlEQyXV+veO8o2iR0wM64J0Ut39+TcrUd07r8lC0Sta0f7CgZSEUVGuOI4h7uB\/4e+UAA739k4Q5fLeKVoNWmp+lee8UMp1BdOm0Ou1TjOgHkGuzwYoox0wGzAMBgNVHRMBAf8EAjAAMAsGA1UdDwQEAwIGwDAKBggqhkjOPQQDAwNoADBlAjAHaCkCtPgWL3Ywb67nIUZQkzp3om655XdaIAPhCPynCAp\/HxNJvAzDQwfpXEA\/lI0CMQDUUn9Sy2LtcGXaNkujsn6YI4XvNZr8\/f9C0ZvzVOl\/cG\/nI+OkPFqnobIenC22sYVoY2FidW5kbGWEWQIVMIICETCCAZagAwIBAgIRAPkxdWgbkK\/hHUbMtOTn+FYwCgYIKoZIzj0EAwMwSTELMAkGA1UEBhMCVVMxDzANBgNVBAoMBkFtYXpvbjEMMAoGA1UECwwDQVdTMRswGQYDVQQDDBJhd3Mubml0cm8tZW5jbGF2ZXMwHhcNMTkxMDI4MTMyODA1WhcNNDkxMDI4MTQyODA1WjBJMQswCQYDVQQGEwJVUzEPMA0GA1UECgwGQW1hem9uMQwwCgYDVQQLDANBV1MxGzAZBgNVBAMMEmF3cy5uaXRyby1lbmNsYXZlczB2MBAGByqGSM49AgEGBSuBBAAiA2IABPwCVOumCMHzaHDimtqQvkY4MpJzbolL\/\/Zy2YlES1BR5TSksfbb48C8WBoyt7F2Bw7eEtaaP+ohG2bnUs990d0JX28TcPQXCEPZ3BABIeTPYwEoCWZEh8l5YoQwTcU\/9KNCMEAwDwYDVR0TAQH\/BAUwAwEB\/zAdBgNVHQ4EFgQUkCW1DdkFR+eWw5b6cp3PmanfS5YwDgYDVR0PAQH\/BAQDAgGGMAoGCCqGSM49BAMDA2kAMGYCMQCjfy+Rocm9Xue4YnwWmNJVA44fA0P5W2OpYow9OYCVRaEevL8uO1XYru5xtMPWrfMCMQCi85sWBbJwKKXdS6BptQFuZbT73o\/gBh1qUxl\/nNr12UO8Yfwr6wPLb+6NIwLz3\/ZZAsQwggLAMIICRaADAgECAhEA5n5KNN73fqYILPmIB6PomjAKBggqhkjOPQQDAzBJMQswCQYDVQQGEwJVUzEPMA0GA1UECgwGQW1hem9uMQwwCgYDVQQLDANBV1MxGzAZBgNVBAMMEmF3cy5uaXRyby1lbmNsYXZlczAeFw0yMTAxMTQwMjUzMDBaFw0yMTAyMDMwMzUzMDBaMGQxCzAJBgNVBAYTAlVTMQ8wDQYDVQQKDAZBbWF6b24xDDAKBgNVBAsMA0FXUzE2MDQGA1UEAwwtMWJiOWIwNTFlYTA3YzQ4OC51cy13ZXN0LTIuYXdzLm5pdHJvLWVuY2xhdmVzMHYwEAYHKoZIzj0CAQYFK4EEACIDYgAEMsVvv02XGxo7CrnFlsQCrXQOb7VwD8rgjcTsLuOIUVwje3W0TwJylyZHumfmn0Apx1yrBHP0LS17xP3oNdeLgFsKcXV7d4jslDVcT1M95NP9B9DqNqRl82r4xwrN49tmo4HVMIHSMBIGA1UdEwEB\/wQIMAYBAf8CAQIwHwYDVR0jBBgwFoAUkCW1DdkFR+eWw5b6cp3PmanfS5YwHQYDVR0OBBYEFBRJ84X2SSSw76f\/NFxBDzsGk8oxMA4GA1UdDwEB\/wQEAwIBhjBsBgNVHR8EZTBjMGGgX6BdhltodHRwOi8vYXdzLW5pdHJvLWVuY2xhdmVzLWNybC5zMy5hbWF6b25hd3MuY29tL2NybC9hYjQ5NjBjYy03ZDYzLTQyYmQtOWU5Zi01OTMzOGNiNjdmODQuY3JsMAoGCCqGSM49BAMDA2kAMGYCMQCpR7GqhiCt0IYQt2BPmRqFf5pCKzvm1x6vH5iWv8ohidg9lf7jsrdFgAJcxuLryjUCMQDrwfHqOp9zj3fEA4F2hR3zFWXNLlihsgm8tDckuZzeT0w2feRhdfu1tutbmxboePVZAxgwggMUMIICm6ADAgECAhEAr+F4JSl6Ozzlp8359f+oDjAKBggqhkjOPQQDAzBkMQswCQYDVQQGEwJVUzEPMA0GA1UECgwGQW1hem9uMQwwCgYDVQQLDANBV1MxNjA0BgNVBAMMLTFiYjliMDUxZWEwN2M0ODgudXMtd2VzdC0yLmF3cy5uaXRyby1lbmNsYXZlczAeFw0yMTAxMTgwMTMwNDVaFw0yMTAxMjQwMjMwNDVaMIGJMTwwOgYDVQQDDDNiNDU4ODE1M2ZiNmU5MzBlLnpvbmFsLnVzLXdlc3QtMi5hd3Mubml0cm8tZW5jbGF2ZXMxDDAKBgNVBAsMA0FXUzEPMA0GA1UECgwGQW1hem9uMQswCQYDVQQGEwJVUzELMAkGA1UECAwCV0ExEDAOBgNVBAcMB1NlYXR0bGUwdjAQBgcqhkjOPQIBBgUrgQQAIgNiAASOTPH+uaD7myJB3NAK6QNe+fpvKImSTgJuLdyxE3smfs6rf30B9yCcxMgKt2Lgc+axgnY+ME4xPc84ZpQwzJgcI3EtIc411wruVDIaGgokBCZBbVVYaFViwNhuNd4eSoqjgeowgecwEgYDVR0TAQH\/BAgwBgEB\/wIBATAfBgNVHSMEGDAWgBQUSfOF9kkksO+n\/zRcQQ87BpPKMTAdBgNVHQ4EFgQU6sjExvTS1dxVDVOJS\/x4gVYHthwwDgYDVR0PAQH\/BAQDAgGGMIGABgNVHR8EeTB3MHWgc6Bxhm9odHRwOi8vdXMtd2VzdC0yLWF3cy1uaXRyby1lbmNsYXZlcy1jcmwuczMudXMtd2VzdC0yLmFtYXpvbmF3cy5jb20vY3JsL2YwZjNkMDhkLTJjMmQtNDIyMy04Zjg4LWE1YjE0NWVjN2QxMS5jcmwwCgYIKoZIzj0EAwMDZwAwZAIwHSIk\/bKJxjZcj+VFZbfJE1gdCHbklnP00v+wrqmXUeSK1h8+DkjwvwJeTo29fFFVAjBMjOEgOfKRuComYsQqobfFjA6JdyGmBOF1HDW7yDafK1\/bWA2+bAgW1lS4PRDVS1tZAoIwggJ+MIICBaADAgECAhUA+wea2wxWRzAvloOVCOT9yjdtfxYwCgYIKoZIzj0EAwMwgYkxPDA6BgNVBAMMM2I0NTg4MTUzZmI2ZTkzMGUuem9uYWwudXMtd2VzdC0yLmF3cy5uaXRyby1lbmNsYXZlczEMMAoGA1UECwwDQVdTMQ8wDQYDVQQKDAZBbWF6b24xCzAJBgNVBAYTAlVTMQswCQYDVQQIDAJXQTEQMA4GA1UEBwwHU2VhdHRsZTAeFw0yMTAxMTgwODAyNTBaFw0yMTAxMTkwODAyNTBaMIGOMQswCQYDVQQGEwJVUzETMBEGA1UECAwKV2FzaGluZ3RvbjEQMA4GA1UEBwwHU2VhdHRsZTEPMA0GA1UECgwGQW1hem9uMQwwCgYDVQQLDANBV1MxOTA3BgNVBAMMMGktMGM2YjljNzU0M2ZjMzJjNDAudXMtd2VzdC0yLmF3cy5uaXRyby1lbmNsYXZlczB2MBAGByqGSM49AgEGBSuBBAAiA2IABOcfRyyFSo06vOtf1m5uI5jZl0BivCQIVFWC0ctpf9ma9iZXTxw+mpTNp3ys5RrhlXaQBkF6asOaSOC1Bux\/wHEMLRzJN9GkXccrauuCy9irrmG1qXSPHpRD3r3fhr8dA6MmMCQwEgYDVR0TAQH\/BAgwBgEB\/wIBADAOBgNVHQ8BAf8EBAMCAgQwCgYIKoZIzj0EAwMDZwAwZAIwFMCc2G8YAY5cY39SDi8PwVFar4BVG8SMPMhkmUPaSXvlZkzLgXNVyjGiW8NiqOSNAjA\/uYNc74FVAnv29UpooedblzF0s3gFo6vJzBn317rtzyR4RCOJVKQjkP9MfWi\/n2pqcHVibGljX2tleVkBJjCCASIwDQYJKoZIhvcNAQEBBQADggEPADCCAQoCggEBAN028KJZ6z\/sUP+DVqKbmZ6ufp\/LroZCfmBush0xEI5OnBbS2bFo3TUFFxNvHffEWBCTzWg9y3+vOEoawXkeQo5DyHtnRiFxP4KQeE7pQ6wneWDA1nU0cew7PFb6MobF5DxeDxF92G7vj\/SUEtp\/V\/92J4SvYS\/Q\/7jCw8ZABSQZu0P+ENuimTbtigsIlXwPPRVylVOS8y07VRMBdZs0YvHDcgAcWOhg1BxFZj01nDOWu94J\/F7Ud5yeaWhIc3m2z\/F\/ClsT2EaIT1JoB7SGdI3vk0ZLkjtT5EcNxWBDQ\/Bbe634saucUg7aHMqIIeTq3sFgjaTcixdbt+pk\/\/avvykCAwEAAWl1c2VyX2RhdGH2ZW5vbmNl9lhgm8VUofF\/BAPHzBHAfh2vpS69G2AWH\/3F+mObS8GX1nIKsKD6RDHwxZxZoQIYLcwM3O4N8cAQXe72QtK0VFsx58B7nFIQ+I8FtqwgTPKj2XktLQcAMx7mhuR6hE48oQ1v" } }
[INFO] [2021-01-18T19:39:49Z] [00007f5dceefc880] [AuthSigning] - (id=0x15d0ff0) Signing successfully built canonical request for algorithm SigV4, with contents 
POST
/

content-length:6637
content-type:application/x-amz-json-1.1
host:kms.us-west-2.amazonaws.com
x-amz-content-sha256:2ef4f6d5516bdaae2dd0c109df2b0e50705ced2aadf033084c04f82519ae15a8
x-amz-date:20210118T193949Z
x-amz-security-token:IQoJb3JpZ2luX2VjEIv//////////wEaCXVzLXdlc3QtMiJHMEUCIAGecl6ZdTTLBbh+3YfYwq8rTlpHvn3OXnfEoq/4Y1g7AiEAyTmUbIClfiVIGhMmsGzxQxXfzcWkS9yg4S1mV3UBBS8qtAMIZBABGgw3Nzk2MTk2NjQ1MzYiDBp1Z/BlmF3hs7tkgSqRA5NTL4h2NHpTSB5Kg0zGx7yNyacZYQM3uwBloD3tJt8t0XYDAdibK3aH5VH8SWhgtvpr/4wY327j0wSUhNefcmwpbJWKHBRQSp4zkNsFGXnIhnViK/VmsI7VwOCy1IHJB0NzIRw90af/ouckDIBkDS78fIG+qem2CIcsBwaNkVBr2CtsTnx/B/vco1QCSMUKFZQ6CBYF9/lDIKdOrbb0eW8RYsEELuLHcyo+P/5MGMKu43uhA+owzFZEJ576Ih/00dD2mWIsFrp4ZM7gUNUeqLveFArPgh95XjEdU1/WG4jx7jIdia1RdwUWdsgAUtd1Uq/z80gQhenqAzSrAuDRQqIkHYhrrwSOnFIvmHH89Ken3jKd+jKDs8icwqXTVDGvAW0CqW34VHfQbOJZJSXjsd/ynCK7XEzW5aXOyKec2RH2EeGwlJ3CO1CZFXxvq9v7S0QmMPGzdAj/0vqUR6j9cGPM8dQbgeAN/s4d10uHG44QFL07aFXb8QvB32bKtZ0Icp9iTz3yyVTLR4bc1g6h3gJsMOqtl4AGOusB/MtVqXTqTBep8jqH3p9PZutpVVJrJLrtsglmJMFFtBNKJHNeHUODruvgqRMzoR+nrBJOKpcZGxL9AEw2VYCv4Id4ozD+bslZE/xEg9gt2jLaXaBv+ozII8dboJt9WLyowrpL6f8TSNPafBkD0v9mZoVHlcIpMQAARmr7tjmnBObLDzJHaVSS0zK65/6LBs6YW9iaxf2Ih3DvcGJdZnzKAzso3DEOIJsObKP9n0kRO/YJdn5r7rdi0N6wcfomKCCtGO68EDvyvzXSsull2b1wj2jQdk4emcr32VaSsE43RBwhMYPh2/vasY+Fuw==
x-amz-target:TrentService.Decrypt

content-length;content-type;host;x-amz-content-sha256;x-amz-date;x-amz-security-token;x-amz-target
2ef4f6d5516bdaae2dd0c109df2b0e50705ced2aadf033084c04f82519ae15a8

[INFO] [2021-01-18T19:39:49Z] [00007f5dceefc880] [AuthSigning] - (id=0x15d0ff0) Signing successfully built string-to-sign via algorithm SigV4, with contents 
AWS4-HMAC-SHA256
20210118T193949Z
20210118/us-west-2/kms/aws4_request
52e0e00845b181857513574cc59ea1b1c08db8c66e2d16d606d329cc470a93da

[INFO] [2021-01-18T19:39:49Z] [00007f5dceefc880] [AuthSigning] - (id=0x15d0ff0) Http request successfully built final authorization value via algorithm SigV4, with contents 
AWS4-HMAC-SHA256 Credential=ASIA3LBHUAKMJLNS2P6S/20210118/us-west-2/kms/aws4_request, SignedHeaders=content-length;content-type;host;x-amz-content-sha256;x-amz-date;x-amz-security-token;x-amz-target, Signature=3d37ca7a6bc41b117665acdd448e7432983f1ab5d00ba5b15360fe90ed8b77ef

[INFO] [2021-01-18T19:39:49Z] [00007f5dceefc880] [AuthSigning] - (id=0x15befa0) Signing successfully built canonical request for algorithm SigV4, with contents 
POST
/

content-length:160
content-type:application/x-amz-json-1.1
host:kms.us-west-2.amazonaws.com
x-amz-content-sha256:aff3a8d570980d0d9578a3060821c6d7c0efbc0bf6c71466a053258a6fe3bcd2
x-amz-date:20210118T193949Z
x-amz-security-token:IQoJb3JpZ2luX2VjEIv//////////wEaCXVzLXdlc3QtMiJHMEUCIAGecl6ZdTTLBbh+3YfYwq8rTlpHvn3OXnfEoq/4Y1g7AiEAyTmUbIClfiVIGhMmsGzxQxXfzcWkS9yg4S1mV3UBBS8qtAMIZBABGgw3Nzk2MTk2NjQ1MzYiDBp1Z/BlmF3hs7tkgSqRA5NTL4h2NHpTSB5Kg0zGx7yNyacZYQM3uwBloD3tJt8t0XYDAdibK3aH5VH8SWhgtvpr/4wY327j0wSUhNefcmwpbJWKHBRQSp4zkNsFGXnIhnViK/VmsI7VwOCy1IHJB0NzIRw90af/ouckDIBkDS78fIG+qem2CIcsBwaNkVBr2CtsTnx/B/vco1QCSMUKFZQ6CBYF9/lDIKdOrbb0eW8RYsEELuLHcyo+P/5MGMKu43uhA+owzFZEJ576Ih/00dD2mWIsFrp4ZM7gUNUeqLveFArPgh95XjEdU1/WG4jx7jIdia1RdwUWdsgAUtd1Uq/z80gQhenqAzSrAuDRQqIkHYhrrwSOnFIvmHH89Ken3jKd+jKDs8icwqXTVDGvAW0CqW34VHfQbOJZJSXjsd/ynCK7XEzW5aXOyKec2RH2EeGwlJ3CO1CZFXxvq9v7S0QmMPGzdAj/0vqUR6j9cGPM8dQbgeAN/s4d10uHG44QFL07aFXb8QvB32bKtZ0Icp9iTz3yyVTLR4bc1g6h3gJsMOqtl4AGOusB/MtVqXTqTBep8jqH3p9PZutpVVJrJLrtsglmJMFFtBNKJHNeHUODruvgqRMzoR+nrBJOKpcZGxL9AEw2VYCv4Id4ozD+bslZE/xEg9gt2jLaXaBv+ozII8dboJt9WLyowrpL6f8TSNPafBkD0v9mZoVHlcIpMQAARmr7tjmnBObLDzJHaVSS0zK65/6LBs6YW9iaxf2Ih3DvcGJdZnzKAzso3DEOIJsObKP9n0kRO/YJdn5r7rdi0N6wcfomKCCtGO68EDvyvzXSsull2b1wj2jQdk4emcr32VaSsE43RBwhMYPh2/vasY+Fuw==
x-amz-target:TrentService.Encrypt

content-length;content-type;host;x-amz-content-sha256;x-amz-date;x-amz-security-token;x-amz-target
aff3a8d570980d0d9578a3060821c6d7c0efbc0bf6c71466a053258a6fe3bcd2

[INFO] [2021-01-18T19:39:49Z] [00007f5dceefc880] [AuthSigning] - (id=0x15befa0) Signing successfully built string-to-sign via algorithm SigV4, with contents 
AWS4-HMAC-SHA256
20210118T193949Z
20210118/us-west-2/kms/aws4_request
3110e1ecf357ff0c8fc2b636192a9662ef0b890a1d808b060a9b0b783fc7a826

[INFO] [2021-01-18T19:39:49Z] [00007f5dceefc880] [AuthSigning] - (id=0x15befa0) Http request successfully built final authorization value via algorithm SigV4, with contents 
AWS4-HMAC-SHA256 Credential=ASIA3LBHUAKMJLNS2P6S/20210118/us-west-2/kms/aws4_request, SignedHeaders=content-length;content-type;host;x-amz-content-sha256;x-amz-date;x-amz-security-token;x-amz-target, Signature=bdea69595fc1ddafead697fc70b47bd6286eeb1aa45653d32fe98f9ed8e64a69

Got non-200 answer from KMS: 400
Could not encrypt plaintext
Sesssion ended
Awaiting connection...
Disconnected.
[INFO] [2021-01-18T19:39:50Z] [00007f5dcd322700] [http-connection] - 0x7f5dc4016f80: Client shutdown completed with error 0 (AWS_ERROR_SUCCESS).
[INFO] [2021-01-18T19:39:50Z] [00007f5dbffff700] [event-loop] - id=0x15ddcb0: Destroying event_loop
[INFO] [2021-01-18T19:39:50Z] [00007f5dbffff700] [event-loop] - id=0x15ddcb0: Stopping event-loop thread.
[INFO] [2021-01-18T19:39:50Z] [00007f5dbffff700] [event-loop] - id=0x15032b0: Destroying event_loop
[INFO] [2021-01-18T19:39:50Z] [00007f5dbffff700] [event-loop] - id=0x15032b0: Stopping event-loop thread.
Connecting to the console for enclave 21...
Connecting to the console for enclave 23...
Successfully connected to the console.
[    0.000000] Linux version 4.14.177-104.253.amzn2.x86_64 (mockbuild@ip-10-0-1-32) (gcc version 7.3.1 20180712 (Red Hat 7.3.1-6) (GCC)) #1 SMP Fri May 1 02:01:13 UTC 2020
[    0.000000] Command line: reboot=k panic=30 pci=off nomodules console=ttyS0 i8042.noaux i8042.nomux i8042.nopnp i8042.dumbkbd random.trust_cpu=on virtio_mmio.device=4K@0xd0000000:5 virtio_mmio.device=4K@0xd0001000:6
[    0.000000] x86/fpu: Supporting XSAVE feature 0x001: 'x87 floating point registers'
[    0.000000] x86/fpu: Supporting XSAVE feature 0x002: 'SSE registers'
[    0.000000] x86/fpu: Supporting XSAVE feature 0x004: 'AVX registers'
[    0.000000] x86/fpu: Supporting XSAVE feature 0x008: 'MPX bounds registers'
[    0.000000] x86/fpu: Supporting XSAVE feature 0x010: 'MPX CSR'
[    0.000000] x86/fpu: Supporting XSAVE feature 0x020: 'AVX-512 opmask'
[    0.000000] x86/fpu: Supporting XSAVE feature 0x040: 'AVX-512 Hi256'
[    0.000000] x86/fpu: Supporting XSAVE feature 0x080: 'AVX-512 ZMM_Hi256'
[    0.000000] x86/fpu: Supporting XSAVE feature 0x200: 'Protection Keys User registers'
[    0.000000] x86/fpu: xstate_offset[2]:  576, xstate_sizes[2]:  256
[    0.000000] x86/fpu: xstate_offset[3]:  832, xstate_sizes[3]:   64
[    0.000000] x86/fpu: xstate_offset[4]:  896, xstate_sizes[4]:   64
[    0.000000] x86/fpu: xstate_offset[5]:  960, xstate_sizes[5]:   64
[    0.000000] x86/fpu: xstate_offset[6]: 1024, xstate_sizes[6]:  512
[    0.000000] x86/fpu: xstate_offset[7]: 1536, xstate_sizes[7]: 1024
[    0.000000] x86/fpu: xstate_offset[9]: 2560, xstate_sizes[9]:    8
[    0.000000] x86/fpu: Enabled xstate features 0x2ff, context size is 2568 bytes, using 'compacted' format.
[    0.000000] e820: BIOS-provided physical RAM map:
[    0.000000] BIOS-e820: [mem 0x0000000000000000-0x000000000009fbff] usable
[    0.000000] BIOS-e820: [mem 0x0000000000100000-0x000000001f7fffff] usable
[    0.000000] NX (Execute Disable) protection: active
[    0.000000] DMI not present or invalid.
[    0.000000] Hypervisor detected: KVM
[    0.000000] tsc: Fast TSC calibration using PIT
[    0.000000] e820: last_pfn = 0x1f800 max_arch_pfn = 0x400000000
[    0.000000] MTRR: Disabled
[    0.000000] x86/PAT: MTRRs disabled, skipping PAT initialization too.
[    0.000000] CPU MTRRs all blank - virtualized system.
[    0.000000] x86/PAT: Configuration [0-7]: WB  WT  UC- UC  WB  WT  UC- UC  
[    0.000000] found SMP MP-table at [mem 0x0009fc00-0x0009fc0f]
[    0.000000] Scanning 1 areas for low memory corruption
[    0.000000] Using GB pages for direct mapping
[    0.000000] RAMDISK: [mem 0x02447000-0x0a965fff]
[    0.000000] No NUMA configuration found
[    0.000000] Faking a node at [mem 0x0000000000000000-0x000000001f7fffff]
[    0.000000] NODE_DATA(0) allocated [mem 0x1f7de000-0x1f7fffff]
[    0.000000] kvm-clock: Using msrs 4b564d01 and 4b564d00
[    0.000000] kvm-clock: cpu 0, msr 0:1f7dc001, primary cpu clock
[    0.000000] kvm-clock: using sched offset of 1792013583 cycles
[    0.000000] clocksource: kvm-clock: mask: 0xffffffffffffffff max_cycles: 0x1cd42e4dffb, max_idle_ns: 881590591483 ns
[    0.000000] Zone ranges:
[    0.000000]   DMA      [mem 0x0000000000001000-0x0000000000ffffff]
[    0.000000]   DMA32    [mem 0x0000000001000000-0x000000001f7fffff]
[    0.000000]   Normal   empty
[    0.000000] Movable zone start for each node
[    0.000000] Early memory node ranges
[    0.000000]   node   0: [mem 0x0000000000001000-0x000000000009efff]
[    0.000000]   node   0: [mem 0x0000000000100000-0x000000001f7fffff]
[    0.000000] Initmem setup node 0 [mem 0x0000000000001000-0x000000001f7fffff]
[    0.000000] Intel MultiProcessor Specification v1.4
[    0.000000] MPTABLE: OEM ID: FC      
[    0.000000] MPTABLE: Product ID: 000000000000
[    0.000000] MPTABLE: APIC at: 0xFEE00000
[    0.000000] Processor #0 (Bootup-CPU)
[    0.000000] Processor #1
[    0.000000] IOAPIC[0]: apic_id 3, version 17, address 0xfec00000, GSI 0-23
[    0.000000] Processors: 2
[    0.000000] smpboot: Allowing 2 CPUs, 0 hotplug CPUs
[    0.000000] PM: Registered nosave memory: [mem 0x00000000-0x00000fff]
[    0.000000] PM: Registered nosave memory: [mem 0x0009f000-0x000fffff]
[    0.000000] e820: [mem 0x1f800000-0xffffffff] available for PCI devices
[    0.000000] Booting paravirtualized kernel on KVM
[    0.000000] clocksource: refined-jiffies: mask: 0xffffffff max_cycles: 0xffffffff, max_idle_ns: 7645519600211568 ns
[    0.000000] random: get_random_bytes called from start_kernel+0x94/0x486 with crng_init=0
[    0.000000] setup_percpu: NR_CPUS:128 nr_cpumask_bits:128 nr_cpu_ids:2 nr_node_ids:1
[    0.000000] percpu: Embedded 41 pages/cpu s128600 r8192 d31144 u1048576
[    0.000000] KVM setup async PF for cpu 0
[    0.000000] kvm-stealtime: cpu 0, msr 1f415040
[    0.000000] PV qspinlock hash table entries: 256 (order: 0, 4096 bytes)
[    0.000000] Built 1 zonelists, mobility grouping on.  Total pages: 126889
[    0.000000] Policy zone: DMA32
[    0.000000] Kernel command line: reboot=k panic=30 pci=off nomodules console=ttyS0 i8042.noaux i8042.nomux i8042.nopnp i8042.dumbkbd random.trust_cpu=on virtio_mmio.device=4K@0xd0000000:5 virtio_mmio.device=4K@0xd0001000:6
[    0.000000] PID hash table entries: 2048 (order: 2, 16384 bytes)
[    0.000000] Memory: 351344K/515704K available (10252K kernel code, 653K rwdata, 1572K rodata, 1300K init, 2808K bss, 164360K reserved, 0K cma-reserved)
[    0.000000] SLUB: HWalign=64, Order=0-3, MinObjects=0, CPUs=2, Nodes=1
[    0.004000] Hierarchical RCU implementation.
[    0.004000] 	RCU restricting CPUs from NR_CPUS=128 to nr_cpu_ids=2.
[    0.004000] RCU: Adjusting geometry for rcu_fanout_leaf=16, nr_cpu_ids=2
[    0.004000] NR_IRQS: 4352, nr_irqs: 56, preallocated irqs: 16
[    0.004000] Console: colour dummy device 80x25
[    0.004000] console [ttyS0] enabled
[    0.004000] tsc: Detected 2499.998 MHz processor
[    0.004000] Calibrating delay loop (skipped) preset value.. 4999.99 BogoMIPS (lpj=9999992)
[    0.004000] pid_max: default: 32768 minimum: 301
[    0.004000] Security Framework initialized
[    0.004000] SELinux:  Initializing.
[    0.004000] Dentry cache hash table entries: 65536 (order: 7, 524288 bytes)
[    0.004000] Inode-cache hash table entries: 32768 (order: 6, 262144 bytes)
[    0.004000] Mount-cache hash table entries: 1024 (order: 1, 8192 bytes)
[    0.004000] Mountpoint-cache hash table entries: 1024 (order: 1, 8192 bytes)
[    0.004441] Last level iTLB entries: 4KB 64, 2MB 8, 4MB 8
[    0.004830] Last level dTLB entries: 4KB 64, 2MB 0, 4MB 0, 1GB 4
[    0.005281] unchecked MSR access error: RDMSR from 0x122 at rIP: 0xffffffff81038c76 (native_read_msr+0x6/0x20)
[    0.005992] Call Trace:
[    0.006185]  tsx_disable+0x14/0x40
[    0.006441]  tsx_init+0xdf/0x134
[    0.006697]  identify_boot_cpu+0x78/0x7a
[    0.007005]  check_bugs+0x25/0x954
[    0.007286]  ? kmem_cache_alloc+0x132/0x140
[    0.008006]  start_kernel+0x45b/0x486
[    0.008295]  x86_64_start_reservations+0x2a/0x2c
[    0.008654]  x86_64_start_kernel+0x72/0x75
[    0.008974]  secondary_startup_64+0xa5/0xb0
[    0.009304] unchecked MSR access error: WRMSR to 0x122 (tried to write 0x0000000000000003) at rIP: 0xffffffff81038cb8 (native_write_msr+0x8/0x10)
[    0.010222] Call Trace:
[    0.010404]  tsx_disable+0x2e/0x40
[    0.010654]  tsx_init+0xdf/0x134
[    0.010890]  identify_boot_cpu+0x78/0x7a
[    0.011176]  check_bugs+0x25/0x954
[    0.011425]  ? kmem_cache_alloc+0x132/0x140
[    0.011772]  start_kernel+0x45b/0x486
[    0.012004]  x86_64_start_reservations+0x2a/0x2c
[    0.012375]  x86_64_start_kernel+0x72/0x75
[    0.012719]  secondary_startup_64+0xa5/0xb0
[    0.013050] Spectre V1 : Mitigation: usercopy/swapgs barriers and __user pointer sanitization
[    0.013703] Spectre V2 : Mitigation: Enhanced IBRS
[    0.014054] Spectre V2 : Spectre v2 / SpectreRSB mitigation: Filling RSB on context switch
[    0.014653] Spectre V2 : mitigation: Enabling conditional Indirect Branch Prediction Barrier
[    0.015267] Speculative Store Bypass: Mitigation: Speculative Store Bypass disabled via prctl and seccomp
[    0.016002] TAA: Mitigation: TSX disabled
[    0.016539] Freeing SMP alternatives memory: 32K
[    0.018759] smpboot: Max logical packages: 2
[    0.019240] x2apic enabled
[    0.019612] Switched APIC routing to physical x2apic.
[    0.020773] ..TIMER: vector=0x30 apic1=0 pin1=0 apic2=-1 pin2=-1
[    0.021239] smpboot: CPU0: Intel(R) Xeon(R) Processor @ 2.50GHz (family: 0x6, model: 0x55, stepping: 0x7)
[    0.022074] Performance Events: unsupported p6 CPU model 85 no PMU driver, software events only.
[    0.022819] Hierarchical SRCU implementation.
[    0.023583] smp: Bringing up secondary CPUs ...
[    0.024000] x86: Booting SMP configuration:
[    0.024000] .... node  #0, CPUs:      #1
[    0.004000] kvm-clock: cpu 1, msr 0:1f7dc041, secondary cpu clock
[    0.024254] KVM setup async PF for cpu 1
[    0.024287] kvm-stealtime: cpu 1, msr 1f515040
[    0.024752] smp: Brought up 1 node, 2 CPUs
[    0.024752] smpboot: Total of 2 processors activated (9999.99 BogoMIPS)
[    0.024972] devtmpfs: initialized
[    0.024972] x86/mm: Memory block size: 128MB
[    0.024972] clocksource: jiffies: mask: 0xffffffff max_cycles: 0xffffffff, max_idle_ns: 7645041785100000 ns
[    0.024972] futex hash table entries: 512 (order: 3, 32768 bytes)
[    0.028273] NET: Registered protocol family 16
[    0.028795] cpuidle: using governor ladder
[    0.028795] cpuidle: using governor menu
[    0.033564] HugeTLB registered 1.00 GiB page size, pre-allocated 0 pages
[    0.033820] HugeTLB registered 2.00 MiB page size, pre-allocated 0 pages
[    0.034365] SCSI subsystem initialized
[    0.034365] pps_core: LinuxPPS API ver. 1 registered
[    0.034365] pps_core: Software ver. 5.3.6 - Copyright 2005-2007 Rodolfo Giometti <giometti@linux.it>
[    0.036012] PTP clock support registered
[    0.036331] dmi: Firmware registration failed.
[    0.036807] NetLabel: Initializing
[    0.037067] NetLabel:  domain hash size = 128
[    0.037387] NetLabel:  protocols = UNLABELED CIPSOv4 CALIPSO
[    0.037813] NetLabel:  unlabeled traffic allowed by default
[    0.038264] clocksource: Switched to clocksource kvm-clock
[    0.038694] VFS: Disk quotas dquot_6.6.0
[    0.038998] VFS: Dquot-cache hash table entries: 512 (order 0, 4096 bytes)
[    0.039615] NET: Registered protocol family 2
[    0.039948] TCP established hash table entries: 4096 (order: 3, 32768 bytes)
[    0.040488] TCP bind hash table entries: 4096 (order: 4, 65536 bytes)
[    0.040966] TCP: Hash tables configured (established 4096 bind 4096)
[    0.041458] UDP hash table entries: 256 (order: 1, 8192 bytes)
