Connecting to the console for enclave 33...
Successfully connected to the console.
[    0.000000] Linux version 4.14.177-104.253.amzn2.x86_64 (mockbuild@ip-10-0-1-32) (gcc version 7.3.1 20180712 (Red Hat 7.3.1-6) (GCC)) #1 SMP Fri May 1 02:01:13 UTC 2020
[    0.000000] Command line: reboot=k panic=30 pci=off nomodules console=ttyS0 i8042.noaux i8042.nomux i8042.nopnp i8042.dumbkbd random.trust_cpu=on virtio_mmio.device=4K@0xd0000000:5 virtio_mmio.device=4K@0xd0001000:6
[    0.000000] x86/fpu: Supporting XSAVE feature 0x001: 'x87 floating point registers'
[    0.000000] x86/fpu: Supporting XSAVE feature 0x002: 'SSE registers'
[    0.000000] x86/fpu: Supporting XSAVE feature 0x004: 'AVX registers'
[    0.000000] x86/fpu: Supporting XSAVE feature 0x008: 'MPX bounds registers'
[    0.000000] x86/fpu: Supporting XSAVE feature 0x010: 'MPX CSR'
[    0.000000] x86/fpu: Supporting XSAVE feature 0x020: 'AVX-512 opmask'
[    0.000000] x86/fpu: Supporting XSAVE feature 0x040: 'AVX-512 Hi256'
[    0.000000] x86/fpu: Supporting XSAVE feature 0x080: 'AVX-512 ZMM_Hi256'
[    0.000000] x86/fpu: Supporting XSAVE feature 0x200: 'Protection Keys User registers'
[    0.000000] x86/fpu: xstate_offset[2]:  576, xstate_sizes[2]:  256
[    0.000000] x86/fpu: xstate_offset[3]:  832, xstate_sizes[3]:   64
[    0.000000] x86/fpu: xstate_offset[4]:  896, xstate_sizes[4]:   64
[    0.000000] x86/fpu: xstate_offset[5]:  960, xstate_sizes[5]:   64
[    0.000000] x86/fpu: xstate_offset[6]: 1024, xstate_sizes[6]:  512
[    0.000000] x86/fpu: xstate_offset[7]: 1536, xstate_sizes[7]: 1024
[    0.000000] x86/fpu: xstate_offset[9]: 2560, xstate_sizes[9]:    8
[    0.000000] x86/fpu: Enabled xstate features 0x2ff, context size is 2568 bytes, using 'compacted' format.
[    0.000000] e820: BIOS-provided physical RAM map:
[    0.000000] BIOS-e820: [mem 0x0000000000000000-0x000000000009fbff] usable
[    0.000000] BIOS-e820: [mem 0x0000000000100000-0x000000001f7fffff] usable
[    0.000000] NX (Execute Disable) protection: active
[    0.000000] DMI not present or invalid.
[    0.000000] Hypervisor detected: KVM
[    0.000000] tsc: Fast TSC calibration using PIT
[    0.000000] e820: last_pfn = 0x1f800 max_arch_pfn = 0x400000000
[    0.000000] MTRR: Disabled
[    0.000000] x86/PAT: MTRRs disabled, skipping PAT initialization too.
[    0.000000] CPU MTRRs all blank - virtualized system.
[    0.000000] x86/PAT: Configuration [0-7]: WB  WT  UC- UC  WB  WT  UC- UC  
[    0.000000] found SMP MP-table at [mem 0x0009fc00-0x0009fc0f]
[    0.000000] Scanning 1 areas for low memory corruption
[    0.000000] Using GB pages for direct mapping
[    0.000000] RAMDISK: [mem 0x02447000-0x0a966fff]
[    0.000000] No NUMA configuration found
[    0.000000] Faking a node at [mem 0x0000000000000000-0x000000001f7fffff]
[    0.000000] NODE_DATA(0) allocated [mem 0x1f7de000-0x1f7fffff]
[    0.000000] kvm-clock: Using msrs 4b564d01 and 4b564d00
[    0.000000] kvm-clock: cpu 0, msr 0:1f7dc001, primary cpu clock
[    0.000000] kvm-clock: using sched offset of 1789496306 cycles
[    0.000000] clocksource: kvm-clock: mask: 0xffffffffffffffff max_cycles: 0x1cd42e4dffb, max_idle_ns: 881590591483 ns
[    0.000000] Zone ranges:
[    0.000000]   DMA      [mem 0x0000000000001000-0x0000000000ffffff]
[    0.000000]   DMA32    [mem 0x0000000001000000-0x000000001f7fffff]
[    0.000000]   Normal   empty
[    0.000000] Movable zone start for each node
[    0.000000] Early memory node ranges
[    0.000000]   node   0: [mem 0x0000000000001000-0x000000000009efff]
[    0.000000]   node   0: [mem 0x0000000000100000-0x000000001f7fffff]
[    0.000000] Initmem setup node 0 [mem 0x0000000000001000-0x000000001f7fffff]
[    0.000000] Intel MultiProcessor Specification v1.4
[    0.000000] MPTABLE: OEM ID: FC      
[    0.000000] MPTABLE: Product ID: 000000000000
[    0.000000] MPTABLE: APIC at: 0xFEE00000
[    0.000000] Processor #0 (Bootup-CPU)
[    0.000000] Processor #1
[    0.000000] IOAPIC[0]: apic_id 3, version 17, address 0xfec00000, GSI 0-23
[    0.000000] Processors: 2
[    0.000000] smpboot: Allowing 2 CPUs, 0 hotplug CPUs
[    0.000000] PM: Registered nosave memory: [mem 0x00000000-0x00000fff]
[    0.000000] PM: Registered nosave memory: [mem 0x0009f000-0x000fffff]
[    0.000000] e820: [mem 0x1f800000-0xffffffff] available for PCI devices
[    0.000000] Booting paravirtualized kernel on KVM
[    0.000000] clocksource: refined-jiffies: mask: 0xffffffff max_cycles: 0xffffffff, max_idle_ns: 7645519600211568 ns
[    0.000000] random: get_random_bytes called from start_kernel+0x94/0x486 with crng_init=0
[    0.000000] setup_percpu: NR_CPUS:128 nr_cpumask_bits:128 nr_cpu_ids:2 nr_node_ids:1
[    0.000000] percpu: Embedded 41 pages/cpu s128600 r8192 d31144 u1048576
[    0.000000] KVM setup async PF for cpu 0
[    0.000000] kvm-stealtime: cpu 0, msr 1f415040
[    0.000000] PV qspinlock hash table entries: 256 (order: 0, 4096 bytes)
[    0.000000] Built 1 zonelists, mobility grouping on.  Total pages: 126889
[    0.000000] Policy zone: DMA32
[    0.000000] Kernel command line: reboot=k panic=30 pci=off nomodules console=ttyS0 i8042.noaux i8042.nomux i8042.nopnp i8042.dumbkbd random.trust_cpu=on virtio_mmio.device=4K@0xd0000000:5 virtio_mmio.device=4K@0xd0001000:6
[    0.000000] PID hash table entries: 2048 (order: 2, 16384 bytes)
[    0.000000] Memory: 351340K/515704K available (10252K kernel code, 653K rwdata, 1572K rodata, 1300K init, 2808K bss, 164364K reserved, 0K cma-reserved)
[    0.000000] SLUB: HWalign=64, Order=0-3, MinObjects=0, CPUs=2, Nodes=1
[    0.004000] Hierarchical RCU implementation.
[    0.004000] 	RCU restricting CPUs from NR_CPUS=128 to nr_cpu_ids=2.
[    0.004000] RCU: Adjusting geometry for rcu_fanout_leaf=16, nr_cpu_ids=2
[    0.004000] NR_IRQS: 4352, nr_irqs: 56, preallocated irqs: 16
[    0.004000] Console: colour dummy device 80x25
[    0.004000] console [ttyS0] enabled
[    0.004000] tsc: Detected 2499.998 MHz processor
[    0.004000] Calibrating delay loop (skipped) preset value.. 4999.99 BogoMIPS (lpj=9999992)
[    0.004000] pid_max: default: 32768 minimum: 301
[    0.004000] Security Framework initialized
[    0.004000] SELinux:  Initializing.
[    0.004000] Dentry cache hash table entries: 65536 (order: 7, 524288 bytes)
[    0.004000] Inode-cache hash table entries: 32768 (order: 6, 262144 bytes)
[    0.004000] Mount-cache hash table entries: 1024 (order: 1, 8192 bytes)
[    0.004000] Mountpoint-cache hash table entries: 1024 (order: 1, 8192 bytes)
[    0.004425] Last level iTLB entries: 4KB 64, 2MB 8, 4MB 8
[    0.004854] Last level dTLB entries: 4KB 64, 2MB 0, 4MB 0, 1GB 4
[    0.005327] unchecked MSR access error: RDMSR from 0x122 at rIP: 0xffffffff81038c76 (native_read_msr+0x6/0x20)
[    0.006070] Call Trace:
[    0.006267]  tsx_disable+0x14/0x40
[    0.006526]  tsx_init+0xdf/0x134
[    0.006786]  identify_boot_cpu+0x78/0x7a
[    0.007098]  check_bugs+0x25/0x954
[    0.007381]  ? kmem_cache_alloc+0x132/0x140
[    0.008005]  start_kernel+0x45b/0x486
[    0.008277]  x86_64_start_reservations+0x2a/0x2c
[    0.008617]  x86_64_start_kernel+0x72/0x75
[    0.008919]  secondary_startup_64+0xa5/0xb0
[    0.009231] unchecked MSR access error: WRMSR to 0x122 (tried to write 0x0000000000000003) at rIP: 0xffffffff81038cb8 (native_write_msr+0x8/0x10)
[    0.010231] Call Trace:
[    0.010431]  tsx_disable+0x2e/0x40
[    0.010704]  tsx_init+0xdf/0x134
[    0.010963]  identify_boot_cpu+0x78/0x7a
[    0.011275]  check_bugs+0x25/0x954
[    0.011551]  ? kmem_cache_alloc+0x132/0x140
[    0.011881]  start_kernel+0x45b/0x486
[    0.012003]  x86_64_start_reservations+0x2a/0x2c
[    0.012370]  x86_64_start_kernel+0x72/0x75
[    0.012696]  secondary_startup_64+0xa5/0xb0
[    0.013033] Spectre V1 : Mitigation: usercopy/swapgs barriers and __user pointer sanitization
[    0.013695] Spectre V2 : Mitigation: Enhanced IBRS
[    0.014052] Spectre V2 : Spectre v2 / SpectreRSB mitigation: Filling RSB on context switch
[    0.014696] Spectre V2 : mitigation: Enabling conditional Indirect Branch Prediction Barrier
[    0.015336] Speculative Store Bypass: Mitigation: Speculative Store Bypass disabled via prctl and seccomp
[    0.016002] TAA: Mitigation: TSX disabled
[    0.016532] Freeing SMP alternatives memory: 32K
[    0.018702] smpboot: Max logical packages: 2
[    0.019180] x2apic enabled
[    0.019557] Switched APIC routing to physical x2apic.
[    0.020774] ..TIMER: vector=0x30 apic1=0 pin1=0 apic2=-1 pin2=-1
[    0.021244] smpboot: CPU0: Intel(R) Xeon(R) Processor @ 2.50GHz (family: 0x6, model: 0x55, stepping: 0x7)
[    0.022033] Performance Events: unsupported p6 CPU model 85 no PMU driver, software events only.
[    0.022747] Hierarchical SRCU implementation.
[    0.023506] smp: Bringing up secondary CPUs ...
[    0.023973] x86: Booting SMP configuration:
[    0.024000] .... node  #0, CPUs:      #1
[    0.004000] kvm-clock: cpu 1, msr 0:1f7dc041, secondary cpu clock
[    0.024188] KVM setup async PF for cpu 1
[    0.024296] kvm-stealtime: cpu 1, msr 1f515040
[    0.024774] smp: Brought up 1 node, 2 CPUs
[    0.024774] smpboot: Total of 2 processors activated (9999.99 BogoMIPS)
[    0.024956] devtmpfs: initialized
[    0.024956] x86/mm: Memory block size: 128MB
[    0.024956] clocksource: jiffies: mask: 0xffffffff max_cycles: 0xffffffff, max_idle_ns: 7645041785100000 ns
[    0.024956] futex hash table entries: 512 (order: 3, 32768 bytes)
[    0.028239] NET: Registered protocol family 16
[    0.028756] cpuidle: using governor ladder
[    0.028756] cpuidle: using governor menu
[    0.033219] HugeTLB registered 1.00 GiB page size, pre-allocated 0 pages
[    0.033219] HugeTLB registered 2.00 MiB page size, pre-allocated 0 pages
[    0.033219] SCSI subsystem initialized
[    0.033219] pps_core: LinuxPPS API ver. 1 registered
[    0.033219] pps_core: Software ver. 5.3.6 - Copyright 2005-2007 Rodolfo Giometti <giometti@linux.it>
[    0.033484] PTP clock support registered
[    0.036014] dmi: Firmware registration failed.
[    0.036479] NetLabel: Initializing
[    0.036739] NetLabel:  domain hash size = 128
[    0.037083] NetLabel:  protocols = UNLABELED CIPSOv4 CALIPSO
[    0.037526] NetLabel:  unlabeled traffic allowed by default
[    0.037983] clocksource: Switched to clocksource kvm-clock
[    0.037993] VFS: Disk quotas dquot_6.6.0
[    0.037993] VFS: Dquot-cache hash table entries: 512 (order 0, 4096 bytes)
[    0.039201] NET: Registered protocol family 2
[    0.039676] TCP established hash table entries: 4096 (order: 3, 32768 bytes)
[    0.040208] TCP bind hash table entries: 4096 (order: 4, 65536 bytes)
[    0.040685] TCP: Hash tables configured (established 4096 bind 4096)
[    0.041199] UDP hash table entries: 256 (order: 1, 8192 bytes)
[    0.041644] UDP-Lite hash table entries: 256 (order: 1, 8192 bytes)
[    0.042159] NET: Registered protocol family 1
[    0.042583] RPC: Registered named UNIX socket transport module.
[    0.043021] RPC: Registered udp transport module.
[    0.043378] RPC: Registered tcp transport module.
[    0.043729] RPC: Registered tcp NFSv4.1 backchannel transport module.
[    0.044252] Unpacking initramfs...
[    0.281233] Freeing initrd memory: 136320K
[    0.281625] virtio-mmio: Registering device virtio-mmio.0 at 0xd0000000-0xd0000fff, IRQ 5.
[    0.282299] virtio-mmio: Registering device virtio-mmio.1 at 0xd0001000-0xd0001fff, IRQ 6.
[    0.282952] clocksource: tsc: mask: 0xffffffffffffffff max_cycles: 0x240937b9988, max_idle_ns: 440795218083 ns
[    0.283699] platform rtc_cmos: registered platform RTC device (no PNP device found)
[    0.284592] Scanning for low memory corruption every 60 seconds
[    0.285277] audit: initializing netlink subsys (disabled)
[    0.285744] audit: type=2000 audit(1613509951.891:1): state=initialized audit_enabled=0 res=1
[    0.285869] Initialise system trusted keyrings
[    0.286801] Key type blacklist registered
[    0.287152] workingset: timestamp_bits=36 max_order=17 bucket_order=0
[    0.288742] zbud: loaded
[    0.289954] squashfs: version 4.0 (2009/01/31) Phillip Lougher
[    0.290579] NFS: Registering the id_resolver key type
[    0.290960] Key type id_resolver registered
[    0.291309] Key type id_legacy registered
[    0.291620] nfs4filelayout_init: NFSv4 File Layout Driver Registering...
[    0.293763] Key type asymmetric registered
[    0.294109] Asymmetric key parser 'x509' registered
[    0.294489] Block layer SCSI generic (bsg) driver version 0.4 loaded (major 252)
[    0.295074] io scheduler noop registered (default)
[    0.295461] io scheduler cfq registered
[    0.295848] virtio-mmio virtio-mmio.0: Failed to enable 64-bit or 32-bit DMA.  Trying to continue, but this might not work.
[    0.296749] virtio-mmio virtio-mmio.1: Failed to enable 64-bit or 32-bit DMA.  Trying to continue, but this might not work.
[    0.297636] Serial: 8250/16550 driver, 1 ports, IRQ sharing disabled
[    0.319369] serial8250: ttyS0 at I/O 0x3f8 (irq = 4, base_baud = 115200) is a U6_16550A
[    0.321471] loop: module loaded
[    0.321767] Loading iSCSI transport class v2.0-870.
[    0.322253] iscsi: registered transport (tcp)
[    0.322587] tun: Universal TUN/TAP device driver, 1.6
[    0.323060] hidraw: raw HID events driver (C) Jiri Kosina
[    0.323519] nf_conntrack version 0.5.0 (4096 buckets, 16384 max)
[    0.324124] ip_tables: (C) 2000-2006 Netfilter Core Team
[    0.324698] Initializing XFRM netlink socket
[    0.325131] NET: Registered protocol family 10
[    0.325880] Segment Routing with IPv6
[    0.326173] NET: Registered protocol family 17
[    0.326522] Bridge firewalling registered
[    0.326862] Key type dns_resolver registered
[    0.327261] NET: Registered protocol family 40
[    0.327954] sched_clock: Marking stable (327219330, 0)->(384226922, -57007592)
[    0.328721] registered taskstats version 1
[    0.329045] Loading compiled-in X.509 certificates
[    0.330061] Loaded X.509 cert 'Build time autogenerated kernel key: c582bb2a1fdabdd195bbc9c8840fff8158852907'
[    0.330799] zswap: loaded using pool lzo/zbud
[    0.331358] Key type encrypted registered
[    0.332889] Freeing unused kernel memory: 1300K
[    0.348090] Write protecting the kernel read-only data: 14336k
[    0.349934] Freeing unused kernel memory: 2016K
[    0.351209] Freeing unused kernel memory: 476K
[    0.351800] nsm: loading out-of-tree module taints kernel.
[    0.352253] nsm: module verification failed: signature and/or required key missing - tainting kernel
.
..
MESSAGE PRINTING TEST AOLDKCMADLCCMKL:test/[    0.357732] random: kmstool_enclave: uninitialized urandom read (32 bytes read)
[    0.358261] random: kmstool_enclave: uninitialized urandom read (32 bytes read)
[    0.359129] random: crng init done
Awaiting connection...
Connected peer
Object = { "Operation": "SetClient", "AwsAccessKeyId": "ASIA3LBHUAKMMZPFIETB", "AwsSecretAccessKey": "iOSy7cNhF15glYGM68YZ0dREGl68tQEWGW+uWMi3", "AwsSessionToken": "IQoJb3JpZ2luX2VjEEUaCXVzLXdlc3QtMiJHMEUCIQDCXb\/yNdWYDEd8qAoVNPTuMQgo5UcEHOYNenAegNQrlAIgexPpp\/JUKvYnvsU8tE5vBDAycQuet0QHWQbTiL79HrQqtAMIThACGgw3Nzk2MTk2NjQ1MzYiDP2G5zdADeP5EuTQuiqRA7TOP3Zn4nNOzeYoUNMHy\/AbnTfOVEIFupvqzdkF2uF7S2Ts7\/LSx\/m73x8b4hmHGXWO7NBbUK1t1jKRBPfBU4kLNjFbshrdtEcyTMQ3cVR5aB2OrKOKDRM8Psi4TP76hBbukpSFLKLd+f0i5qEUktpdQGwQwsNY9jIpV\/CdnjeGjyugNR64XNq5fFgS5bJoMVQL51NYAVq0qiX3qIg3WSU8QPQ8EHkzd5qsFZDiv5szyFssbnYSje3vdcJ8fSWhduv+6Nj3PpMmEFSb1bMoiwcQyEjw1oJGEB1Tx3UPR93zquoYcEJnU4AyMnQi9\/K0WiFFNziwvnrtwr8\/yvsOpYEe\/twieqlmjnfg20wLCaxQVyo1IoIZSK9K9P9zxY+WgZB+lgkkbU5s50rr9NgOiC7Whxo3BjfPHYOizZpiOnCI3wJw3S1DcqmerWAeXxHbbBP7Z0lUwy4HDN+Y2ez5gnzceRNicZSVqzENmbVb5zXp+eMDoidrjpBnoWC2PzsuVEm3OTqFadW\/+MigbWOzv9\/xMIvasIEGOusBGTzyh8ENsnviWSk+k3wcuYwNQvWzbMNAl+Lc\/dT4E3xSRxqPRamiX84Hxz6Awz72FkJ9X\/uvfQxioQPVhTRdXOjKPlT52KzaKntNbyoSNaWCw07Qi42\/du+j1gyyzdoV0\/9HXH3u6WNrgCgiBYLwAjvWx8d1sMqB2A3dVN++CGXsC7aFDJDFFUiO97OjgFRQkYD7fk3WVyr3FkRdgBZ7hqJFD9gp5gPV9cU78JgvEiwrcre9ZoyIU+Zx2mYtDIt8K8HSgj1LjN0xmUEnO8KlAbLRPeIP0rm1DMJzbsB9kg0AUYF6lcWLTawX5w==" }
[INFO] [2021-02-16T21:12:59Z] [00007fc1dc6c4880] [tls-handler] - ctx: cannot enable ocsp stapling: OCSP stapling was requested, but is not supported
[INFO] [2021-02-16T21:12:59Z] [00007fc1dc6c4880] [event-loop] - id=0x18f72b0: Initializing edge-triggered epoll
[INFO] [2021-02-16T21:12:59Z] [00007fc1dc6c4880] [event-loop] - id=0x18f72b0: Using eventfd for cross-thread notifications.
[INFO] [2021-02-16T21:12:59Z] [00007fc1dc6c4880] [event-loop] - id=0x18f72b0: Starting event-loop thread.
[INFO] [2021-02-16T21:12:59Z] [00007fc1dc6c4880] [event-loop] - id=0x19d1ca0: Initializing edge-triggered epoll
[INFO] [2021-02-16T21:12:59Z] [00007fc1dc6c4880] [event-loop] - id=0x19d1ca0: Using eventfd for cross-thread notifications.
[INFO] [2021-02-16T21:12:59Z] [00007fc1dc6c4880] [event-loop] - id=0x19d1ca0: Starting event-loop thread.
[INFO] [2021-02-16T21:12:59Z] [00007fc1dc6c4880] [dns] - id=0x19dfc90: Initializing default host resolver with 8 max host entries.
[INFO] [2021-02-16T21:12:59Z] [00007fc1dc6c4880] [channel-bootstrap] - id=0x19dfba0: Initializing client bootstrap with event-loop group 0x19dfd80
[WARN] [2021-02-16T21:12:59Z] [00007fc1dc6c4880] [socket] - id=0x19e1420 fd=10: setsockopt() for NO_SIGNAL failed with errno 92. If you are having SIGPIPE signals thrown, you may want to install a signal trap in your application layer.
[INFO] [2021-02-16T21:12:59Z] [00007fc1da2e9700] [event-loop] - id=0x19d1ca0: main loop started
[INFO] [2021-02-16T21:12:59Z] [00007fc1da2e9700] [event-loop] - id=0x19d1ca0: default timeout 100000, and max events to process per tick 100
[INFO] [2021-02-16T21:12:59Z] [00007fc1daaea700] [event-loop] - id=0x18f72b0: main loop started
[INFO] [2021-02-16T21:12:59Z] [00007fc1daaea700] [event-loop] - id=0x18f72b0: default timeout 100000, and max events to process per tick 100
[INFO] [2021-02-16T21:12:59Z] [00007fc1daaea700] [socket] - id=0x19e1420 fd=10: connection success
Connected.
[INFO] [2021-02-16T21:12:59Z] [00007fc1daaea700] [http-connection] - id=0x7fc1d0016f80: HTTP/1.1 client connection established.
Object = { "Operation": "Decrypt", "Ciphertext": "AQICAHjDlQ35nIiO6k4cvEcJooGbQY3jNzV\/jZYVN8q3cCqdMAGBXUkR\/5XZiVYN4N8KzNYGAAAAhDCBgQYJKoZIhvcNAQcGoHQwcgIBADBtBgkqhkiG9w0BBwEwHgYJYIZIAWUDBAEuMBEEDDZEqiNZ85hfqQif3AIBEIBAXqczbCyXqe4fiS4BjxMzdsP88Fa3uDMwaPOT7O3ZIxedk3wPcnfuKtKHtu0XWmB0+vHH6l5zQvt0Ltda\/bJhKg==", "command": "AQICAHjDlQ35nIiO6k4cvEcJooGbQY3jNzV\/jZYVN8q3cCqdMAG5gCOZrwr0AH\/dBObwtuK4AAAAaDBmBgkqhkiG9w0BBwagWTBXAgEAMFIGCSqGSIb3DQEHATAeBglghkgBZQMEAS4wEQQMC5wDZOAm0FZBm8RgAgEQgCXmi7YfagNlUag2vxSk45TwXV90bDW2YwS9peDcBmPwrn8sJxxp" }
decrypt request string:{ "CiphertextBlob": "AQICAHjDlQ35nIiO6k4cvEcJooGbQY3jNzV\/jZYVN8q3cCqdMAGBXUkR\/5XZiVYN4N8KzNYGAAAAhDCBgQYJKoZIhvcNAQcGoHQwcgIBADBtBgkqhkiG9w0BBwEwHgYJYIZIAWUDBAEuMBEEDDZEqiNZ85hfqQif3AIBEIBAXqczbCyXqe4fiS4BjxMzdsP88Fa3uDMwaPOT7O3ZIxedk3wPcnfuKtKHtu0XWmB0+vHH6l5zQvt0Ltda\/bJhKg==", "Recipient": { "KeyEncryptionAlgorithm": "RSAES_OAEP_SHA_256", "AttestationDocument": "hEShATgioFkR66lpbW9kdWxlX2lkeCdpLTBjNmI5Yzc1NDNmYzMyYzQwLWVuYzAxNzdhY2FmZjg1OWVhNmRmZGlnZXN0ZlNIQTM4NGl0aW1lc3RhbXAbAAABd6ywbXxkcGNyc7AAWDAAAAAAAAAAAAAAAAAAAAAAAAAAAAAAAAAAAAAAAAAAAAAAAAAAAAAAAAAAAAAAAAABWDAAAAAAAAAAAAAAAAAAAAAAAAAAAAAAAAAAAAAAAAAAAAAAAAAAAAAAAAAAAAAAAAACWDAAAAAAAAAAAAAAAAAAAAAAAAAAAAAAAAAAAAAAAAAAAAAAAAAAAAAAAAAAAAAAAAADWDA1\/yiBZ20sbJotGsvz4cyiSfI1W9Pzujc1Vd435IivLynVzgNsaCXTFoIt6rPKHckEWDBN7x6BAVxN86kBVFGL1ueM0IvQQZ4vIUNBdsVueIZYtwi0E6iu7ufd4mvvpkbTx8wFWDAAAAAAAAAAAAAAAAAAAAAAAAAAAAAAAAAAAAAAAAAAAAAAAAAAAAAAAAAAAAAAAAAGWDAAAAAAAAAAAAAAAAAAAAAAAAAAAAAAAAAAAAAAAAAAAAAAAAAAAAAAAAAAAAAAAAAHWDAAAAAAAAAAAAAAAAAAAAAAAAAAAAAAAAAAAAAAAAAAAAAAAAAAAAAAAAAAAAAAAAAIWDAAAAAAAAAAAAAAAAAAAAAAAAAAAAAAAAAAAAAAAAAAAAAAAAAAAAAAAAAAAAAAAAAJWDAAAAAAAAAAAAAAAAAAAAAAAAAAAAAAAAAAAAAAAAAAAAAAAAAAAAAAAAAAAAAAAAAKWDAAAAAAAAAAAAAAAAAAAAAAAAAAAAAAAAAAAAAAAAAAAAAAAAAAAAAAAAAAAAAAAAALWDAAAAAAAAAAAAAAAAAAAAAAAAAAAAAAAAAAAAAAAAAAAAAAAAAAAAAAAAAAAAAAAAAMWDAAAAAAAAAAAAAAAAAAAAAAAAAAAAAAAAAAAAAAAAAAAAAAAAAAAAAAAAAAAAAAAAANWDAAAAAAAAAAAAAAAAAAAAAAAAAAAAAAAAAAAAAAAAAAAAAAAAAAAAAAAAAAAAAAAAAOWDAAAAAAAAAAAAAAAAAAAAAAAAAAAAAAAAAAAAAAAAAAAAAAAAAAAAAAAAAAAAAAAAAPWDAAAAAAAAAAAAAAAAAAAAAAAAAAAAAAAAAAAAAAAAAAAAAAAAAAAAAAAAAAAAAAAABrY2VydGlmaWNhdGVZAoAwggJ8MIICAaADAgECAhABd6yv+FnqbQAAAABgLDVbMAoGCCqGSM49BAMDMIGOMQswCQYDVQQGEwJVUzETMBEGA1UECAwKV2FzaGluZ3RvbjEQMA4GA1UEBwwHU2VhdHRsZTEPMA0GA1UECgwGQW1hem9uMQwwCgYDVQQLDANBV1MxOTA3BgNVBAMMMGktMGM2YjljNzU0M2ZjMzJjNDAudXMtd2VzdC0yLmF3cy5uaXRyby1lbmNsYXZlczAeFw0yMTAyMTYyMTEyNTlaFw0yMTAyMTcwMDEyNTlaMIGTMQswCQYDVQQGEwJVUzETMBEGA1UECAwKV2FzaGluZ3RvbjEQMA4GA1UEBwwHU2VhdHRsZTEPMA0GA1UECgwGQW1hem9uMQwwCgYDVQQLDANBV1MxPjA8BgNVBAMMNWktMGM2YjljNzU0M2ZjMzJjNDAtZW5jMDE3N2FjYWZmODU5ZWE2ZC51cy13ZXN0LTIuYXdzMHYwEAYHKoZIzj0CAQYFK4EEACIDYgAEQaoUaqXPrNJXbh2pbDxQ5LJfCZMHHSZ9oyfTa4BwlvqDRIy\/H1Ee7dK9mAfqw1avA0uez\/7eHY3uennFM1\/5HWGiC4xOP5Z3PWp2VgQ+r5ORSJ7tmRTTpQie7fdRrWQMox0wGzAMBgNVHRMBAf8EAjAAMAsGA1UdDwQEAwIGwDAKBggqhkjOPQQDAwNpADBmAjEAnJ3h\/VfaniGWvpPhhXx8waLu6V\/ST1c+PrRpgMAzxWyEjQUHb8moVASlY5Zba28SAjEA9PZsnp\/pxrSsuTZNwm9J2rEQY+ZPqDsRwcFNrrLxZSKipdGURnyI++vc5TAR2JXKaGNhYnVuZGxlhFkCFTCCAhEwggGWoAMCAQICEQD5MXVoG5Cv4R1GzLTk5\/hWMAoGCCqGSM49BAMDMEkxCzAJBgNVBAYTAlVTMQ8wDQYDVQQKDAZBbWF6b24xDDAKBgNVBAsMA0FXUzEbMBkGA1UEAwwSYXdzLm5pdHJvLWVuY2xhdmVzMB4XDTE5MTAyODEzMjgwNVoXDTQ5MTAyODE0MjgwNVowSTELMAkGA1UEBhMCVVMxDzANBgNVBAoMBkFtYXpvbjEMMAoGA1UECwwDQVdTMRswGQYDVQQDDBJhd3Mubml0cm8tZW5jbGF2ZXMwdjAQBgcqhkjOPQIBBgUrgQQAIgNiAAT8AlTrpgjB82hw4prakL5GODKSc26JS\/\/2ctmJREtQUeU0pLH22+PAvFgaMrexdgcO3hLWmj\/qIRtm51LPfdHdCV9vE3D0FwhD2dwQASHkz2MBKAlmRIfJeWKEME3FP\/SjQjBAMA8GA1UdEwEB\/wQFMAMBAf8wHQYDVR0OBBYEFJAltQ3ZBUfnlsOW+nKdz5mp30uWMA4GA1UdDwEB\/wQEAwIBhjAKBggqhkjOPQQDAwNpADBmAjEAo38vkaHJvV7nuGJ8FpjSVQOOHwND+VtjqWKMPTmAlUWhHry\/LjtV2K7ucbTD1q3zAjEAovObFgWycCil3UugabUBbmW0+96P4AYdalMZf5za9dlDvGH8K+sDy2\/ujSMC89\/2WQLDMIICvzCCAkWgAwIBAgIRAPxG7JcDq4LQgsru+416arAwCgYIKoZIzj0EAwMwSTELMAkGA1UEBhMCVVMxDzANBgNVBAoMBkFtYXpvbjEMMAoGA1UECwwDQVdTMRswGQYDVQQDDBJhd3Mubml0cm8tZW5jbGF2ZXMwHhcNMjEwMjEyMjM1MzAwWhcNMjEwMzA1MDA1MzAwWjBkMQswCQYDVQQGEwJVUzEPMA0GA1UECgwGQW1hem9uMQwwCgYDVQQLDANBV1MxNjA0BgNVBAMMLTU0MzAwNjg0N2ZiYzdkZjEudXMtd2VzdC0yLmF3cy5uaXRyby1lbmNsYXZlczB2MBAGByqGSM49AgEGBSuBBAAiA2IABAt3D02Ctc382OYCNIyb+0MnSIR2QthGEokeaoDyDsHJFWccbYe\/AmTRk5pRK+tVgxM35TA\/toAE1V1seNXH\/oXlY4XKsmZeR9qbD7QKbtllQHamHT59jFkXya1m9vgCIKOB1TCB0jASBgNVHRMBAf8ECDAGAQH\/AgECMB8GA1UdIwQYMBaAFJAltQ3ZBUfnlsOW+nKdz5mp30uWMB0GA1UdDgQWBBSGpAYWYIo+ce95Gt6g1EB5C4W3FTAOBgNVHQ8BAf8EBAMCAYYwbAYDVR0fBGUwYzBhoF+gXYZbaHR0cDovL2F3cy1uaXRyby1lbmNsYXZlcy1jcmwuczMuYW1hem9uYXdzLmNvbS9jcmwvYWI0OTYwY2MtN2Q2My00MmJkLTllOWYtNTkzMzhjYjY3Zjg0LmNybDAKBggqhkjOPQQDAwNoADBlAjA8ok8kayeIumipZqGdUWmnjge\/eNgZVHXd7wDF7pCIB3gfoA0kDDgHIKkbucsUig8CMQDhsNakvy8nLy\/pJo3\/M\/Ce\/McSL2mHbOERn\/E3riR79Sd+z3KRPF6O5o6VCUoHyftZAxowggMWMIICm6ADAgECAhEA9if5d7lyLVkh97I\/l2ZpvTAKBggqhkjOPQQDAzBkMQswCQYDVQQGEwJVUzEPMA0GA1UECgwGQW1hem9uMQwwCgYDVQQLDANBV1MxNjA0BgNVBAMMLTU0MzAwNjg0N2ZiYzdkZjEudXMtd2VzdC0yLmF3cy5uaXRyby1lbmNsYXZlczAeFw0yMTAyMTYxNzA5MjhaFw0yMTAyMjIwNzA5MjdaMIGJMTwwOgYDVQQDDDMyOWY3OTRjYTY4NDYyNmU0LnpvbmFsLnVzLXdlc3QtMi5hd3Mubml0cm8tZW5jbGF2ZXMxDDAKBgNVBAsMA0FXUzEPMA0GA1UECgwGQW1hem9uMQswCQYDVQQGEwJVUzELMAkGA1UECAwCV0ExEDAOBgNVBAcMB1NlYXR0bGUwdjAQBgcqhkjOPQIBBgUrgQQAIgNiAASBez3heGik1q9h\/6NVKOMAHsBCkw\/+7F1eYgt6MUnSEBqznTdZa79dStdlDLfDfDcfWJlI5K9mNxmP4hAgeGdVA+euTIJsaMhm7DQ6t04p\/rqxl7SCT1Dp8r2lcMpxY3ejgeowgecwEgYDVR0TAQH\/BAgwBgEB\/wIBATAfBgNVHSMEGDAWgBSGpAYWYIo+ce95Gt6g1EB5C4W3FTAdBgNVHQ4EFgQUj7jn1jbUapKrgnmKFvQQW6SWKCMwDgYDVR0PAQH\/BAQDAgGGMIGABgNVHR8EeTB3MHWgc6Bxhm9odHRwOi8vY3JsLXVzLXdlc3QtMi1hd3Mtbml0cm8tZW5jbGF2ZXMuczMudXMtd2VzdC0yLmFtYXpvbmF3cy5jb20vY3JsLzM3MmRlZmFjLWJhY2MtNDk5MC04MGU2LWRmY2M2NjU2N2YyNi5jcmwwCgYIKoZIzj0EAwMDaQAwZgIxANpSuG5RZTB8WOIuFdZH3pwUfY5YLUOKnwOe6cgOAigfA\/V2b+JnjLiQoI49fWRQqwIxAMXu2vUiB0cFrhHgNsok0tw1bZ8QoubMUQf5vqEnTT7r8R+WSdVj2q74S1zeOyXJAVkCgzCCAn8wggIFoAMCAQICFQDe+PMDxBr4xfRURyGxyy83vjBG\/zAKBggqhkjOPQQDAzCBiTE8MDoGA1UEAwwzMjlmNzk0Y2E2ODQ2MjZlNC56b25hbC51cy13ZXN0LTIuYXdzLm5pdHJvLWVuY2xhdmVzMQwwCgYDVQQLDANBV1MxDzANBgNVBAoMBkFtYXpvbjELMAkGA1UEBhMCVVMxCzAJBgNVBAgMAldBMRAwDgYDVQQHDAdTZWF0dGxlMB4XDTIxMDIxNjIwMDM0MloXDTIxMDIxNzIwMDM0MlowgY4xCzAJBgNVBAYTAlVTMRMwEQYDVQQIDApXYXNoaW5ndG9uMRAwDgYDVQQHDAdTZWF0dGxlMQ8wDQYDVQQKDAZBbWF6b24xDDAKBgNVBAsMA0FXUzE5MDcGA1UEAwwwaS0wYzZiOWM3NTQzZmMzMmM0MC51cy13ZXN0LTIuYXdzLm5pdHJvLWVuY2xhdmVzMHYwEAYHKoZIzj0CAQYFK4EEACIDYgAE5x9HLIVKjTq861\/Wbm4jmNmXQGK8JAhUVYLRy2l\/2Zr2JldPHD6alM2nfKzlGuGVdpAGQXpqw5pI4LUG7H\/AcQwtHMk30aRdxytq64LL2KuuYbWpdI8elEPevd+Gvx0DoyYwJDASBgNVHRMBAf8ECDAGAQH\/AgEAMA4GA1UdDwEB\/wQEAwICBDAKBggqhkjOPQQDAwNoADBlAjEA1DEM6MAGCjQuTEKEawDIoKTAwAiQPiDNMBXPrCJL2kw4x3DvMG7DEcqnQilZrwwXAjB33PWlFADvUej\/Q5WxUzAdDZmdHM5XxxElSy\/JY9y\/TDHo3Ob0Uq5uF+TawWTJAvVqcHVibGljX2tleVkBJjCCASIwDQYJKoZIhvcNAQEBBQADggEPADCCAQoCggEBAL99j5v9hqjLG7KanbELbMOZ0UzzK7yUnmHJy384LUfrRRmlciJl9qN6IHhkFE+gt2D0PBI9qwmQXNjy4wlOHKeC17WN2s99RV2rD3+Ha887dlALXai\/Tkqn2vmHWrvoy4cquAreZcwWrP4m9DVwdOywRxvxiiOYzsKEIsHA14kjvzRuHlSJ3gnpDhXUQ9zq3uDkMqU3VsC4KXvXgIzWzefsDKR0ZUXuGA0T1UyKLN++z1Em4aBuEK9RDBNNtRfY9eG3O8uof5IMdOEJxj7liDTb2acSgYzRIqD19tqWOgHQdtbDO2e9vhBe+wMmnPbJ9LnaERF9ceTkpYLBBcesZbkCAwEAAWl1c2VyX2RhdGH2ZW5vbmNl9lhgoz4A6qYzHEUqBvVt0FRiKMc1eqhtdWaYFIVb5WbE6RjXyrIfqd+0Rcg0PkQHHIwMZGpb2NcIiys13Zn2Y1QHbfrVnu1oJU4aHutIRcLIdV2RmVdETw3MIn8yRWn+lYWc" } }
[INFO] [2021-02-16T21:12:59Z] [00007fc1dc6c4880] [AuthSigning] - (id=0x19d5290) Signing successfully built canonical request for algorithm SigV4, with contents 
POST
/

content-length:6680
content-type:application/x-amz-json-1.1
host:kms.us-west-2.amazonaws.com
x-amz-content-sha256:87909afcc7fa18cd956a16900389a96de82f1e837c4713707409d963d4beadd8
x-amz-date:20210216T211259Z
x-amz-security-token:IQoJb3JpZ2luX2VjEEUaCXVzLXdlc3QtMiJHMEUCIQDCXb/yNdWYDEd8qAoVNPTuMQgo5UcEHOYNenAegNQrlAIgexPpp/JUKvYnvsU8tE5vBDAycQuet0QHWQbTiL79HrQqtAMIThACGgw3Nzk2MTk2NjQ1MzYiDP2G5zdADeP5EuTQuiqRA7TOP3Zn4nNOzeYoUNMHy/AbnTfOVEIFupvqzdkF2uF7S2Ts7/LSx/m73x8b4hmHGXWO7NBbUK1t1jKRBPfBU4kLNjFbshrdtEcyTMQ3cVR5aB2OrKOKDRM8Psi4TP76hBbukpSFLKLd+f0i5qEUktpdQGwQwsNY9jIpV/CdnjeGjyugNR64XNq5fFgS5bJoMVQL51NYAVq0qiX3qIg3WSU8QPQ8EHkzd5qsFZDiv5szyFssbnYSje3vdcJ8fSWhduv+6Nj3PpMmEFSb1bMoiwcQyEjw1oJGEB1Tx3UPR93zquoYcEJnU4AyMnQi9/K0WiFFNziwvnrtwr8/yvsOpYEe/twieqlmjnfg20wLCaxQVyo1IoIZSK9K9P9zxY+WgZB+lgkkbU5s50rr9NgOiC7Whxo3BjfPHYOizZpiOnCI3wJw3S1DcqmerWAeXxHbbBP7Z0lUwy4HDN+Y2ez5gnzceRNicZSVqzENmbVb5zXp+eMDoidrjpBnoWC2PzsuVEm3OTqFadW/+MigbWOzv9/xMIvasIEGOusBGTzyh8ENsnviWSk+k3wcuYwNQvWzbMNAl+Lc/dT4E3xSRxqPRamiX84Hxz6Awz72FkJ9X/uvfQxioQPVhTRdXOjKPlT52KzaKntNbyoSNaWCw07Qi42/du+j1gyyzdoV0/9HXH3u6WNrgCgiBYLwAjvWx8d1sMqB2A3dVN++CGXsC7aFDJDFFUiO97OjgFRQkYD7fk3WVyr3FkRdgBZ7hqJFD9gp5gPV9cU78JgvEiwrcre9ZoyIU+Zx2mYtDIt8K8HSgj1LjN0xmUEnO8KlAbLRPeIP0rm1DMJzbsB9kg0AUYF6lcWLTawX5w==
x-amz-target:TrentService.Decrypt

content-length;content-type;host;x-amz-content-sha256;x-amz-date;x-amz-security-token;x-amz-target
87909afcc7fa18cd956a16900389a96de82f1e837c4713707409d963d4beadd8

[INFO] [2021-02-16T21:12:59Z] [00007fc1dc6c4880] [AuthSigning] - (id=0x19d5290) Signing successfully built string-to-sign via algorithm SigV4, with contents 
AWS4-HMAC-SHA256
20210216T211259Z
20210216/us-west-2/kms/aws4_request
c5163ff1acba1b9d445339aa99d6d0a1ac592ef5941fd9a9be0a06f327271690

[INFO] [2021-02-16T21:12:59Z] [00007fc1dc6c4880] [AuthSigning] - (id=0x19d5290) Http request successfully built final authorization value via algorithm SigV4, with contents 
AWS4-HMAC-SHA256 Credential=ASIA3LBHUAKMMZPFIETB/20210216/us-west-2/kms/aws4_request, SignedHeaders=content-length;content-type;host;x-amz-content-sha256;x-amz-date;x-amz-security-token;x-amz-target, Signature=3f6ff4d2d60a7d635c2921375e0f4a43e1e772d6c138f99f47297dc748618ff7

decrypt response string:{"CiphertextForRecipient":"MIAGCSqGSIb3DQEHA6CAMIACAQIxggFrMIIBZwIBAoAgcSlyI8AWZh7je2x6a7AGjL3qDH0q0fShDEx2v1CyDFswPAYJKoZIhvcNAQEHMC+gDzANBglghkgBZQMEAgEFAKEcMBoGCSqGSIb3DQEBCDANBglghkgBZQMEAgEFAASCAQAsi5GvAMj8QkOD1He2c3l404N2XKem9jibkVe3pO/M290QxQvxvPfdOBSXfuSfhWroFg26oTgf07UAqXKJ+8b7q/np1+9O0CXQlb4PIhvYRl3OVcZNBV2j9lWryshvs8h3uk//rC5hiC3lr2UN4qrPeKqxZn7Gs9m46dRMuG1Y6Ld4yf6yp4LkyJd7oLmAO0Q5qL3q1ZJQD+h+nL1RyCZp2ePpBrs4X2nMvj/6qlB9RYD/KE7zmxwNKFZ1Ol1Iw3TCJfFrv+LoUa+0Ov1db64+rhSYvX1Vpfh9IurEwGNJISq6m8YWEkAt/lZWmZT4BL5UN08ttYvl1TTdTNUb5izAMIAGCSqGSIb3DQEHATAdBglghkgBZQMEASoEEL/HNIjXiGwyhy5RCudtNEOggAQwfP2hB+es2OabEWLCXSLKnxTlO6xU5ZPBNk1v1qEhZQL0ccHhBdWmZq1yX9/cffoXAAAAAAAAAAAAAA==","EncryptionAlgorithm":"SYMMETRIC_DEFAULT","KeyId":"arn:aws:kms:us-west-2:779619664536:key/d3a3ce82-5390-49d8-bd77-400ebbe77946"}
decrypt request string:{ "CiphertextBlob": "AQICAHjDlQ35nIiO6k4cvEcJooGbQY3jNzV\/jZYVN8q3cCqdMAG5gCOZrwr0AH\/dBObwtuK4AAAAaDBmBgkqhkiG9w0BBwagWTBXAgEAMFIGCSqGSIb3DQEHATAeBglghkgBZQMEAS4wEQQMC5wDZOAm0FZBm8RgAgEQgCXmi7YfagNlUag2vxSk45TwXV90bDW2YwS9peDcBmPwrn8sJxxp", "Recipient": { "KeyEncryptionAlgorithm": "RSAES_OAEP_SHA_256", "AttestationDocument": "hEShATgioFkR66lpbW9kdWxlX2lkeCdpLTBjNmI5Yzc1NDNmYzMyYzQwLWVuYzAxNzdhY2FmZjg1OWVhNmRmZGlnZXN0ZlNIQTM4NGl0aW1lc3RhbXAbAAABd6ywbeRkcGNyc7AAWDAAAAAAAAAAAAAAAAAAAAAAAAAAAAAAAAAAAAAAAAAAAAAAAAAAAAAAAAAAAAAAAAABWDAAAAAAAAAAAAAAAAAAAAAAAAAAAAAAAAAAAAAAAAAAAAAAAAAAAAAAAAAAAAAAAAACWDAAAAAAAAAAAAAAAAAAAAAAAAAAAAAAAAAAAAAAAAAAAAAAAAAAAAAAAAAAAAAAAAADWDA1\/yiBZ20sbJotGsvz4cyiSfI1W9Pzujc1Vd435IivLynVzgNsaCXTFoIt6rPKHckEWDBN7x6BAVxN86kBVFGL1ueM0IvQQZ4vIUNBdsVueIZYtwi0E6iu7ufd4mvvpkbTx8wFWDAAAAAAAAAAAAAAAAAAAAAAAAAAAAAAAAAAAAAAAAAAAAAAAAAAAAAAAAAAAAAAAAAGWDAAAAAAAAAAAAAAAAAAAAAAAAAAAAAAAAAAAAAAAAAAAAAAAAAAAAAAAAAAAAAAAAAHWDAAAAAAAAAAAAAAAAAAAAAAAAAAAAAAAAAAAAAAAAAAAAAAAAAAAAAAAAAAAAAAAAAIWDAAAAAAAAAAAAAAAAAAAAAAAAAAAAAAAAAAAAAAAAAAAAAAAAAAAAAAAAAAAAAAAAAJWDAAAAAAAAAAAAAAAAAAAAAAAAAAAAAAAAAAAAAAAAAAAAAAAAAAAAAAAAAAAAAAAAAKWDAAAAAAAAAAAAAAAAAAAAAAAAAAAAAAAAAAAAAAAAAAAAAAAAAAAAAAAAAAAAAAAAALWDAAAAAAAAAAAAAAAAAAAAAAAAAAAAAAAAAAAAAAAAAAAAAAAAAAAAAAAAAAAAAAAAAMWDAAAAAAAAAAAAAAAAAAAAAAAAAAAAAAAAAAAAAAAAAAAAAAAAAAAAAAAAAAAAAAAAANWDAAAAAAAAAAAAAAAAAAAAAAAAAAAAAAAAAAAAAAAAAAAAAAAAAAAAAAAAAAAAAAAAAOWDAAAAAAAAAAAAAAAAAAAAAAAAAAAAAAAAAAAAAAAAAAAAAAAAAAAAAAAAAAAAAAAAAPWDAAAAAAAAAAAAAAAAAAAAAAAAAAAAAAAAAAAAAAAAAAAAAAAAAAAAAAAAAAAAAAAABrY2VydGlmaWNhdGVZAoAwggJ8MIICAaADAgECAhABd6yv+FnqbQAAAABgLDVbMAoGCCqGSM49BAMDMIGOMQswCQYDVQQGEwJVUzETMBEGA1UECAwKV2FzaGluZ3RvbjEQMA4GA1UEBwwHU2VhdHRsZTEPMA0GA1UECgwGQW1hem9uMQwwCgYDVQQLDANBV1MxOTA3BgNVBAMMMGktMGM2YjljNzU0M2ZjMzJjNDAudXMtd2VzdC0yLmF3cy5uaXRyby1lbmNsYXZlczAeFw0yMTAyMTYyMTEyNTlaFw0yMTAyMTcwMDEyNTlaMIGTMQswCQYDVQQGEwJVUzETMBEGA1UECAwKV2FzaGluZ3RvbjEQMA4GA1UEBwwHU2VhdHRsZTEPMA0GA1UECgwGQW1hem9uMQwwCgYDVQQLDANBV1MxPjA8BgNVBAMMNWktMGM2YjljNzU0M2ZjMzJjNDAtZW5jMDE3N2FjYWZmODU5ZWE2ZC51cy13ZXN0LTIuYXdzMHYwEAYHKoZIzj0CAQYFK4EEACIDYgAEQaoUaqXPrNJXbh2pbDxQ5LJfCZMHHSZ9oyfTa4BwlvqDRIy\/H1Ee7dK9mAfqw1avA0uez\/7eHY3uennFM1\/5HWGiC4xOP5Z3PWp2VgQ+r5ORSJ7tmRTTpQie7fdRrWQMox0wGzAMBgNVHRMBAf8EAjAAMAsGA1UdDwQEAwIGwDAKBggqhkjOPQQDAwNpADBmAjEAnJ3h\/VfaniGWvpPhhXx8waLu6V\/ST1c+PrRpgMAzxWyEjQUHb8moVASlY5Zba28SAjEA9PZsnp\/pxrSsuTZNwm9J2rEQY+ZPqDsRwcFNrrLxZSKipdGURnyI++vc5TAR2JXKaGNhYnVuZGxlhFkCFTCCAhEwggGWoAMCAQICEQD5MXVoG5Cv4R1GzLTk5\/hWMAoGCCqGSM49BAMDMEkxCzAJBgNVBAYTAlVTMQ8wDQYDVQQKDAZBbWF6b24xDDAKBgNVBAsMA0FXUzEbMBkGA1UEAwwSYXdzLm5pdHJvLWVuY2xhdmVzMB4XDTE5MTAyODEzMjgwNVoXDTQ5MTAyODE0MjgwNVowSTELMAkGA1UEBhMCVVMxDzANBgNVBAoMBkFtYXpvbjEMMAoGA1UECwwDQVdTMRswGQYDVQQDDBJhd3Mubml0cm8tZW5jbGF2ZXMwdjAQBgcqhkjOPQIBBgUrgQQAIgNiAAT8AlTrpgjB82hw4prakL5GODKSc26JS\/\/2ctmJREtQUeU0pLH22+PAvFgaMrexdgcO3hLWmj\/qIRtm51LPfdHdCV9vE3D0FwhD2dwQASHkz2MBKAlmRIfJeWKEME3FP\/SjQjBAMA8GA1UdEwEB\/wQFMAMBAf8wHQYDVR0OBBYEFJAltQ3ZBUfnlsOW+nKdz5mp30uWMA4GA1UdDwEB\/wQEAwIBhjAKBggqhkjOPQQDAwNpADBmAjEAo38vkaHJvV7nuGJ8FpjSVQOOHwND+VtjqWKMPTmAlUWhHry\/LjtV2K7ucbTD1q3zAjEAovObFgWycCil3UugabUBbmW0+96P4AYdalMZf5za9dlDvGH8K+sDy2\/ujSMC89\/2WQLDMIICvzCCAkWgAwIBAgIRAPxG7JcDq4LQgsru+416arAwCgYIKoZIzj0EAwMwSTELMAkGA1UEBhMCVVMxDzANBgNVBAoMBkFtYXpvbjEMMAoGA1UECwwDQVdTMRswGQYDVQQDDBJhd3Mubml0cm8tZW5jbGF2ZXMwHhcNMjEwMjEyMjM1MzAwWhcNMjEwMzA1MDA1MzAwWjBkMQswCQYDVQQGEwJVUzEPMA0GA1UECgwGQW1hem9uMQwwCgYDVQQLDANBV1MxNjA0BgNVBAMMLTU0MzAwNjg0N2ZiYzdkZjEudXMtd2VzdC0yLmF3cy5uaXRyby1lbmNsYXZlczB2MBAGByqGSM49AgEGBSuBBAAiA2IABAt3D02Ctc382OYCNIyb+0MnSIR2QthGEokeaoDyDsHJFWccbYe\/AmTRk5pRK+tVgxM35TA\/toAE1V1seNXH\/oXlY4XKsmZeR9qbD7QKbtllQHamHT59jFkXya1m9vgCIKOB1TCB0jASBgNVHRMBAf8ECDAGAQH\/AgECMB8GA1UdIwQYMBaAFJAltQ3ZBUfnlsOW+nKdz5mp30uWMB0GA1UdDgQWBBSGpAYWYIo+ce95Gt6g1EB5C4W3FTAOBgNVHQ8BAf8EBAMCAYYwbAYDVR0fBGUwYzBhoF+gXYZbaHR0cDovL2F3cy1uaXRyby1lbmNsYXZlcy1jcmwuczMuYW1hem9uYXdzLmNvbS9jcmwvYWI0OTYwY2MtN2Q2My00MmJkLTllOWYtNTkzMzhjYjY3Zjg0LmNybDAKBggqhkjOPQQDAwNoADBlAjA8ok8kayeIumipZqGdUWmnjge\/eNgZVHXd7wDF7pCIB3gfoA0kDDgHIKkbucsUig8CMQDhsNakvy8nLy\/pJo3\/M\/Ce\/McSL2mHbOERn\/E3riR79Sd+z3KRPF6O5o6VCUoHyftZAxowggMWMIICm6ADAgECAhEA9if5d7lyLVkh97I\/l2ZpvTAKBggqhkjOPQQDAzBkMQswCQYDVQQGEwJVUzEPMA0GA1UECgwGQW1hem9uMQwwCgYDVQQLDANBV1MxNjA0BgNVBAMMLTU0MzAwNjg0N2ZiYzdkZjEudXMtd2VzdC0yLmF3cy5uaXRyby1lbmNsYXZlczAeFw0yMTAyMTYxNzA5MjhaFw0yMTAyMjIwNzA5MjdaMIGJMTwwOgYDVQQDDDMyOWY3OTRjYTY4NDYyNmU0LnpvbmFsLnVzLXdlc3QtMi5hd3Mubml0cm8tZW5jbGF2ZXMxDDAKBgNVBAsMA0FXUzEPMA0GA1UECgwGQW1hem9uMQswCQYDVQQGEwJVUzELMAkGA1UECAwCV0ExEDAOBgNVBAcMB1NlYXR0bGUwdjAQBgcqhkjOPQIBBgUrgQQAIgNiAASBez3heGik1q9h\/6NVKOMAHsBCkw\/+7F1eYgt6MUnSEBqznTdZa79dStdlDLfDfDcfWJlI5K9mNxmP4hAgeGdVA+euTIJsaMhm7DQ6t04p\/rqxl7SCT1Dp8r2lcMpxY3ejgeowgecwEgYDVR0TAQH\/BAgwBgEB\/wIBATAfBgNVHSMEGDAWgBSGpAYWYIo+ce95Gt6g1EB5C4W3FTAdBgNVHQ4EFgQUj7jn1jbUapKrgnmKFvQQW6SWKCMwDgYDVR0PAQH\/BAQDAgGGMIGABgNVHR8EeTB3MHWgc6Bxhm9odHRwOi8vY3JsLXVzLXdlc3QtMi1hd3Mtbml0cm8tZW5jbGF2ZXMuczMudXMtd2VzdC0yLmFtYXpvbmF3cy5jb20vY3JsLzM3MmRlZmFjLWJhY2MtNDk5MC04MGU2LWRmY2M2NjU2N2YyNi5jcmwwCgYIKoZIzj0EAwMDaQAwZgIxANpSuG5RZTB8WOIuFdZH3pwUfY5YLUOKnwOe6cgOAigfA\/V2b+JnjLiQoI49fWRQqwIxAMXu2vUiB0cFrhHgNsok0tw1bZ8QoubMUQf5vqEnTT7r8R+WSdVj2q74S1zeOyXJAVkCgzCCAn8wggIFoAMCAQICFQDe+PMDxBr4xfRURyGxyy83vjBG\/zAKBggqhkjOPQQDAzCBiTE8MDoGA1UEAwwzMjlmNzk0Y2E2ODQ2MjZlNC56b25hbC51cy13ZXN0LTIuYXdzLm5pdHJvLWVuY2xhdmVzMQwwCgYDVQQLDANBV1MxDzANBgNVBAoMBkFtYXpvbjELMAkGA1UEBhMCVVMxCzAJBgNVBAgMAldBMRAwDgYDVQQHDAdTZWF0dGxlMB4XDTIxMDIxNjIwMDM0MloXDTIxMDIxNzIwMDM0MlowgY4xCzAJBgNVBAYTAlVTMRMwEQYDVQQIDApXYXNoaW5ndG9uMRAwDgYDVQQHDAdTZWF0dGxlMQ8wDQYDVQQKDAZBbWF6b24xDDAKBgNVBAsMA0FXUzE5MDcGA1UEAwwwaS0wYzZiOWM3NTQzZmMzMmM0MC51cy13ZXN0LTIuYXdzLm5pdHJvLWVuY2xhdmVzMHYwEAYHKoZIzj0CAQYFK4EEACIDYgAE5x9HLIVKjTq861\/Wbm4jmNmXQGK8JAhUVYLRy2l\/2Zr2JldPHD6alM2nfKzlGuGVdpAGQXpqw5pI4LUG7H\/AcQwtHMk30aRdxytq64LL2KuuYbWpdI8elEPevd+Gvx0DoyYwJDASBgNVHRMBAf8ECDAGAQH\/AgEAMA4GA1UdDwEB\/wQEAwICBDAKBggqhkjOPQQDAwNoADBlAjEA1DEM6MAGCjQuTEKEawDIoKTAwAiQPiDNMBXPrCJL2kw4x3DvMG7DEcqnQilZrwwXAjB33PWlFADvUej\/Q5WxUzAdDZmdHM5XxxElSy\/JY9y\/TDHo3Ob0Uq5uF+TawWTJAvVqcHVibGljX2tleVkBJjCCASIwDQYJKoZIhvcNAQEBBQADggEPADCCAQoCggEBAL99j5v9hqjLG7KanbELbMOZ0UzzK7yUnmHJy384LUfrRRmlciJl9qN6IHhkFE+gt2D0PBI9qwmQXNjy4wlOHKeC17WN2s99RV2rD3+Ha887dlALXai\/Tkqn2vmHWrvoy4cquAreZcwWrP4m9DVwdOywRxvxiiOYzsKEIsHA14kjvzRuHlSJ3gnpDhXUQ9zq3uDkMqU3VsC4KXvXgIzWzefsDKR0ZUXuGA0T1UyKLN++z1Em4aBuEK9RDBNNtRfY9eG3O8uof5IMdOEJxj7liDTb2acSgYzRIqD19tqWOgHQdtbDO2e9vhBe+wMmnPbJ9LnaERF9ceTkpYLBBcesZbkCAwEAAWl1c2VyX2RhdGH2ZW5vbmNl9lhga0w4aDCiQicH5shjaTM8JAbuMTCXQqqhDdQ6uRMjCGNf88wbRDVGTTYIaBUtzCcScGNOP0\/O3jo0SKGN8liVa5OhVqruLBz1Uus7Z1uJUOPWNPkJqPgpLrYEHkNXvHwT" } }
[INFO] [2021-02-16T21:12:59Z] [00007fc1dc6c4880] [AuthSigning] - (id=0x19c9a10) Signing successfully built canonical request for algorithm SigV4, with contents 
POST
/

content-length:6640
content-type:application/x-amz-json-1.1
host:kms.us-west-2.amazonaws.com
x-amz-content-sha256:f3412d8076b74b50c612825eacdf59144322539d6e25fff5a5ae56ec05a8ab5b
x-amz-date:20210216T211259Z
x-amz-security-token:IQoJb3JpZ2luX2VjEEUaCXVzLXdlc3QtMiJHMEUCIQDCXb/yNdWYDEd8qAoVNPTuMQgo5UcEHOYNenAegNQrlAIgexPpp/JUKvYnvsU8tE5vBDAycQuet0QHWQbTiL79HrQqtAMIThACGgw3Nzk2MTk2NjQ1MzYiDP2G5zdADeP5EuTQuiqRA7TOP3Zn4nNOzeYoUNMHy/AbnTfOVEIFupvqzdkF2uF7S2Ts7/LSx/m73x8b4hmHGXWO7NBbUK1t1jKRBPfBU4kLNjFbshrdtEcyTMQ3cVR5aB2OrKOKDRM8Psi4TP76hBbukpSFLKLd+f0i5qEUktpdQGwQwsNY9jIpV/CdnjeGjyugNR64XNq5fFgS5bJoMVQL51NYAVq0qiX3qIg3WSU8QPQ8EHkzd5qsFZDiv5szyFssbnYSje3vdcJ8fSWhduv+6Nj3PpMmEFSb1bMoiwcQyEjw1oJGEB1Tx3UPR93zquoYcEJnU4AyMnQi9/K0WiFFNziwvnrtwr8/yvsOpYEe/twieqlmjnfg20wLCaxQVyo1IoIZSK9K9P9zxY+WgZB+lgkkbU5s50rr9NgOiC7Whxo3BjfPHYOizZpiOnCI3wJw3S1DcqmerWAeXxHbbBP7Z0lUwy4HDN+Y2ez5gnzceRNicZSVqzENmbVb5zXp+eMDoidrjpBnoWC2PzsuVEm3OTqFadW/+MigbWOzv9/xMIvasIEGOusBGTzyh8ENsnviWSk+k3wcuYwNQvWzbMNAl+Lc/dT4E3xSRxqPRamiX84Hxz6Awz72FkJ9X/uvfQxioQPVhTRdXOjKPlT52KzaKntNbyoSNaWCw07Qi42/du+j1gyyzdoV0/9HXH3u6WNrgCgiBYLwAjvWx8d1sMqB2A3dVN++CGXsC7aFDJDFFUiO97OjgFRQkYD7fk3WVyr3FkRdgBZ7hqJFD9gp5gPV9cU78JgvEiwrcre9ZoyIU+Zx2mYtDIt8K8HSgj1LjN0xmUEnO8KlAbLRPeIP0rm1DMJzbsB9kg0AUYF6lcWLTawX5w==
x-amz-target:TrentService.Decrypt

content-length;content-type;host;x-amz-content-sha256;x-amz-date;x-amz-security-token;x-amz-target
f3412d8076b74b50c612825eacdf59144322539d6e25fff5a5ae56ec05a8ab5b

[INFO] [2021-02-16T21:12:59Z] [00007fc1dc6c4880] [AuthSigning] - (id=0x19c9a10) Signing successfully built string-to-sign via algorithm SigV4, with contents 
AWS4-HMAC-SHA256
20210216T211259Z
20210216/us-west-2/kms/aws4_request
beff5429eb8335fed9c06c9886ffbc9d7d4b476a712ff2e71c5675d184582922

[INFO] [2021-02-16T21:12:59Z] [00007fc1dc6c4880] [AuthSigning] - (id=0x19c9a10) Http request successfully built final authorization value via algorithm SigV4, with contents 
AWS4-HMAC-SHA256 Credential=ASIA3LBHUAKMMZPFIETB/20210216/us-west-2/kms/aws4_request, SignedHeaders=content-length;content-type;host;x-amz-content-sha256;x-amz-date;x-amz-security-token;x-amz-target, Signature=34f13fea624d90235d623f64b84533a5e97a483b4af48b0efb8cc79172808783

decrypt response string:{"CiphertextForRecipient":"MIAGCSqGSIb3DQEHA6CAMIACAQIxggFrMIIBZwIBAoAgcSlyI8AWZh7je2x6a7AGjL3qDH0q0fShDEx2v1CyDFswPAYJKoZIhvcNAQEHMC+gDzANBglghkgBZQMEAgEFAKEcMBoGCSqGSIb3DQEBCDANBglghkgBZQMEAgEFAASCAQBVxN4mMB/nySZkvhCf/zEhFgj0jssrjQ5j6cLH1aTc019OJZLCXcHvilY6/2sX09B5qq9fCmA96Um8E2t2sVoM1//WsrgpVQwOJjaQMBMihYaC9ROei8KYKW3ZEmxnYxp4kKPENZBMXJVQji42okKaLbKTAsc043u2pUCmkPLbH8IfTG5ZxfRSUS1PZje9KKqn+v7nzYO8nSolvAYnXSU20bLbFW/CRxcKc1nS1Wd0rYw+uPZiTHDr1tLufgGZHgR6hbp8rTIwZDuhXgv1C87KQlkHLtxsELrP9ELeLpwGKVBWLVagJYsEqKhWDyUu/DqGG3C7dkLFKGpA8jmSe/61MIAGCSqGSIb3DQEHATAdBglghkgBZQMEASoEEFKdTXvZGzdjMH5xtGRZM9uggAQQ1AVwT2TSJ4E5AbDzCLrmzQAAAAAAAAAAAAA=","EncryptionAlgorithm":"SYMMETRIC_DEFAULT","KeyId":"arn:aws:kms:us-west-2:779619664536:key/d3a3ce82-5390-49d8-bd77-400ebbe77946"}
no key, make a new one!q7Wj[oC<X;3u89`D1^<blTczr:<N:JS0rZsD96cCh\jDU=kFD5]`k:`wB178D^X6T]?6E^B>7Z8LsBnFx?_f>>^FRx5edG:z5vrZqHil1H6h6h2jnuh[PeYvklyaZ`1>dp73AAwSqL]1@3EbDa5D5f>5n6EiWR0?5z;9[z9@o1DQhK0ZGH]PhOFBTkig9r;\krKI5L<VKDa4F]=1`@1LdL942KFAP36FKf0\^DNbS=?MGLbGq;g5tSE:pIA]JYwOTê™ÿ
[INFO] [2021-02-16T21:12:59Z] [00007fc1dc6c4880] [AuthSigning] - (id=0x19becd0) Signing successfully built canonical request for algorithm SigV4, with contents 
POST
/

content-length:461
content-type:application/x-amz-json-1.1
host:kms.us-west-2.amazonaws.com
x-amz-content-sha256:b1db75351ab11261773de6802496b31ecb76e0951b9dcd4235d603c0d99f36d8
x-amz-date:20210216T211259Z
x-amz-security-token:IQoJb3JpZ2luX2VjEEUaCXVzLXdlc3QtMiJHMEUCIQDCXb/yNdWYDEd8qAoVNPTuMQgo5UcEHOYNenAegNQrlAIgexPpp/JUKvYnvsU8tE5vBDAycQuet0QHWQbTiL79HrQqtAMIThACGgw3Nzk2MTk2NjQ1MzYiDP2G5zdADeP5EuTQuiqRA7TOP3Zn4nNOzeYoUNMHy/AbnTfOVEIFupvqzdkF2uF7S2Ts7/LSx/m73x8b4hmHGXWO7NBbUK1t1jKRBPfBU4kLNjFbshrdtEcyTMQ3cVR5aB2OrKOKDRM8Psi4TP76hBbukpSFLKLd+f0i5qEUktpdQGwQwsNY9jIpV/CdnjeGjyugNR64XNq5fFgS5bJoMVQL51NYAVq0qiX3qIg3WSU8QPQ8EHkzd5qsFZDiv5szyFssbnYSje3vdcJ8fSWhduv+6Nj3PpMmEFSb1bMoiwcQyEjw1oJGEB1Tx3UPR93zquoYcEJnU4AyMnQi9/K0WiFFNziwvnrtwr8/yvsOpYEe/twieqlmjnfg20wLCaxQVyo1IoIZSK9K9P9zxY+WgZB+lgkkbU5s50rr9NgOiC7Whxo3BjfPHYOizZpiOnCI3wJw3S1DcqmerWAeXxHbbBP7Z0lUwy4HDN+Y2ez5gnzceRNicZSVqzENmbVb5zXp+eMDoidrjpBnoWC2PzsuVEm3OTqFadW/+MigbWOzv9/xMIvasIEGOusBGTzyh8ENsnviWSk+k3wcuYwNQvWzbMNAl+Lc/dT4E3xSRxqPRamiX84Hxz6Awz72FkJ9X/uvfQxioQPVhTRdXOjKPlT52KzaKntNbyoSNaWCw07Qi42/du+j1gyyzdoV0/9HXH3u6WNrgCgiBYLwAjvWx8d1sMqB2A3dVN++CGXsC7aFDJDFFUiO97OjgFRQkYD7fk3WVyr3FkRdgBZ7hqJFD9gp5gPV9cU78JgvEiwrcre9ZoyIU+Zx2mYtDIt8K8HSgj1LjN0xmUEnO8KlAbLRPeIP0rm1DMJzbsB9kg0AUYF6lcWLTawX5w==
x-amz-target:TrentService.Encrypt

content-length;content-type;host;x-amz-content-sha256;x-amz-date;x-amz-security-token;x-amz-target
b1db75351ab11261773de6802496b31ecb76e0951b9dcd4235d603c0d99f36d8

[INFO] [2021-02-16T21:12:59Z] [00007fc1dc6c4880] [AuthSigning] - (id=0x19becd0) Signing successfully built string-to-sign via algorithm SigV4, with contents 
AWS4-HMAC-SHA256
20210216T211259Z
20210216/us-west-2/kms/aws4_request
2375ea2753636e2a506ad5d72081686cb3996089c8fcf7ec5ed9b73a9c25e9cf

[INFO] [2021-02-16T21:12:59Z] [00007fc1dc6c4880] [AuthSigning] - (id=0x19becd0) Http request successfully built final authorization value via algorithm SigV4, with contents 
AWS4-HMAC-SHA256 Credential=ASIA3LBHUAKMMZPFIETB/20210216/us-west-2/kms/aws4_request, SignedHeaders=content-length;content-type;host;x-amz-content-sha256;x-amz-date;x-amz-security-token;x-amz-target, Signature=721ebe81a2befc1c48238ee52103da1de5b95c46abeebd139f6fb9c81b12c933

response string:{"CiphertextBlob":"AQICAHjDlQ35nIiO6k4cvEcJooGbQY3jNzV/jZYVN8q3cCqdMAH3/If540eRZqra9CZ0FvDlAAABbjCCAWoGCSqGSIb3DQEHBqCCAVswggFXAgEAMIIBUAYJKoZIhvcNAQcBMB4GCWCGSAFlAwQBLjARBAxpuj20fAFcPQVRkr8CARCAggEhzkbQdPBxv5nggE6589WefinjXT/PA8WnWTmIMaekyko8OgWsLDFNTYJaRPRQM29KR50GB4mgWq4vMFqoCcZ1pvLsj351t+D8tiZqHD2uHugez4evBJOadqoKX1C3DBlNln+YxBToDj9SxGZaTsZttNYpneaZactcXyvToqyQaX3TVL7nBWFBezp8OiYliPlPTfw5J6C6Lasf7pnIS6kzAvdMV41izzCQ+M410SjWJpcs0rjj6XyHuymOfCHjEnpglTE2v20ylRg9s4m8LraoDP9qMsTujX/dS9jslnEj0DUfv9ajEKheTAstUHvlfJoMJ9JUwhoFwKadmf1Hcjhgf6lw7ohkmskaWPcLrzSkR8xblPS8P9JPQXEk3yRKnu5YFA==","EncryptionAlgorithm":"SYMMETRIC_DEFAULT","KeyId":"arn:aws:kms:us-west-2:779619664536:key/d3a3ce82-5390-49d8-bd77-400ebbe77946"}
decrypt request string:{ "CiphertextBlob": "AQICAHjDlQ35nIiO6k4cvEcJooGbQY3jNzV\/jZYVN8q3cCqdMAH3\/If540eRZqra9CZ0FvDlAAABbjCCAWoGCSqGSIb3DQEHBqCCAVswggFXAgEAMIIBUAYJKoZIhvcNAQcBMB4GCWCGSAFlAwQBLjARBAxpuj20fAFcPQVRkr8CARCAggEhzkbQdPBxv5nggE6589WefinjXT\/PA8WnWTmIMaekyko8OgWsLDFNTYJaRPRQM29KR50GB4mgWq4vMFqoCcZ1pvLsj351t+D8tiZqHD2uHugez4evBJOadqoKX1C3DBlNln+YxBToDj9SxGZaTsZttNYpneaZactcXyvToqyQaX3TVL7nBWFBezp8OiYliPlPTfw5J6C6Lasf7pnIS6kzAvdMV41izzCQ+M410SjWJpcs0rjj6XyHuymOfCHjEnpglTE2v20ylRg9s4m8LraoDP9qMsTujX\/dS9jslnEj0DUfv9ajEKheTAstUHvlfJoMJ9JUwhoFwKadmf1Hcjhgf6lw7ohkmskaWPcLrzSkR8xblPS8P9JPQXEk3yRKnu5YFA==", "Recipient": { "KeyEncryptionAlgorithm": "RSAES_OAEP_SHA_256", "AttestationDocument": "hEShATgioFkR66lpbW9kdWxlX2lkeCdpLTBjNmI5Yzc1NDNmYzMyYzQwLWVuYzAxNzdhY2FmZjg1OWVhNmRmZGlnZXN0ZlNIQTM4NGl0aW1lc3RhbXAbAAABd6ywbr1kcGNyc7AAWDAAAAAAAAAAAAAAAAAAAAAAAAAAAAAAAAAAAAAAAAAAAAAAAAAAAAAAAAAAAAAAAAABWDAAAAAAAAAAAAAAAAAAAAAAAAAAAAAAAAAAAAAAAAAAAAAAAAAAAAAAAAAAAAAAAAACWDAAAAAAAAAAAAAAAAAAAAAAAAAAAAAAAAAAAAAAAAAAAAAAAAAAAAAAAAAAAAAAAAADWDA1\/yiBZ20sbJotGsvz4cyiSfI1W9Pzujc1Vd435IivLynVzgNsaCXTFoIt6rPKHckEWDBN7x6BAVxN86kBVFGL1ueM0IvQQZ4vIUNBdsVueIZYtwi0E6iu7ufd4mvvpkbTx8wFWDAAAAAAAAAAAAAAAAAAAAAAAAAAAAAAAAAAAAAAAAAAAAAAAAAAAAAAAAAAAAAAAAAGWDAAAAAAAAAAAAAAAAAAAAAAAAAAAAAAAAAAAAAAAAAAAAAAAAAAAAAAAAAAAAAAAAAHWDAAAAAAAAAAAAAAAAAAAAAAAAAAAAAAAAAAAAAAAAAAAAAAAAAAAAAAAAAAAAAAAAAIWDAAAAAAAAAAAAAAAAAAAAAAAAAAAAAAAAAAAAAAAAAAAAAAAAAAAAAAAAAAAAAAAAAJWDAAAAAAAAAAAAAAAAAAAAAAAAAAAAAAAAAAAAAAAAAAAAAAAAAAAAAAAAAAAAAAAAAKWDAAAAAAAAAAAAAAAAAAAAAAAAAAAAAAAAAAAAAAAAAAAAAAAAAAAAAAAAAAAAAAAAALWDAAAAAAAAAAAAAAAAAAAAAAAAAAAAAAAAAAAAAAAAAAAAAAAAAAAAAAAAAAAAAAAAAMWDAAAAAAAAAAAAAAAAAAAAAAAAAAAAAAAAAAAAAAAAAAAAAAAAAAAAAAAAAAAAAAAAANWDAAAAAAAAAAAAAAAAAAAAAAAAAAAAAAAAAAAAAAAAAAAAAAAAAAAAAAAAAAAAAAAAAOWDAAAAAAAAAAAAAAAAAAAAAAAAAAAAAAAAAAAAAAAAAAAAAAAAAAAAAAAAAAAAAAAAAPWDAAAAAAAAAAAAAAAAAAAAAAAAAAAAAAAAAAAAAAAAAAAAAAAAAAAAAAAAAAAAAAAABrY2VydGlmaWNhdGVZAoAwggJ8MIICAaADAgECAhABd6yv+FnqbQAAAABgLDVbMAoGCCqGSM49BAMDMIGOMQswCQYDVQQGEwJVUzETMBEGA1UECAwKV2FzaGluZ3RvbjEQMA4GA1UEBwwHU2VhdHRsZTEPMA0GA1UECgwGQW1hem9uMQwwCgYDVQQLDANBV1MxOTA3BgNVBAMMMGktMGM2YjljNzU0M2ZjMzJjNDAudXMtd2VzdC0yLmF3cy5uaXRyby1lbmNsYXZlczAeFw0yMTAyMTYyMTEyNTlaFw0yMTAyMTcwMDEyNTlaMIGTMQswCQYDVQQGEwJVUzETMBEGA1UECAwKV2FzaGluZ3RvbjEQMA4GA1UEBwwHU2VhdHRsZTEPMA0GA1UECgwGQW1hem9uMQwwCgYDVQQLDANBV1MxPjA8BgNVBAMMNWktMGM2YjljNzU0M2ZjMzJjNDAtZW5jMDE3N2FjYWZmODU5ZWE2ZC51cy13ZXN0LTIuYXdzMHYwEAYHKoZIzj0CAQYFK4EEACIDYgAEQaoUaqXPrNJXbh2pbDxQ5LJfCZMHHSZ9oyfTa4BwlvqDRIy\/H1Ee7dK9mAfqw1avA0uez\/7eHY3uennFM1\/5HWGiC4xOP5Z3PWp2VgQ+r5ORSJ7tmRTTpQie7fdRrWQMox0wGzAMBgNVHRMBAf8EAjAAMAsGA1UdDwQEAwIGwDAKBggqhkjOPQQDAwNpADBmAjEAnJ3h\/VfaniGWvpPhhXx8waLu6V\/ST1c+PrRpgMAzxWyEjQUHb8moVASlY5Zba28SAjEA9PZsnp\/pxrSsuTZNwm9J2rEQY+ZPqDsRwcFNrrLxZSKipdGURnyI++vc5TAR2JXKaGNhYnVuZGxlhFkCFTCCAhEwggGWoAMCAQICEQD5MXVoG5Cv4R1GzLTk5\/hWMAoGCCqGSM49BAMDMEkxCzAJBgNVBAYTAlVTMQ8wDQYDVQQKDAZBbWF6b24xDDAKBgNVBAsMA0FXUzEbMBkGA1UEAwwSYXdzLm5pdHJvLWVuY2xhdmVzMB4XDTE5MTAyODEzMjgwNVoXDTQ5MTAyODE0MjgwNVowSTELMAkGA1UEBhMCVVMxDzANBgNVBAoMBkFtYXpvbjEMMAoGA1UECwwDQVdTMRswGQYDVQQDDBJhd3Mubml0cm8tZW5jbGF2ZXMwdjAQBgcqhkjOPQIBBgUrgQQAIgNiAAT8AlTrpgjB82hw4prakL5GODKSc26JS\/\/2ctmJREtQUeU0pLH22+PAvFgaMrexdgcO3hLWmj\/qIRtm51LPfdHdCV9vE3D0FwhD2dwQASHkz2MBKAlmRIfJeWKEME3FP\/SjQjBAMA8GA1UdEwEB\/wQFMAMBAf8wHQYDVR0OBBYEFJAltQ3ZBUfnlsOW+nKdz5mp30uWMA4GA1UdDwEB\/wQEAwIBhjAKBggqhkjOPQQDAwNpADBmAjEAo38vkaHJvV7nuGJ8FpjSVQOOHwND+VtjqWKMPTmAlUWhHry\/LjtV2K7ucbTD1q3zAjEAovObFgWycCil3UugabUBbmW0+96P4AYdalMZf5za9dlDvGH8K+sDy2\/ujSMC89\/2WQLDMIICvzCCAkWgAwIBAgIRAPxG7JcDq4LQgsru+416arAwCgYIKoZIzj0EAwMwSTELMAkGA1UEBhMCVVMxDzANBgNVBAoMBkFtYXpvbjEMMAoGA1UECwwDQVdTMRswGQYDVQQDDBJhd3Mubml0cm8tZW5jbGF2ZXMwHhcNMjEwMjEyMjM1MzAwWhcNMjEwMzA1MDA1MzAwWjBkMQswCQYDVQQGEwJVUzEPMA0GA1UECgwGQW1hem9uMQwwCgYDVQQLDANBV1MxNjA0BgNVBAMMLTU0MzAwNjg0N2ZiYzdkZjEudXMtd2VzdC0yLmF3cy5uaXRyby1lbmNsYXZlczB2MBAGByqGSM49AgEGBSuBBAAiA2IABAt3D02Ctc382OYCNIyb+0MnSIR2QthGEokeaoDyDsHJFWccbYe\/AmTRk5pRK+tVgxM35TA\/toAE1V1seNXH\/oXlY4XKsmZeR9qbD7QKbtllQHamHT59jFkXya1m9vgCIKOB1TCB0jASBgNVHRMBAf8ECDAGAQH\/AgECMB8GA1UdIwQYMBaAFJAltQ3ZBUfnlsOW+nKdz5mp30uWMB0GA1UdDgQWBBSGpAYWYIo+ce95Gt6g1EB5C4W3FTAOBgNVHQ8BAf8EBAMCAYYwbAYDVR0fBGUwYzBhoF+gXYZbaHR0cDovL2F3cy1uaXRyby1lbmNsYXZlcy1jcmwuczMuYW1hem9uYXdzLmNvbS9jcmwvYWI0OTYwY2MtN2Q2My00MmJkLTllOWYtNTkzMzhjYjY3Zjg0LmNybDAKBggqhkjOPQQDAwNoADBlAjA8ok8kayeIumipZqGdUWmnjge\/eNgZVHXd7wDF7pCIB3gfoA0kDDgHIKkbucsUig8CMQDhsNakvy8nLy\/pJo3\/M\/Ce\/McSL2mHbOERn\/E3riR79Sd+z3KRPF6O5o6VCUoHyftZAxowggMWMIICm6ADAgECAhEA9if5d7lyLVkh97I\/l2ZpvTAKBggqhkjOPQQDAzBkMQswCQYDVQQGEwJVUzEPMA0GA1UECgwGQW1hem9uMQwwCgYDVQQLDANBV1MxNjA0BgNVBAMMLTU0MzAwNjg0N2ZiYzdkZjEudXMtd2VzdC0yLmF3cy5uaXRyby1lbmNsYXZlczAeFw0yMTAyMTYxNzA5MjhaFw0yMTAyMjIwNzA5MjdaMIGJMTwwOgYDVQQDDDMyOWY3OTRjYTY4NDYyNmU0LnpvbmFsLnVzLXdlc3QtMi5hd3Mubml0cm8tZW5jbGF2ZXMxDDAKBgNVBAsMA0FXUzEPMA0GA1UECgwGQW1hem9uMQswCQYDVQQGEwJVUzELMAkGA1UECAwCV0ExEDAOBgNVBAcMB1NlYXR0bGUwdjAQBgcqhkjOPQIBBgUrgQQAIgNiAASBez3heGik1q9h\/6NVKOMAHsBCkw\/+7F1eYgt6MUnSEBqznTdZa79dStdlDLfDfDcfWJlI5K9mNxmP4hAgeGdVA+euTIJsaMhm7DQ6t04p\/rqxl7SCT1Dp8r2lcMpxY3ejgeowgecwEgYDVR0TAQH\/BAgwBgEB\/wIBATAfBgNVHSMEGDAWgBSGpAYWYIo+ce95Gt6g1EB5C4W3FTAdBgNVHQ4EFgQUj7jn1jbUapKrgnmKFvQQW6SWKCMwDgYDVR0PAQH\/BAQDAgGGMIGABgNVHR8EeTB3MHWgc6Bxhm9odHRwOi8vY3JsLXVzLXdlc3QtMi1hd3Mtbml0cm8tZW5jbGF2ZXMuczMudXMtd2VzdC0yLmFtYXpvbmF3cy5jb20vY3JsLzM3MmRlZmFjLWJhY2MtNDk5MC04MGU2LWRmY2M2NjU2N2YyNi5jcmwwCgYIKoZIzj0EAwMDaQAwZgIxANpSuG5RZTB8WOIuFdZH3pwUfY5YLUOKnwOe6cgOAigfA\/V2b+JnjLiQoI49fWRQqwIxAMXu2vUiB0cFrhHgNsok0tw1bZ8QoubMUQf5vqEnTT7r8R+WSdVj2q74S1zeOyXJAVkCgzCCAn8wggIFoAMCAQICFQDe+PMDxBr4xfRURyGxyy83vjBG\/zAKBggqhkjOPQQDAzCBiTE8MDoGA1UEAwwzMjlmNzk0Y2E2ODQ2MjZlNC56b25hbC51cy13ZXN0LTIuYXdzLm5pdHJvLWVuY2xhdmVzMQwwCgYDVQQLDANBV1MxDzANBgNVBAoMBkFtYXpvbjELMAkGA1UEBhMCVVMxCzAJBgNVBAgMAldBMRAwDgYDVQQHDAdTZWF0dGxlMB4XDTIxMDIxNjIwMDM0MloXDTIxMDIxNzIwMDM0MlowgY4xCzAJBgNVBAYTAlVTMRMwEQYDVQQIDApXYXNoaW5ndG9uMRAwDgYDVQQHDAdTZWF0dGxlMQ8wDQYDVQQKDAZBbWF6b24xDDAKBgNVBAsMA0FXUzE5MDcGA1UEAwwwaS0wYzZiOWM3NTQzZmMzMmM0MC51cy13ZXN0LTIuYXdzLm5pdHJvLWVuY2xhdmVzMHYwEAYHKoZIzj0CAQYFK4EEACIDYgAE5x9HLIVKjTq861\/Wbm4jmNmXQGK8JAhUVYLRy2l\/2Zr2JldPHD6alM2nfKzlGuGVdpAGQXpqw5pI4LUG7H\/AcQwtHMk30aRdxytq64LL2KuuYbWpdI8elEPevd+Gvx0DoyYwJDASBgNVHRMBAf8ECDAGAQH\/AgEAMA4GA1UdDwEB\/wQEAwICBDAKBggqhkjOPQQDAwNoADBlAjEA1DEM6MAGCjQuTEKEawDIoKTAwAiQPiDNMBXPrCJL2kw4x3DvMG7DEcqnQilZrwwXAjB33PWlFADvUej\/Q5WxUzAdDZmdHM5XxxElSy\/JY9y\/TDHo3Ob0Uq5uF+TawWTJAvVqcHVibGljX2tleVkBJjCCASIwDQYJKoZIhvcNAQEBBQADggEPADCCAQoCggEBAL99j5v9hqjLG7KanbELbMOZ0UzzK7yUnmHJy384LUfrRRmlciJl9qN6IHhkFE+gt2D0PBI9qwmQXNjy4wlOHKeC17WN2s99RV2rD3+Ha887dlALXai\/Tkqn2vmHWrvoy4cquAreZcwWrP4m9DVwdOywRxvxiiOYzsKEIsHA14kjvzRuHlSJ3gnpDhXUQ9zq3uDkMqU3VsC4KXvXgIzWzefsDKR0ZUXuGA0T1UyKLN++z1Em4aBuEK9RDBNNtRfY9eG3O8uof5IMdOEJxj7liDTb2acSgYzRIqD19tqWOgHQdtbDO2e9vhBe+wMmnPbJ9LnaERF9ceTkpYLBBcesZbkCAwEAAWl1c2VyX2RhdGH2ZW5vbmNl9lhghP2dCpaIvXlzG5TvCmIhIeY8x6PpeVH\/gSAZwAsrl6ZIYvMe3Ypgl83fx379GheahHz72qJwBMPoIKIMLNxE6J3CbeQWEjMOsN+4TN6G6B5t7BqetZRK7GCXM1jV1MmR" } }
[INFO] [2021-02-16T21:12:59Z] [00007fc1dc6c4880] [AuthSigning] - (id=0x19bb780) Signing successfully built canonical request for algorithm SigV4, with contents 
POST
/

content-length:6994
content-type:application/x-amz-json-1.1
host:kms.us-west-2.amazonaws.com
x-amz-content-sha256:9dfea611f1ce9d63a2b69c0ff8ffbb3a050cb3af0545c66cb82e9cfc190f67df
x-amz-date:20210216T211259Z
x-amz-security-token:IQoJb3JpZ2luX2VjEEUaCXVzLXdlc3QtMiJHMEUCIQDCXb/yNdWYDEd8qAoVNPTuMQgo5UcEHOYNenAegNQrlAIgexPpp/JUKvYnvsU8tE5vBDAycQuet0QHWQbTiL79HrQqtAMIThACGgw3Nzk2MTk2NjQ1MzYiDP2G5zdADeP5EuTQuiqRA7TOP3Zn4nNOzeYoUNMHy/AbnTfOVEIFupvqzdkF2uF7S2Ts7/LSx/m73x8b4hmHGXWO7NBbUK1t1jKRBPfBU4kLNjFbshrdtEcyTMQ3cVR5aB2OrKOKDRM8Psi4TP76hBbukpSFLKLd+f0i5qEUktpdQGwQwsNY9jIpV/CdnjeGjyugNR64XNq5fFgS5bJoMVQL51NYAVq0qiX3qIg3WSU8QPQ8EHkzd5qsFZDiv5szyFssbnYSje3vdcJ8fSWhduv+6Nj3PpMmEFSb1bMoiwcQyEjw1oJGEB1Tx3UPR93zquoYcEJnU4AyMnQi9/K0WiFFNziwvnrtwr8/yvsOpYEe/twieqlmjnfg20wLCaxQVyo1IoIZSK9K9P9zxY+WgZB+lgkkbU5s50rr9NgOiC7Whxo3BjfPHYOizZpiOnCI3wJw3S1DcqmerWAeXxHbbBP7Z0lUwy4HDN+Y2ez5gnzceRNicZSVqzENmbVb5zXp+eMDoidrjpBnoWC2PzsuVEm3OTqFadW/+MigbWOzv9/xMIvasIEGOusBGTzyh8ENsnviWSk+k3wcuYwNQvWzbMNAl+Lc/dT4E3xSRxqPRamiX84Hxz6Awz72FkJ9X/uvfQxioQPVhTRdXOjKPlT52KzaKntNbyoSNaWCw07Qi42/du+j1gyyzdoV0/9HXH3u6WNrgCgiBYLwAjvWx8d1sMqB2A3dVN++CGXsC7aFDJDFFUiO97OjgFRQkYD7fk3WVyr3FkRdgBZ7hqJFD9gp5gPV9cU78JgvEiwrcre9ZoyIU+Zx2mYtDIt8K8HSgj1LjN0xmUEnO8KlAbLRPeIP0rm1DMJzbsB9kg0AUYF6lcWLTawX5w==
x-amz-target:TrentService.Decrypt

content-length;content-type;host;x-amz-content-sha256;x-amz-date;x-amz-security-token;x-amz-target
9dfea611f1ce9d63a2b69c0ff8ffbb3a050cb3af0545c66cb82e9cfc190f67df

[INFO] [2021-02-16T21:12:59Z] [00007fc1dc6c4880] [AuthSigning] - (id=0x19bb780) Signing successfully built string-to-sign via algorithm SigV4, with contents 
AWS4-HMAC-SHA256
20210216T211259Z
20210216/us-west-2/kms/aws4_request
7d5ec709333a83fa37511225a15d3e4dc7346c0f767d19e8ad50dd7ee8c84d5e

[INFO] [2021-02-16T21:12:59Z] [00007fc1dc6c4880] [AuthSigning] - (id=0x19bb780) Http request successfully built final authorization value via algorithm SigV4, with contents 
AWS4-HMAC-SHA256 Credential=ASIA3LBHUAKMMZPFIETB/20210216/us-west-2/kms/aws4_request, SignedHeaders=content-length;content-type;host;x-amz-content-sha256;x-amz-date;x-amz-security-token;x-amz-target, Signature=5d31f4f3bfc2a4294f4701a3351951559151df71a71b88aaab2ce465890e128b

decrypt response string:{"CiphertextForRecipient":"MIAGCSqGSIb3DQEHA6CAMIACAQIxggFrMIIBZwIBAoAgcSlyI8AWZh7je2x6a7AGjL3qDH0q0fShDEx2v1CyDFswPAYJKoZIhvcNAQEHMC+gDzANBglghkgBZQMEAgEFAKEcMBoGCSqGSIb3DQEBCDANBglghkgBZQMEAgEFAASCAQCetV56Q59+0NiKB0ICQ3AaSQlMJOX8wNJ9HcriSL6AjvsJDIyrFFZG0U71nz1rNY5ZjavSWnsIGnTqYBrALZVfri9D3iImutMWWODgpf+dtDuCcSJu/CiFZJWY8gwBS37yCbDdXsz/3QUt64w62JrZzzTqmkO8hRpR8b3roEWMvAcuiN9aPFgnu9Vt2RncV4RhcLLX/eKABEtY3IxKXYmRgDSByJfR/Iupk4ccBW9RWfrcuT8chF3m+t7E/vh9lfo5MZNGxOAffgwT7nadhmD5lizFHFbLuXC9oWZwWIBgL8XCqdE3/rfmXojcRGpgrK5Yyj5M2NfFUkcdmksp6clUMIAGCSqGSIb3DQEHATAdBglghkgBZQMEASoEEPbUqiTQTHOYw3RK7m45U0WggASCARDEemQo0eWTquqMTvnvE/iwnMNjJQWHh4eDkgmZoUiOYNRHtlVFPfl9yUIhFmHFQp1jTKvdX+zU5kBK/5tBZ3MQ5tcSDtGY1bDOiPFFMPO9dq4dnNDE7z1NTFqvy8QoqzWYWAMR1K0QJvvp3NJ5QlZLqOjinKqXXyPMvaG/QNpd96HWfh1hSXS33iq2RgApyz3hGRd/xQppP08rcOwoe+fp4yIAD0VgLk6FWbg0MICdtB5p8rTAVthToTxmF0V0SwjFZT3dlsoOCb2aNXf1cMABjkynYodYTKKW/o+Sua+KyulQOqc06EymORRyf2FB8Dti4+E/d/X4FBxX/MWkPQb9pzJGW0PRK8luGTEcc8f7xgAAAAAAAAAAAAA=","EncryptionAlgorithm":"SYMMETRIC_DEFAULT","KeyId":"arn:aws:kms:us-west-2:779619664536:key/d3a3ce82-5390-49d8-bd77-400ebbe77946"}

decrypted key 0
q7Wj[oC<X;3u89`D1^<blTczr:<N:JS0rZsD96cCh\jDU=kFD5]`k:`wB178D^X6T]?6E^B>7Z8LsBnFx?_f>>^FRx5edG:z5vrZqHil1H6h6h2jnuh[PeYvklyaZ`1>dp73AAwSqL]1@3EbDa5D5f>5n6EiWR0?5z;9[z9@o1DQhK0ZGH]PhOFBTkig9r;\krKI5L<VKDa4F]=1`@1LdL942KFAP36FKf0\^DNbS=?MGLbGq;g5tSE:pIA]JYwOTê™ÿ[   28.344574] kmstool_enclave[542]: segfault at 0 ip 00007fc1db58b74a sp 00007fff1099e6e8 error 4 in libc-2.26.so[7fc1db502000+1a1000]
child exited by signal
[   28.346636] Kernel panic - not syncing: Attempted to kill init! exitcode=0x00008b00
[   28.346636] 
[   28.347606] CPU: 1 PID: 1 Comm: init Tainted: G           OE   4.14.177-104.253.amzn2.x86_64 #1
[   28.348494] Call Trace:
[   28.348765]  dump_stack+0x6d/0x99
[   28.349125]  panic+0xdf/0x239
[   28.349442]  do_exit+0x79a/0xb40
[   28.349794]  ? __do_page_fault+0x254/0x4b0
[   28.350225]  do_group_exit+0x3e/0xb0
[   28.350605]  SyS_exit_group+0xf/0x10
[   28.351013]  do_syscall_64+0x67/0x110
[   28.351419]  entry_SYSCALL_64_after_hwframe+0x3d/0xa2
[   28.351956] RIP: 0033:0x44b136
[   28.352298] RSP: 002b:00007fff1bf31b18 EFLAGS: 00000246 ORIG_RAX: 00000000000000e7
[   28.353084] RAX: ffffffffffffffda RBX: 00000000006d92d0 RCX: 000000000044b136
[   28.353814] RDX: 000000000000008b RSI: 000000000000003c RDI: 000000000000008b
[   28.354545] RBP: 000000000000008b R08: 00000000000000e7 R09: ffffffffffffffc0
[   28.355280] R10: 0000000000000001 R11: 0000000000000246 R12: 00000000006d92d0
[   28.356018] R13: 0000000000000001 R14: 0000000000000000 R15: 0000000000000001
[   28.357238] Kernel Offset: disabled
[   28.357615] Rebooting in 30 seconds..
Connecting to the console for enclave 34...
Successfully connected to the console.
[    0.000000] Linux version 4.14.177-104.253.amzn2.x86_64 (mockbuild@ip-10-0-1-32) (gcc version 7.3.1 20180712 (Red Hat 7.3.1-6) (GCC)) #1 SMP Fri May 1 02:01:13 UTC 2020
[    0.000000] Command line: reboot=k panic=30 pci=off nomodules console=ttyS0 i8042.noaux i8042.nomux i8042.nopnp i8042.dumbkbd random.trust_cpu=on virtio_mmio.device=4K@0xd0000000:5 virtio_mmio.device=4K@0xd0001000:6
[    0.000000] x86/fpu: Supporting XSAVE feature 0x001: 'x87 floating point registers'
[    0.000000] x86/fpu: Supporting XSAVE feature 0x002: 'SSE registers'
[    0.000000] x86/fpu: Supporting XSAVE feature 0x004: 'AVX registers'
[    0.000000] x86/fpu: Supporting XSAVE feature 0x008: 'MPX bounds registers'
[    0.000000] x86/fpu: Supporting XSAVE feature 0x010: 'MPX CSR'
[    0.000000] x86/fpu: Supporting XSAVE feature 0x020: 'AVX-512 opmask'
[    0.000000] x86/fpu: Supporting XSAVE feature 0x040: 'AVX-512 Hi256'
[    0.000000] x86/fpu: Supporting XSAVE feature 0x080: 'AVX-512 ZMM_Hi256'
[    0.000000] x86/fpu: Supporting XSAVE feature 0x200: 'Protection Keys User registers'
[    0.000000] x86/fpu: xstate_offset[2]:  576, xstate_sizes[2]:  256
[    0.000000] x86/fpu: xstate_offset[3]:  832, xstate_sizes[3]:   64
[    0.000000] x86/fpu: xstate_offset[4]:  896, xstate_sizes[4]:   64
[    0.000000] x86/fpu: xstate_offset[5]:  960, xstate_sizes[5]:   64
[    0.000000] x86/fpu: xstate_offset[6]: 1024, xstate_sizes[6]:  512
[    0.000000] x86/fpu: xstate_offset[7]: 1536, xstate_sizes[7]: 1024
[    0.000000] x86/fpu: xstate_offset[9]: 2560, xstate_sizes[9]:    8
[    0.000000] x86/fpu: Enabled xstate features 0x2ff, context size is 2568 bytes, using 'compacted' format.
[    0.000000] e820: BIOS-provided physical RAM map:
[    0.000000] BIOS-e820: [mem 0x0000000000000000-0x000000000009fbff] usable
[    0.000000] BIOS-e820: [mem 0x0000000000100000-0x000000001f7fffff] usable
[    0.000000] NX (Execute Disable) protection: active
[    0.000000] DMI not present or invalid.
[    0.000000] Hypervisor detected: KVM
[    0.000000] tsc: Fast TSC calibration using PIT
[    0.000000] e820: last_pfn = 0x1f800 max_arch_pfn = 0x400000000
[    0.000000] MTRR: Disabled
[    0.000000] x86/PAT: MTRRs disabled, skipping PAT initialization too.
[    0.000000] CPU MTRRs all blank - virtualized system.
[    0.000000] x86/PAT: Configuration [0-7]: WB  WT  UC- UC  WB  WT  UC- UC  
[    0.000000] found SMP MP-table at [mem 0x0009fc00-0x0009fc0f]
[    0.000000] Scanning 1 areas for low memory corruption
[    0.000000] Using GB pages for direct mapping
[    0.000000] RAMDISK: [mem 0x02447000-0x0a966fff]
[    0.000000] No NUMA configuration found
[    0.000000] Faking a node at [mem 0x0000000000000000-0x000000001f7fffff]
[    0.000000] NODE_DATA(0) allocated [mem 0x1f7de000-0x1f7fffff]
[    0.000000] kvm-clock: Using msrs 4b564d01 and 4b564d00
[    0.000000] kvm-clock: cpu 0, msr 0:1f7dc001, primary cpu clock
[    0.000000] kvm-clock: using sched offset of 1775682574 cycles
[    0.000000] clocksource: kvm-clock: mask: 0xffffffffffffffff max_cycles: 0x1cd42e4dffb, max_idle_ns: 881590591483 ns
[    0.000000] Zone ranges:
[    0.000000]   DMA      [mem 0x0000000000001000-0x0000000000ffffff]
[    0.000000]   DMA32    [mem 0x0000000001000000-0x000000001f7fffff]
[    0.000000]   Normal   empty
[    0.000000] Movable zone start for each node
[    0.000000] Early memory node ranges
[    0.000000]   node   0: [mem 0x0000000000001000-0x000000000009efff]
[    0.000000]   node   0: [mem 0x0000000000100000-0x000000001f7fffff]
[    0.000000] Initmem setup node 0 [mem 0x0000000000001000-0x000000001f7fffff]
[    0.000000] Intel MultiProcessor Specification v1.4
[    0.000000] MPTABLE: OEM ID: FC      
[    0.000000] MPTABLE: Product ID: 000000000000
[    0.000000] MPTABLE: APIC at: 0xFEE00000
[    0.000000] Processor #0 (Bootup-CPU)
[    0.000000] Processor #1
[    0.000000] IOAPIC[0]: apic_id 3, version 17, address 0xfec00000, GSI 0-23
[    0.000000] Processors: 2
[    0.000000] smpboot: Allowing 2 CPUs, 0 hotplug CPUs
[    0.000000] PM: Registered nosave memory: [mem 0x00000000-0x00000fff]
[    0.000000] PM: Registered nosave memory: [mem 0x0009f000-0x000fffff]
[    0.000000] e820: [mem 0x1f800000-0xffffffff] available for PCI devices
[    0.000000] Booting paravirtualized kernel on KVM
[    0.000000] clocksource: refined-jiffies: mask: 0xffffffff max_cycles: 0xffffffff, max_idle_ns: 7645519600211568 ns
[    0.000000] random: get_random_bytes called from start_kernel+0x94/0x486 with crng_init=0
[    0.000000] setup_percpu: NR_CPUS:128 nr_cpumask_bits:128 nr_cpu_ids:2 nr_node_ids:1
[    0.000000] percpu: Embedded 41 pages/cpu s128600 r8192 d31144 u1048576
[    0.000000] KVM setup async PF for cpu 0
[    0.000000] kvm-stealtime: cpu 0, msr 1f415040
[    0.000000] PV qspinlock hash table entries: 256 (order: 0, 4096 bytes)
[    0.000000] Built 1 zonelists, mobility grouping on.  Total pages: 126889
[    0.000000] Policy zone: DMA32
[    0.000000] Kernel command line: reboot=k panic=30 pci=off nomodules console=ttyS0 i8042.noaux i8042.nomux i8042.nopnp i8042.dumbkbd random.trust_cpu=on virtio_mmio.device=4K@0xd0000000:5 virtio_mmio.device=4K@0xd0001000:6
[    0.000000] PID hash table entries: 2048 (order: 2, 16384 bytes)
[    0.000000] Memory: 351340K/515704K available (10252K kernel code, 653K rwdata, 1572K rodata, 1300K init, 2808K bss, 164364K reserved, 0K cma-reserved)
[    0.000000] SLUB: HWalign=64, Order=0-3, MinObjects=0, CPUs=2, Nodes=1
[    0.004000] Hierarchical RCU implementation.
[    0.004000] 	RCU restricting CPUs from NR_CPUS=128 to nr_cpu_ids=2.
[    0.004000] RCU: Adjusting geometry for rcu_fanout_leaf=16, nr_cpu_ids=2
[    0.004000] NR_IRQS: 4352, nr_irqs: 56, preallocated irqs: 16
[    0.004000] Console: colour dummy device 80x25
[    0.004000] console [ttyS0] enabled
[    0.004000] tsc: Detected 2499.998 MHz processor
[    0.004000] Calibrating delay loop (skipped) preset value.. 4999.99 BogoMIPS (lpj=9999992)
[    0.004000] pid_max: default: 32768 minimum: 301
[    0.004000] Security Framework initialized
[    0.004000] SELinux:  Initializing.
[    0.004000] Dentry cache hash table entries: 65536 (order: 7, 524288 bytes)
[    0.004000] Inode-cache hash table entries: 32768 (order: 6, 262144 bytes)
[    0.004000] Mount-cache hash table entries: 1024 (order: 1, 8192 bytes)
[    0.004000] Mountpoint-cache hash table entries: 1024 (order: 1, 8192 bytes)
[    0.004409] Last level iTLB entries: 4KB 64, 2MB 8, 4MB 8
[    0.004804] Last level dTLB entries: 4KB 64, 2MB 0, 4MB 0, 1GB 4
[    0.005257] unchecked MSR access error: RDMSR from 0x122 at rIP: 0xffffffff81038c76 (native_read_msr+0x6/0x20)
[    0.005976] Call Trace:
[    0.006170]  tsx_disable+0x14/0x40
[    0.006427]  tsx_init+0xdf/0x134
[    0.006686]  identify_boot_cpu+0x78/0x7a
[    0.006999]  check_bugs+0x25/0x954
[    0.007280]  ? kmem_cache_alloc+0x132/0x140
[    0.008005]  start_kernel+0x45b/0x486
[    0.008277]  x86_64_start_reservations+0x2a/0x2c
[    0.008616]  x86_64_start_kernel+0x72/0x75
[    0.008916]  secondary_startup_64+0xa5/0xb0
[    0.009250] unchecked MSR access error: WRMSR to 0x122 (tried to write 0x0000000000000003) at rIP: 0xffffffff81038cb8 (native_write_msr+0x8/0x10)
[    0.010288] Call Trace:
[    0.010489]  tsx_disable+0x2e/0x40
[    0.010762]  tsx_init+0xdf/0x134
[    0.011021]  identify_boot_cpu+0x78/0x7a
[    0.011331]  check_bugs+0x25/0x954
[    0.011603]  ? kmem_cache_alloc+0x132/0x140
[    0.011932]  start_kernel+0x45b/0x486
[    0.012299]  x86_64_start_reservations+0x2a/0x2c
[    0.012664]  x86_64_start_kernel+0x72/0x75
[    0.013012]  secondary_startup_64+0xa5/0xb0
[    0.013333] Spectre V1 : Mitigation: usercopy/swapgs barriers and __user pointer sanitization
[    0.013962] Spectre V2 : Mitigation: Enhanced IBRS
[    0.014334] Spectre V2 : Spectre v2 / SpectreRSB mitigation: Filling RSB on context switch
[    0.014941] Spectre V2 : mitigation: Enabling conditional Indirect Branch Prediction Barrier
[    0.015557] Speculative Store Bypass: Mitigation: Speculative Store Bypass disabled via prctl and seccomp
[    0.016002] TAA: Mitigation: TSX disabled
[    0.016525] Freeing SMP alternatives memory: 32K
[    0.018629] smpboot: Max logical packages: 2
[    0.019101] x2apic enabled
[    0.019479] Switched APIC routing to physical x2apic.
[    0.020777] ..TIMER: vector=0x30 apic1=0 pin1=0 apic2=-1 pin2=-1
[    0.021247] smpboot: CPU0: Intel(R) Xeon(R) Processor @ 2.50GHz (family: 0x6, model: 0x55, stepping: 0x7)
[    0.022033] Performance Events: unsupported p6 CPU model 85 no PMU driver, software events only.
[    0.022744] Hierarchical SRCU implementation.
[    0.023535] smp: Bringing up secondary CPUs ...
[    0.024000] x86: Booting SMP configuration:
[    0.024000] .... node  #0, CPUs:      #1
[    0.004000] kvm-clock: cpu 1, msr 0:1f7dc041, secondary cpu clock
[    0.024192] KVM setup async PF for cpu 1
[    0.024283] kvm-stealtime: cpu 1, msr 1f515040
[    0.024746] smp: Brought up 1 node, 2 CPUs
[    0.024746] smpboot: Total of 2 processors activated (9999.99 BogoMIPS)
[    0.024948] devtmpfs: initialized
[    0.024948] x86/mm: Memory block size: 128MB
[    0.024948] clocksource: jiffies: mask: 0xffffffff max_cycles: 0xffffffff, max_idle_ns: 7645041785100000 ns
[    0.024948] futex hash table entries: 512 (order: 3, 32768 bytes)
[    0.028236] NET: Registered protocol family 16
[    0.028741] cpuidle: using governor ladder
[    0.028741] cpuidle: using governor menu
[    0.033283] HugeTLB registered 1.00 GiB page size, pre-allocated 0 pages
[    0.033283] HugeTLB registered 2.00 MiB page size, pre-allocated 0 pages
[    0.033283] SCSI subsystem initialized
[    0.033283] pps_core: LinuxPPS API ver. 1 registered
[    0.033283] pps_core: Software ver. 5.3.6 - Copyright 2005-2007 Rodolfo Giometti <giometti@linux.it>
[    0.036011] PTP clock support registered
[    0.036333] dmi: Firmware registration failed.
[    0.036799] NetLabel: Initializing
[    0.037064] NetLabel:  domain hash size = 128
[    0.037392] NetLabel:  protocols = UNLABELED CIPSOv4 CALIPSO
[    0.037826] NetLabel:  unlabeled traffic allowed by default
[    0.038282] clocksource: Switched to clocksource kvm-clock
[    0.038707] VFS: Disk quotas dquot_6.6.0
[    0.039012] VFS: Dquot-cache hash table entries: 512 (order 0, 4096 bytes)
[    0.039623] NET: Registered protocol family 2
[    0.039658] TCP established hash table entries: 4096 (order: 3, 32768 bytes)
[    0.040218] TCP bind hash table entries: 4096 (order: 4, 65536 bytes)
[    0.040720] TCP: Hash tables configured (established 4096 bind 4096)
[    0.041205] UDP hash table entries: 256 (order: 1, 8192 bytes)
[    0.041638] UDP-Lite hash table entries: 256 (order: 1, 8192 bytes)
[    0.042133] NET: Registered protocol family 1
[    0.042537] RPC: Registered named UNIX socket transport module.
[    0.042977] RPC: Registered udp transport module.
[    0.043332] RPC: Registered tcp transport module.
[    0.043681] RPC: Registered tcp NFSv4.1 backchannel transport module.
[    0.044237] Unpacking initramfs...
[    0.281136] Freeing initrd memory: 136320K
[    0.281520] virtio-mmio: Registering device virtio-mmio.0 at 0xd0000000-0xd0000fff, IRQ 5.
[    0.282167] virtio-mmio: Registering device virtio-mmio.1 at 0xd0001000-0xd0001fff, IRQ 6.
[    0.282833] clocksource: tsc: mask: 0xffffffffffffffff max_cycles: 0x240937b9988, max_idle_ns: 440795218083 ns
[    0.283580] platform rtc_cmos: registered platform RTC device (no PNP device found)
[    0.284635] Scanning for low memory corruption every 60 seconds
[    0.285292] audit: initializing netlink subsys (disabled)
[    0.285765] audit: type=2000 audit(1613510141.963:1): state=initialized audit_enabled=0 res=1
[    0.285904] Initialise system trusted keyrings
[    0.286800] Key type blacklist registered
[    0.287183] workingset: timestamp_bits=36 max_order=17 bucket_order=0
[    0.289014] zbud: loaded
[    0.289696] squashfs: version 4.0 (2009/01/31) Phillip Lougher
[    0.290351] NFS: Registering the id_resolver key type
[    0.290770] Key type id_resolver registered
[    0.291088] Key type id_legacy registered
[    0.291401] nfs4filelayout_init: NFSv4 File Layout Driver Registering...
[    0.293551] Key type asymmetric registered
[    0.293884] Asymmetric key parser 'x509' registered
[    0.294265] Block layer SCSI generic (bsg) driver version 0.4 loaded (major 252)
[    0.294846] io scheduler noop registered (default)
[    0.295231] io scheduler cfq registered
[    0.295607] virtio-mmio virtio-mmio.0: Failed to enable 64-bit or 32-bit DMA.  Trying to continue, but this might not work.
[    0.296512] virtio-mmio virtio-mmio.1: Failed to enable 64-bit or 32-bit DMA.  Trying to continue, but this might not work.
[    0.297394] Serial: 8250/16550 driver, 1 ports, IRQ sharing disabled
[    0.319127] serial8250: ttyS0 at I/O 0x3f8 (irq = 4, base_baud = 115200) is a U6_16550A
[    0.321176] loop: module loaded
[    0.321469] Loading iSCSI transport class v2.0-870.
[    0.321929] iscsi: registered transport (tcp)
[    0.322260] tun: Universal TUN/TAP device driver, 1.6
[    0.322735] hidraw: raw HID events driver (C) Jiri Kosina
[    0.323206] nf_conntrack version 0.5.0 (4096 buckets, 16384 max)
[    0.323794] ip_tables: (C) 2000-2006 Netfilter Core Team
[    0.324428] Initializing XFRM netlink socket
[    0.324875] NET: Registered protocol family 10
[    0.325633] Segment Routing with IPv6
[    0.325925] NET: Registered protocol family 17
[    0.326276] Bridge firewalling registered
[    0.326617] Key type dns_resolver registered
[    0.327001] NET: Registered protocol family 40
[    0.327696] sched_clock: Marking stable (326970934, 0)->(383698898, -56727964)
[    0.328505] registered taskstats version 1
[    0.328814] Loading compiled-in X.509 certificates
[    0.329868] Loaded X.509 cert 'Build time autogenerated kernel key: c582bb2a1fdabdd195bbc9c8840fff8158852907'
[    0.330631] zswap: loaded using pool lzo/zbud
[    0.331158] Key type encrypted registered
[    0.332616] Freeing unused kernel memory: 1300K
[    0.348093] Write protecting the kernel read-only data: 14336k
[    0.349965] Freeing unused kernel memory: 2016K
[    0.351225] Freeing unused kernel memory: 476K
[    0.351806] nsm: loading out-of-tree module taints kernel.
[    0.352231] nsm: module verification failed: signature and/or required key missing - tainting kernel
.
..
MESSAGE PRINTING TEST AOLDKCMADLCCMKL:test/[    0.382952] random: kmstool_enclave: uninitialized urandom read (32 bytes read)
[    0.383485] random: kmstool_enclave: uninitialized urandom read (32 bytes read)
[    0.384353] random: crng init done
Awaiting connection...
Connected peer
Object = { "Operation": "SetClient", "AwsAccessKeyId": "ASIA3LBHUAKMMZPFIETB", "AwsSecretAccessKey": "iOSy7cNhF15glYGM68YZ0dREGl68tQEWGW+uWMi3", "AwsSessionToken": "IQoJb3JpZ2luX2VjEEUaCXVzLXdlc3QtMiJHMEUCIQDCXb\/yNdWYDEd8qAoVNPTuMQgo5UcEHOYNenAegNQrlAIgexPpp\/JUKvYnvsU8tE5vBDAycQuet0QHWQbTiL79HrQqtAMIThACGgw3Nzk2MTk2NjQ1MzYiDP2G5zdADeP5EuTQuiqRA7TOP3Zn4nNOzeYoUNMHy\/AbnTfOVEIFupvqzdkF2uF7S2Ts7\/LSx\/m73x8b4hmHGXWO7NBbUK1t1jKRBPfBU4kLNjFbshrdtEcyTMQ3cVR5aB2OrKOKDRM8Psi4TP76hBbukpSFLKLd+f0i5qEUktpdQGwQwsNY9jIpV\/CdnjeGjyugNR64XNq5fFgS5bJoMVQL51NYAVq0qiX3qIg3WSU8QPQ8EHkzd5qsFZDiv5szyFssbnYSje3vdcJ8fSWhduv+6Nj3PpMmEFSb1bMoiwcQyEjw1oJGEB1Tx3UPR93zquoYcEJnU4AyMnQi9\/K0WiFFNziwvnrtwr8\/yvsOpYEe\/twieqlmjnfg20wLCaxQVyo1IoIZSK9K9P9zxY+WgZB+lgkkbU5s50rr9NgOiC7Whxo3BjfPHYOizZpiOnCI3wJw3S1DcqmerWAeXxHbbBP7Z0lUwy4HDN+Y2ez5gnzceRNicZSVqzENmbVb5zXp+eMDoidrjpBnoWC2PzsuVEm3OTqFadW\/+MigbWOzv9\/xMIvasIEGOusBGTzyh8ENsnviWSk+k3wcuYwNQvWzbMNAl+Lc\/dT4E3xSRxqPRamiX84Hxz6Awz72FkJ9X\/uvfQxioQPVhTRdXOjKPlT52KzaKntNbyoSNaWCw07Qi42\/du+j1gyyzdoV0\/9HXH3u6WNrgCgiBYLwAjvWx8d1sMqB2A3dVN++CGXsC7aFDJDFFUiO97OjgFRQkYD7fk3WVyr3FkRdgBZ7hqJFD9gp5gPV9cU78JgvEiwrcre9ZoyIU+Zx2mYtDIt8K8HSgj1LjN0xmUEnO8KlAbLRPeIP0rm1DMJzbsB9kg0AUYF6lcWLTawX5w==" }
[INFO] [2021-02-16T21:16:08Z] [00007f708bc9a880] [tls-handler] - ctx: cannot enable ocsp stapling: OCSP stapling was requested, but is not supported
[INFO] [2021-02-16T21:16:08Z] [00007f708bc9a880] [event-loop] - id=0x11f92b0: Initializing edge-triggered epoll
[INFO] [2021-02-16T21:16:08Z] [00007f708bc9a880] [event-loop] - id=0x11f92b0: Using eventfd for cross-thread notifications.
[INFO] [2021-02-16T21:16:08Z] [00007f708bc9a880] [event-loop] - id=0x11f92b0: Starting event-loop thread.
[INFO] [2021-02-16T21:16:08Z] [00007f708bc9a880] [event-loop] - id=0x12d3ca0: Initializing edge-triggered epoll
[INFO] [2021-02-16T21:16:08Z] [00007f708bc9a880] [event-loop] - id=0x12d3ca0: Using eventfd for cross-thread notifications.
[INFO] [2021-02-16T21:16:08Z] [00007f708bc9a880] [event-loop] - id=0x12d3ca0: Starting event-loop thread.
[INFO] [2021-02-16T21:16:08Z] [00007f708bc9a880] [dns] - id=0x12e1c90: Initializing default host resolver with 8 max host entries.
[INFO] [2021-02-16T21:16:08Z] [00007f708bc9a880] [channel-bootstrap] - id=0x12e1ba0: Initializing client bootstrap with event-loop group 0x12e1d80
[WARN] [2021-02-16T21:16:08Z] [00007f708bc9a880] [socket] - id=0x12e3420 fd=10: setsockopt() for NO_SIGNAL failed with errno 92. If you are having SIGPIPE signals thrown, you may want to install a signal trap in your application layer.
[INFO] [2021-02-16T21:16:08Z] [00007f70898bf700] [event-loop] - id=0x12d3ca0: main loop started
[INFO] [2021-02-16T21:16:08Z] [00007f70898bf700] [event-loop] - id=0x12d3ca0: default timeout 100000, and max events to process per tick 100
[INFO] [2021-02-16T21:16:08Z] [00007f708a0c0700] [event-loop] - id=0x11f92b0: main loop started
[INFO] [2021-02-16T21:16:08Z] [00007f708a0c0700] [event-loop] - id=0x11f92b0: default timeout 100000, and max events to process per tick 100
[INFO] [2021-02-16T21:16:08Z] [00007f708a0c0700] [socket] - id=0x12e3420 fd=10: connection success
Connected.
[INFO] [2021-02-16T21:16:08Z] [00007f708a0c0700] [http-connection] - id=0x7f7080016f80: HTTP/1.1 client connection established.
Object = { "Operation": "Decrypt", "Ciphertext": "AQICAHjDlQ35nIiO6k4cvEcJooGbQY3jNzV\/jZYVN8q3cCqdMAGBXUkR\/5XZiVYN4N8KzNYGAAAAhDCBgQYJKoZIhvcNAQcGoHQwcgIBADBtBgkqhkiG9w0BBwEwHgYJYIZIAWUDBAEuMBEEDDZEqiNZ85hfqQif3AIBEIBAXqczbCyXqe4fiS4BjxMzdsP88Fa3uDMwaPOT7O3ZIxedk3wPcnfuKtKHtu0XWmB0+vHH6l5zQvt0Ltda\/bJhKg==", "command": "AQICAHjDlQ35nIiO6k4cvEcJooGbQY3jNzV\/jZYVN8q3cCqdMAEEJkUNwX8c3NwHR2+dv3yXAAAAaDBmBgkqhkiG9w0BBwagWTBXAgEAMFIGCSqGSIb3DQEHATAeBglghkgBZQMEAS4wEQQM4PrEmiQ6QavcaM0sAgEQgCXvgahzAWYNsF0GY4CWRTME3AS3dKwuse+AhkjkJXrpJS0QhUp1" }
decrypt request string:{ "CiphertextBlob": "AQICAHjDlQ35nIiO6k4cvEcJooGbQY3jNzV\/jZYVN8q3cCqdMAGBXUkR\/5XZiVYN4N8KzNYGAAAAhDCBgQYJKoZIhvcNAQcGoHQwcgIBADBtBgkqhkiG9w0BBwEwHgYJYIZIAWUDBAEuMBEEDDZEqiNZ85hfqQif3AIBEIBAXqczbCyXqe4fiS4BjxMzdsP88Fa3uDMwaPOT7O3ZIxedk3wPcnfuKtKHtu0XWmB0+vHH6l5zQvt0Ltda\/bJhKg==", "Recipient": { "KeyEncryptionAlgorithm": "RSAES_OAEP_SHA_256", "AttestationDocument": "hEShATgioFkR6qlpbW9kdWxlX2lkeCdpLTBjNmI5Yzc1NDNmYzMyYzQwLWVuYzAxNzdhY2IyZGVlMDg3M2RmZGlnZXN0ZlNIQTM4NGl0aW1lc3RhbXAbAAABd6yzUhxkcGNyc7AAWDAAAAAAAAAAAAAAAAAAAAAAAAAAAAAAAAAAAAAAAAAAAAAAAAAAAAAAAAAAAAAAAAABWDAAAAAAAAAAAAAAAAAAAAAAAAAAAAAAAAAAAAAAAAAAAAAAAAAAAAAAAAAAAAAAAAACWDAAAAAAAAAAAAAAAAAAAAAAAAAAAAAAAAAAAAAAAAAAAAAAAAAAAAAAAAAAAAAAAAADWDA1\/yiBZ20sbJotGsvz4cyiSfI1W9Pzujc1Vd435IivLynVzgNsaCXTFoIt6rPKHckEWDBN7x6BAVxN86kBVFGL1ueM0IvQQZ4vIUNBdsVueIZYtwi0E6iu7ufd4mvvpkbTx8wFWDAAAAAAAAAAAAAAAAAAAAAAAAAAAAAAAAAAAAAAAAAAAAAAAAAAAAAAAAAAAAAAAAAGWDAAAAAAAAAAAAAAAAAAAAAAAAAAAAAAAAAAAAAAAAAAAAAAAAAAAAAAAAAAAAAAAAAHWDAAAAAAAAAAAAAAAAAAAAAAAAAAAAAAAAAAAAAAAAAAAAAAAAAAAAAAAAAAAAAAAAAIWDAAAAAAAAAAAAAAAAAAAAAAAAAAAAAAAAAAAAAAAAAAAAAAAAAAAAAAAAAAAAAAAAAJWDAAAAAAAAAAAAAAAAAAAAAAAAAAAAAAAAAAAAAAAAAAAAAAAAAAAAAAAAAAAAAAAAAKWDAAAAAAAAAAAAAAAAAAAAAAAAAAAAAAAAAAAAAAAAAAAAAAAAAAAAAAAAAAAAAAAAALWDAAAAAAAAAAAAAAAAAAAAAAAAAAAAAAAAAAAAAAAAAAAAAAAAAAAAAAAAAAAAAAAAAMWDAAAAAAAAAAAAAAAAAAAAAAAAAAAAAAAAAAAAAAAAAAAAAAAAAAAAAAAAAAAAAAAAANWDAAAAAAAAAAAAAAAAAAAAAAAAAAAAAAAAAAAAAAAAAAAAAAAAAAAAAAAAAAAAAAAAAOWDAAAAAAAAAAAAAAAAAAAAAAAAAAAAAAAAAAAAAAAAAAAAAAAAAAAAAAAAAAAAAAAAAPWDAAAAAAAAAAAAAAAAAAAAAAAAAAAAAAAAAAAAAAAAAAAAAAAAAAAAAAAAAAAAAAAABrY2VydGlmaWNhdGVZAn8wggJ7MIICAaADAgECAhABd6yy3uCHPQAAAABgLDYZMAoGCCqGSM49BAMDMIGOMQswCQYDVQQGEwJVUzETMBEGA1UECAwKV2FzaGluZ3RvbjEQMA4GA1UEBwwHU2VhdHRsZTEPMA0GA1UECgwGQW1hem9uMQwwCgYDVQQLDANBV1MxOTA3BgNVBAMMMGktMGM2YjljNzU0M2ZjMzJjNDAudXMtd2VzdC0yLmF3cy5uaXRyby1lbmNsYXZlczAeFw0yMTAyMTYyMTE2MDlaFw0yMTAyMTcwMDE2MDlaMIGTMQswCQYDVQQGEwJVUzETMBEGA1UECAwKV2FzaGluZ3RvbjEQMA4GA1UEBwwHU2VhdHRsZTEPMA0GA1UECgwGQW1hem9uMQwwCgYDVQQLDANBV1MxPjA8BgNVBAMMNWktMGM2YjljNzU0M2ZjMzJjNDAtZW5jMDE3N2FjYjJkZWUwODczZC51cy13ZXN0LTIuYXdzMHYwEAYHKoZIzj0CAQYFK4EEACIDYgAE5nUHq1i\/3YK+bbVUcYUxIAbLLVWS\/GOClQwrBotr\/Z90juNARgKxmk0aP7AusCkYrgkGhBpPh3GeVnjv+bQBwhhnR3wWk8lDXqQRQ22kWvNVtB73C77w7TywP1mhNXkGox0wGzAMBgNVHRMBAf8EAjAAMAsGA1UdDwQEAwIGwDAKBggqhkjOPQQDAwNoADBlAjBV5CKSm7p4ttLfij31njNcBuG4iQW0n8OepSdDKXh5C\/93Mpp7T1juRAzpnnahdqACMQDOp+K0SqhY+6WWpFqYKxlB5gUhgLMACPeCPE3bhrKA6B700tif5Fgt2ak5gH1sptpoY2FidW5kbGWEWQIVMIICETCCAZagAwIBAgIRAPkxdWgbkK\/hHUbMtOTn+FYwCgYIKoZIzj0EAwMwSTELMAkGA1UEBhMCVVMxDzANBgNVBAoMBkFtYXpvbjEMMAoGA1UECwwDQVdTMRswGQYDVQQDDBJhd3Mubml0cm8tZW5jbGF2ZXMwHhcNMTkxMDI4MTMyODA1WhcNNDkxMDI4MTQyODA1WjBJMQswCQYDVQQGEwJVUzEPMA0GA1UECgwGQW1hem9uMQwwCgYDVQQLDANBV1MxGzAZBgNVBAMMEmF3cy5uaXRyby1lbmNsYXZlczB2MBAGByqGSM49AgEGBSuBBAAiA2IABPwCVOumCMHzaHDimtqQvkY4MpJzbolL\/\/Zy2YlES1BR5TSksfbb48C8WBoyt7F2Bw7eEtaaP+ohG2bnUs990d0JX28TcPQXCEPZ3BABIeTPYwEoCWZEh8l5YoQwTcU\/9KNCMEAwDwYDVR0TAQH\/BAUwAwEB\/zAdBgNVHQ4EFgQUkCW1DdkFR+eWw5b6cp3PmanfS5YwDgYDVR0PAQH\/BAQDAgGGMAoGCCqGSM49BAMDA2kAMGYCMQCjfy+Rocm9Xue4YnwWmNJVA44fA0P5W2OpYow9OYCVRaEevL8uO1XYru5xtMPWrfMCMQCi85sWBbJwKKXdS6BptQFuZbT73o\/gBh1qUxl\/nNr12UO8Yfwr6wPLb+6NIwLz3\/ZZAsMwggK\/MIICRaADAgECAhEA\/EbslwOrgtCCyu77jXpqsDAKBggqhkjOPQQDAzBJMQswCQYDVQQGEwJVUzEPMA0GA1UECgwGQW1hem9uMQwwCgYDVQQLDANBV1MxGzAZBgNVBAMMEmF3cy5uaXRyby1lbmNsYXZlczAeFw0yMTAyMTIyMzUzMDBaFw0yMTAzMDUwMDUzMDBaMGQxCzAJBgNVBAYTAlVTMQ8wDQYDVQQKDAZBbWF6b24xDDAKBgNVBAsMA0FXUzE2MDQGA1UEAwwtNTQzMDA2ODQ3ZmJjN2RmMS51cy13ZXN0LTIuYXdzLm5pdHJvLWVuY2xhdmVzMHYwEAYHKoZIzj0CAQYFK4EEACIDYgAEC3cPTYK1zfzY5gI0jJv7QydIhHZC2EYSiR5qgPIOwckVZxxth78CZNGTmlEr61WDEzflMD+2gATVXWx41cf+heVjhcqyZl5H2psPtApu2WVAdqYdPn2MWRfJrWb2+AIgo4HVMIHSMBIGA1UdEwEB\/wQIMAYBAf8CAQIwHwYDVR0jBBgwFoAUkCW1DdkFR+eWw5b6cp3PmanfS5YwHQYDVR0OBBYEFIakBhZgij5x73ka3qDUQHkLhbcVMA4GA1UdDwEB\/wQEAwIBhjBsBgNVHR8EZTBjMGGgX6BdhltodHRwOi8vYXdzLW5pdHJvLWVuY2xhdmVzLWNybC5zMy5hbWF6b25hd3MuY29tL2NybC9hYjQ5NjBjYy03ZDYzLTQyYmQtOWU5Zi01OTMzOGNiNjdmODQuY3JsMAoGCCqGSM49BAMDA2gAMGUCMDyiTyRrJ4i6aKlmoZ1RaaeOB7942BlUdd3vAMXukIgHeB+gDSQMOAcgqRu5yxSKDwIxAOGw1qS\/LycvL+kmjf8z8J78xxIvaYds4RGf8TeuJHv1J37PcpE8Xo7mjpUJSgfJ+1kDGjCCAxYwggKboAMCAQICEQD2J\/l3uXItWSH3sj+XZmm9MAoGCCqGSM49BAMDMGQxCzAJBgNVBAYTAlVTMQ8wDQYDVQQKDAZBbWF6b24xDDAKBgNVBAsMA0FXUzE2MDQGA1UEAwwtNTQzMDA2ODQ3ZmJjN2RmMS51cy13ZXN0LTIuYXdzLm5pdHJvLWVuY2xhdmVzMB4XDTIxMDIxNjE3MDkyOFoXDTIxMDIyMjA3MDkyN1owgYkxPDA6BgNVBAMMMzI5Zjc5NGNhNjg0NjI2ZTQuem9uYWwudXMtd2VzdC0yLmF3cy5uaXRyby1lbmNsYXZlczEMMAoGA1UECwwDQVdTMQ8wDQYDVQQKDAZBbWF6b24xCzAJBgNVBAYTAlVTMQswCQYDVQQIDAJXQTEQMA4GA1UEBwwHU2VhdHRsZTB2MBAGByqGSM49AgEGBSuBBAAiA2IABIF7PeF4aKTWr2H\/o1Uo4wAewEKTD\/7sXV5iC3oxSdIQGrOdN1lrv11K12UMt8N8Nx9YmUjkr2Y3GY\/iECB4Z1UD565MgmxoyGbsNDq3Tin+urGXtIJPUOnyvaVwynFjd6OB6jCB5zASBgNVHRMBAf8ECDAGAQH\/AgEBMB8GA1UdIwQYMBaAFIakBhZgij5x73ka3qDUQHkLhbcVMB0GA1UdDgQWBBSPuOfWNtRqkquCeYoW9BBbpJYoIzAOBgNVHQ8BAf8EBAMCAYYwgYAGA1UdHwR5MHcwdaBzoHGGb2h0dHA6Ly9jcmwtdXMtd2VzdC0yLWF3cy1uaXRyby1lbmNsYXZlcy5zMy51cy13ZXN0LTIuYW1hem9uYXdzLmNvbS9jcmwvMzcyZGVmYWMtYmFjYy00OTkwLTgwZTYtZGZjYzY2NTY3ZjI2LmNybDAKBggqhkjOPQQDAwNpADBmAjEA2lK4blFlMHxY4i4V1kfenBR9jlgtQ4qfA57pyA4CKB8D9XZv4meMuJCgjj19ZFCrAjEAxe7a9SIHRwWuEeA2yiTS3DVtnxCi5sxRB\/m+oSdNPuvxH5ZJ1WParvhLXN47JckBWQKDMIICfzCCAgWgAwIBAgIVAN748wPEGvjF9FRHIbHLLze+MEb\/MAoGCCqGSM49BAMDMIGJMTwwOgYDVQQDDDMyOWY3OTRjYTY4NDYyNmU0LnpvbmFsLnVzLXdlc3QtMi5hd3Mubml0cm8tZW5jbGF2ZXMxDDAKBgNVBAsMA0FXUzEPMA0GA1UECgwGQW1hem9uMQswCQYDVQQGEwJVUzELMAkGA1UECAwCV0ExEDAOBgNVBAcMB1NlYXR0bGUwHhcNMjEwMjE2MjAwMzQyWhcNMjEwMjE3MjAwMzQyWjCBjjELMAkGA1UEBhMCVVMxEzARBgNVBAgMCldhc2hpbmd0b24xEDAOBgNVBAcMB1NlYXR0bGUxDzANBgNVBAoMBkFtYXpvbjEMMAoGA1UECwwDQVdTMTkwNwYDVQQDDDBpLTBjNmI5Yzc1NDNmYzMyYzQwLnVzLXdlc3QtMi5hd3Mubml0cm8tZW5jbGF2ZXMwdjAQBgcqhkjOPQIBBgUrgQQAIgNiAATnH0cshUqNOrzrX9ZubiOY2ZdAYrwkCFRVgtHLaX\/ZmvYmV08cPpqUzad8rOUa4ZV2kAZBemrDmkjgtQbsf8BxDC0cyTfRpF3HK2rrgsvYq65htal0jx6UQ96934a\/HQOjJjAkMBIGA1UdEwEB\/wQIMAYBAf8CAQAwDgYDVR0PAQH\/BAQDAgIEMAoGCCqGSM49BAMDA2gAMGUCMQDUMQzowAYKNC5MQoRrAMigpMDACJA+IM0wFc+sIkvaTDjHcO8wbsMRyqdCKVmvDBcCMHfc9aUUAO9R6P9DlbFTMB0NmZ0czlfHESVLL8lj3L9MMejc5vRSrm4X5NrBZMkC9WpwdWJsaWNfa2V5WQEmMIIBIjANBgkqhkiG9w0BAQEFAAOCAQ8AMIIBCgKCAQEAtLQwmsjyVcuHYmQWA4rdPGZw2LwlORlfnLucfIdD0Dixq\/VCWQL64rQI60ndXwu8kMWNJoxmA+hadxe31TVM02RBKbMO745wWxv2LV0m0rEoqGwC2a++uDEZr0ECmW7f5iKm1WLKsncD9SH\/w4sTt86IwAts0W8r17vc6o0ahhKno4owoVaW5mhkiUlb4ReMpayFmQ3EdGkr+fHNZCsF\/y+cQkwUEvR6CzQXX9REAdGKnluDGoVDrVKdJtL4Pu+5oXOcbW2zZZ0V42rml4I97txyUJa44FamLBDesEqk5BVJVh0dYd0KRDSre\/eg9A2MdBtyyvhrUX00qpxuuKnKbQIDAQABaXVzZXJfZGF0YfZlbm9uY2X2WGDnaamPQ4r7N\/3h+BshKhfi3BM9MlsS6RLShyK8kn0wDfwRPGthxJiaTIUTdmZJl+MFL+lMiQC\/Jhz7PHoi\/cGme\/WT4MD1RttWLTHnvMNu0NBjrQZ3MRe9fAK9e\/RbM3c=" } }
[INFO] [2021-02-16T21:16:09Z] [00007f708bc9a880] [AuthSigning] - (id=0x12d7290) Signing successfully built canonical request for algorithm SigV4, with contents 
POST
/

content-length:6675
content-type:application/x-amz-json-1.1
host:kms.us-west-2.amazonaws.com
x-amz-content-sha256:191c225bfe5911849001096190f344c2ed04d408a41c017f89edf7a457432d7d
x-amz-date:20210216T211609Z
x-amz-security-token:IQoJb3JpZ2luX2VjEEUaCXVzLXdlc3QtMiJHMEUCIQDCXb/yNdWYDEd8qAoVNPTuMQgo5UcEHOYNenAegNQrlAIgexPpp/JUKvYnvsU8tE5vBDAycQuet0QHWQbTiL79HrQqtAMIThACGgw3Nzk2MTk2NjQ1MzYiDP2G5zdADeP5EuTQuiqRA7TOP3Zn4nNOzeYoUNMHy/AbnTfOVEIFupvqzdkF2uF7S2Ts7/LSx/m73x8b4hmHGXWO7NBbUK1t1jKRBPfBU4kLNjFbshrdtEcyTMQ3cVR5aB2OrKOKDRM8Psi4TP76hBbukpSFLKLd+f0i5qEUktpdQGwQwsNY9jIpV/CdnjeGjyugNR64XNq5fFgS5bJoMVQL51NYAVq0qiX3qIg3WSU8QPQ8EHkzd5qsFZDiv5szyFssbnYSje3vdcJ8fSWhduv+6Nj3PpMmEFSb1bMoiwcQyEjw1oJGEB1Tx3UPR93zquoYcEJnU4AyMnQi9/K0WiFFNziwvnrtwr8/yvsOpYEe/twieqlmjnfg20wLCaxQVyo1IoIZSK9K9P9zxY+WgZB+lgkkbU5s50rr9NgOiC7Whxo3BjfPHYOizZpiOnCI3wJw3S1DcqmerWAeXxHbbBP7Z0lUwy4HDN+Y2ez5gnzceRNicZSVqzENmbVb5zXp+eMDoidrjpBnoWC2PzsuVEm3OTqFadW/+MigbWOzv9/xMIvasIEGOusBGTzyh8ENsnviWSk+k3wcuYwNQvWzbMNAl+Lc/dT4E3xSRxqPRamiX84Hxz6Awz72FkJ9X/uvfQxioQPVhTRdXOjKPlT52KzaKntNbyoSNaWCw07Qi42/du+j1gyyzdoV0/9HXH3u6WNrgCgiBYLwAjvWx8d1sMqB2A3dVN++CGXsC7aFDJDFFUiO97OjgFRQkYD7fk3WVyr3FkRdgBZ7hqJFD9gp5gPV9cU78JgvEiwrcre9ZoyIU+Zx2mYtDIt8K8HSgj1LjN0xmUEnO8KlAbLRPeIP0rm1DMJzbsB9kg0AUYF6lcWLTawX5w==
x-amz-target:TrentService.Decrypt

content-length;content-type;host;x-amz-content-sha256;x-amz-date;x-amz-security-token;x-amz-target
191c225bfe5911849001096190f344c2ed04d408a41c017f89edf7a457432d7d

[INFO] [2021-02-16T21:16:09Z] [00007f708bc9a880] [AuthSigning] - (id=0x12d7290) Signing successfully built string-to-sign via algorithm SigV4, with contents 
AWS4-HMAC-SHA256
20210216T211609Z
20210216/us-west-2/kms/aws4_request
dc990b9dabf989822387303829009603003e0eeb7ddaa7a58ae13b25ef159473

[INFO] [2021-02-16T21:16:09Z] [00007f708bc9a880] [AuthSigning] - (id=0x12d7290) Http request successfully built final authorization value via algorithm SigV4, with contents 
AWS4-HMAC-SHA256 Credential=ASIA3LBHUAKMMZPFIETB/20210216/us-west-2/kms/aws4_request, SignedHeaders=content-length;content-type;host;x-amz-content-sha256;x-amz-date;x-amz-security-token;x-amz-target, Signature=215b59cce52e5e75fbfa23a170709da0c4efc4843e5d5d54a0709c0fbeca596f

decrypt response string:{"CiphertextForRecipient":"MIAGCSqGSIb3DQEHA6CAMIACAQIxggFrMIIBZwIBAoAg27LbGz+z1QaO/8RTGZrX7jGim8GFlRu/i+mG/2gmY50wPAYJKoZIhvcNAQEHMC+gDzANBglghkgBZQMEAgEFAKEcMBoGCSqGSIb3DQEBCDANBglghkgBZQMEAgEFAASCAQAEJDScV90FXFSc0IgJyXMmAWN+fP0iXDwNHTxniGkyNUfG55LJyzoiN4xSdPxAgS6hqQMUYKmRZaKxs4O6k4icVetoWHYjnazlf7a82raLixZPbg3sTPi6PYdI78cALZuRQtSN4d2Ny1aS7NfbNlnXYrocUuZvAdb8MRYErqk8YrIu/n/DqILwSNbciT4eCb7HzewlUcKIffxJ/HWEwI75hy1JSeVmZMoOTxWVIv/kBi+4pH5T+8l7lecmvzwX117hacvfL3i3kns8oCjsj6rDIAbzscUbPsrPWXDb+MHZ1DkHaTAXNd1P1JLdOpD7Bipsr4M0LQpq3T++Ih55DwBXMIAGCSqGSIb3DQEHATAdBglghkgBZQMEASoEEPMpZa+AZBmbcdJKI00rP9iggAQwGICXBCEuIULk5uvve9qFGanyP3e3Rm8DJZSSadsGsukkPqELywcgQ1FqXukON+42AAAAAAAAAAAAAA==","EncryptionAlgorithm":"SYMMETRIC_DEFAULT","KeyId":"arn:aws:kms:us-west-2:779619664536:key/d3a3ce82-5390-49d8-bd77-400ebbe77946"}
decrypt request string:{ "CiphertextBlob": "AQICAHjDlQ35nIiO6k4cvEcJooGbQY3jNzV\/jZYVN8q3cCqdMAEEJkUNwX8c3NwHR2+dv3yXAAAAaDBmBgkqhkiG9w0BBwagWTBXAgEAMFIGCSqGSIb3DQEHATAeBglghkgBZQMEAS4wEQQM4PrEmiQ6QavcaM0sAgEQgCXvgahzAWYNsF0GY4CWRTME3AS3dKwuse+AhkjkJXrpJS0QhUp1", "Recipient": { "KeyEncryptionAlgorithm": "RSAES_OAEP_SHA_256", "AttestationDocument": "hEShATgioFkR6qlpbW9kdWxlX2lkeCdpLTBjNmI5Yzc1NDNmYzMyYzQwLWVuYzAxNzdhY2IyZGVlMDg3M2RmZGlnZXN0ZlNIQTM4NGl0aW1lc3RhbXAbAAABd6yzUxtkcGNyc7AAWDAAAAAAAAAAAAAAAAAAAAAAAAAAAAAAAAAAAAAAAAAAAAAAAAAAAAAAAAAAAAAAAAABWDAAAAAAAAAAAAAAAAAAAAAAAAAAAAAAAAAAAAAAAAAAAAAAAAAAAAAAAAAAAAAAAAACWDAAAAAAAAAAAAAAAAAAAAAAAAAAAAAAAAAAAAAAAAAAAAAAAAAAAAAAAAAAAAAAAAADWDA1\/yiBZ20sbJotGsvz4cyiSfI1W9Pzujc1Vd435IivLynVzgNsaCXTFoIt6rPKHckEWDBN7x6BAVxN86kBVFGL1ueM0IvQQZ4vIUNBdsVueIZYtwi0E6iu7ufd4mvvpkbTx8wFWDAAAAAAAAAAAAAAAAAAAAAAAAAAAAAAAAAAAAAAAAAAAAAAAAAAAAAAAAAAAAAAAAAGWDAAAAAAAAAAAAAAAAAAAAAAAAAAAAAAAAAAAAAAAAAAAAAAAAAAAAAAAAAAAAAAAAAHWDAAAAAAAAAAAAAAAAAAAAAAAAAAAAAAAAAAAAAAAAAAAAAAAAAAAAAAAAAAAAAAAAAIWDAAAAAAAAAAAAAAAAAAAAAAAAAAAAAAAAAAAAAAAAAAAAAAAAAAAAAAAAAAAAAAAAAJWDAAAAAAAAAAAAAAAAAAAAAAAAAAAAAAAAAAAAAAAAAAAAAAAAAAAAAAAAAAAAAAAAAKWDAAAAAAAAAAAAAAAAAAAAAAAAAAAAAAAAAAAAAAAAAAAAAAAAAAAAAAAAAAAAAAAAALWDAAAAAAAAAAAAAAAAAAAAAAAAAAAAAAAAAAAAAAAAAAAAAAAAAAAAAAAAAAAAAAAAAMWDAAAAAAAAAAAAAAAAAAAAAAAAAAAAAAAAAAAAAAAAAAAAAAAAAAAAAAAAAAAAAAAAANWDAAAAAAAAAAAAAAAAAAAAAAAAAAAAAAAAAAAAAAAAAAAAAAAAAAAAAAAAAAAAAAAAAOWDAAAAAAAAAAAAAAAAAAAAAAAAAAAAAAAAAAAAAAAAAAAAAAAAAAAAAAAAAAAAAAAAAPWDAAAAAAAAAAAAAAAAAAAAAAAAAAAAAAAAAAAAAAAAAAAAAAAAAAAAAAAAAAAAAAAABrY2VydGlmaWNhdGVZAn8wggJ7MIICAaADAgECAhABd6yy3uCHPQAAAABgLDYZMAoGCCqGSM49BAMDMIGOMQswCQYDVQQGEwJVUzETMBEGA1UECAwKV2FzaGluZ3RvbjEQMA4GA1UEBwwHU2VhdHRsZTEPMA0GA1UECgwGQW1hem9uMQwwCgYDVQQLDANBV1MxOTA3BgNVBAMMMGktMGM2YjljNzU0M2ZjMzJjNDAudXMtd2VzdC0yLmF3cy5uaXRyby1lbmNsYXZlczAeFw0yMTAyMTYyMTE2MDlaFw0yMTAyMTcwMDE2MDlaMIGTMQswCQYDVQQGEwJVUzETMBEGA1UECAwKV2FzaGluZ3RvbjEQMA4GA1UEBwwHU2VhdHRsZTEPMA0GA1UECgwGQW1hem9uMQwwCgYDVQQLDANBV1MxPjA8BgNVBAMMNWktMGM2YjljNzU0M2ZjMzJjNDAtZW5jMDE3N2FjYjJkZWUwODczZC51cy13ZXN0LTIuYXdzMHYwEAYHKoZIzj0CAQYFK4EEACIDYgAE5nUHq1i\/3YK+bbVUcYUxIAbLLVWS\/GOClQwrBotr\/Z90juNARgKxmk0aP7AusCkYrgkGhBpPh3GeVnjv+bQBwhhnR3wWk8lDXqQRQ22kWvNVtB73C77w7TywP1mhNXkGox0wGzAMBgNVHRMBAf8EAjAAMAsGA1UdDwQEAwIGwDAKBggqhkjOPQQDAwNoADBlAjBV5CKSm7p4ttLfij31njNcBuG4iQW0n8OepSdDKXh5C\/93Mpp7T1juRAzpnnahdqACMQDOp+K0SqhY+6WWpFqYKxlB5gUhgLMACPeCPE3bhrKA6B700tif5Fgt2ak5gH1sptpoY2FidW5kbGWEWQIVMIICETCCAZagAwIBAgIRAPkxdWgbkK\/hHUbMtOTn+FYwCgYIKoZIzj0EAwMwSTELMAkGA1UEBhMCVVMxDzANBgNVBAoMBkFtYXpvbjEMMAoGA1UECwwDQVdTMRswGQYDVQQDDBJhd3Mubml0cm8tZW5jbGF2ZXMwHhcNMTkxMDI4MTMyODA1WhcNNDkxMDI4MTQyODA1WjBJMQswCQYDVQQGEwJVUzEPMA0GA1UECgwGQW1hem9uMQwwCgYDVQQLDANBV1MxGzAZBgNVBAMMEmF3cy5uaXRyby1lbmNsYXZlczB2MBAGByqGSM49AgEGBSuBBAAiA2IABPwCVOumCMHzaHDimtqQvkY4MpJzbolL\/\/Zy2YlES1BR5TSksfbb48C8WBoyt7F2Bw7eEtaaP+ohG2bnUs990d0JX28TcPQXCEPZ3BABIeTPYwEoCWZEh8l5YoQwTcU\/9KNCMEAwDwYDVR0TAQH\/BAUwAwEB\/zAdBgNVHQ4EFgQUkCW1DdkFR+eWw5b6cp3PmanfS5YwDgYDVR0PAQH\/BAQDAgGGMAoGCCqGSM49BAMDA2kAMGYCMQCjfy+Rocm9Xue4YnwWmNJVA44fA0P5W2OpYow9OYCVRaEevL8uO1XYru5xtMPWrfMCMQCi85sWBbJwKKXdS6BptQFuZbT73o\/gBh1qUxl\/nNr12UO8Yfwr6wPLb+6NIwLz3\/ZZAsMwggK\/MIICRaADAgECAhEA\/EbslwOrgtCCyu77jXpqsDAKBggqhkjOPQQDAzBJMQswCQYDVQQGEwJVUzEPMA0GA1UECgwGQW1hem9uMQwwCgYDVQQLDANBV1MxGzAZBgNVBAMMEmF3cy5uaXRyby1lbmNsYXZlczAeFw0yMTAyMTIyMzUzMDBaFw0yMTAzMDUwMDUzMDBaMGQxCzAJBgNVBAYTAlVTMQ8wDQYDVQQKDAZBbWF6b24xDDAKBgNVBAsMA0FXUzE2MDQGA1UEAwwtNTQzMDA2ODQ3ZmJjN2RmMS51cy13ZXN0LTIuYXdzLm5pdHJvLWVuY2xhdmVzMHYwEAYHKoZIzj0CAQYFK4EEACIDYgAEC3cPTYK1zfzY5gI0jJv7QydIhHZC2EYSiR5qgPIOwckVZxxth78CZNGTmlEr61WDEzflMD+2gATVXWx41cf+heVjhcqyZl5H2psPtApu2WVAdqYdPn2MWRfJrWb2+AIgo4HVMIHSMBIGA1UdEwEB\/wQIMAYBAf8CAQIwHwYDVR0jBBgwFoAUkCW1DdkFR+eWw5b6cp3PmanfS5YwHQYDVR0OBBYEFIakBhZgij5x73ka3qDUQHkLhbcVMA4GA1UdDwEB\/wQEAwIBhjBsBgNVHR8EZTBjMGGgX6BdhltodHRwOi8vYXdzLW5pdHJvLWVuY2xhdmVzLWNybC5zMy5hbWF6b25hd3MuY29tL2NybC9hYjQ5NjBjYy03ZDYzLTQyYmQtOWU5Zi01OTMzOGNiNjdmODQuY3JsMAoGCCqGSM49BAMDA2gAMGUCMDyiTyRrJ4i6aKlmoZ1RaaeOB7942BlUdd3vAMXukIgHeB+gDSQMOAcgqRu5yxSKDwIxAOGw1qS\/LycvL+kmjf8z8J78xxIvaYds4RGf8TeuJHv1J37PcpE8Xo7mjpUJSgfJ+1kDGjCCAxYwggKboAMCAQICEQD2J\/l3uXItWSH3sj+XZmm9MAoGCCqGSM49BAMDMGQxCzAJBgNVBAYTAlVTMQ8wDQYDVQQKDAZBbWF6b24xDDAKBgNVBAsMA0FXUzE2MDQGA1UEAwwtNTQzMDA2ODQ3ZmJjN2RmMS51cy13ZXN0LTIuYXdzLm5pdHJvLWVuY2xhdmVzMB4XDTIxMDIxNjE3MDkyOFoXDTIxMDIyMjA3MDkyN1owgYkxPDA6BgNVBAMMMzI5Zjc5NGNhNjg0NjI2ZTQuem9uYWwudXMtd2VzdC0yLmF3cy5uaXRyby1lbmNsYXZlczEMMAoGA1UECwwDQVdTMQ8wDQYDVQQKDAZBbWF6b24xCzAJBgNVBAYTAlVTMQswCQYDVQQIDAJXQTEQMA4GA1UEBwwHU2VhdHRsZTB2MBAGByqGSM49AgEGBSuBBAAiA2IABIF7PeF4aKTWr2H\/o1Uo4wAewEKTD\/7sXV5iC3oxSdIQGrOdN1lrv11K12UMt8N8Nx9YmUjkr2Y3GY\/iECB4Z1UD565MgmxoyGbsNDq3Tin+urGXtIJPUOnyvaVwynFjd6OB6jCB5zASBgNVHRMBAf8ECDAGAQH\/AgEBMB8GA1UdIwQYMBaAFIakBhZgij5x73ka3qDUQHkLhbcVMB0GA1UdDgQWBBSPuOfWNtRqkquCeYoW9BBbpJYoIzAOBgNVHQ8BAf8EBAMCAYYwgYAGA1UdHwR5MHcwdaBzoHGGb2h0dHA6Ly9jcmwtdXMtd2VzdC0yLWF3cy1uaXRyby1lbmNsYXZlcy5zMy51cy13ZXN0LTIuYW1hem9uYXdzLmNvbS9jcmwvMzcyZGVmYWMtYmFjYy00OTkwLTgwZTYtZGZjYzY2NTY3ZjI2LmNybDAKBggqhkjOPQQDAwNpADBmAjEA2lK4blFlMHxY4i4V1kfenBR9jlgtQ4qfA57pyA4CKB8D9XZv4meMuJCgjj19ZFCrAjEAxe7a9SIHRwWuEeA2yiTS3DVtnxCi5sxRB\/m+oSdNPuvxH5ZJ1WParvhLXN47JckBWQKDMIICfzCCAgWgAwIBAgIVAN748wPEGvjF9FRHIbHLLze+MEb\/MAoGCCqGSM49BAMDMIGJMTwwOgYDVQQDDDMyOWY3OTRjYTY4NDYyNmU0LnpvbmFsLnVzLXdlc3QtMi5hd3Mubml0cm8tZW5jbGF2ZXMxDDAKBgNVBAsMA0FXUzEPMA0GA1UECgwGQW1hem9uMQswCQYDVQQGEwJVUzELMAkGA1UECAwCV0ExEDAOBgNVBAcMB1NlYXR0bGUwHhcNMjEwMjE2MjAwMzQyWhcNMjEwMjE3MjAwMzQyWjCBjjELMAkGA1UEBhMCVVMxEzARBgNVBAgMCldhc2hpbmd0b24xEDAOBgNVBAcMB1NlYXR0bGUxDzANBgNVBAoMBkFtYXpvbjEMMAoGA1UECwwDQVdTMTkwNwYDVQQDDDBpLTBjNmI5Yzc1NDNmYzMyYzQwLnVzLXdlc3QtMi5hd3Mubml0cm8tZW5jbGF2ZXMwdjAQBgcqhkjOPQIBBgUrgQQAIgNiAATnH0cshUqNOrzrX9ZubiOY2ZdAYrwkCFRVgtHLaX\/ZmvYmV08cPpqUzad8rOUa4ZV2kAZBemrDmkjgtQbsf8BxDC0cyTfRpF3HK2rrgsvYq65htal0jx6UQ96934a\/HQOjJjAkMBIGA1UdEwEB\/wQIMAYBAf8CAQAwDgYDVR0PAQH\/BAQDAgIEMAoGCCqGSM49BAMDA2gAMGUCMQDUMQzowAYKNC5MQoRrAMigpMDACJA+IM0wFc+sIkvaTDjHcO8wbsMRyqdCKVmvDBcCMHfc9aUUAO9R6P9DlbFTMB0NmZ0czlfHESVLL8lj3L9MMejc5vRSrm4X5NrBZMkC9WpwdWJsaWNfa2V5WQEmMIIBIjANBgkqhkiG9w0BAQEFAAOCAQ8AMIIBCgKCAQEAtLQwmsjyVcuHYmQWA4rdPGZw2LwlORlfnLucfIdD0Dixq\/VCWQL64rQI60ndXwu8kMWNJoxmA+hadxe31TVM02RBKbMO745wWxv2LV0m0rEoqGwC2a++uDEZr0ECmW7f5iKm1WLKsncD9SH\/w4sTt86IwAts0W8r17vc6o0ahhKno4owoVaW5mhkiUlb4ReMpayFmQ3EdGkr+fHNZCsF\/y+cQkwUEvR6CzQXX9REAdGKnluDGoVDrVKdJtL4Pu+5oXOcbW2zZZ0V42rml4I97txyUJa44FamLBDesEqk5BVJVh0dYd0KRDSre\/eg9A2MdBtyyvhrUX00qpxuuKnKbQIDAQABaXVzZXJfZGF0YfZlbm9uY2X2WGCXG1mJLIsw1u7PkW5uK4uHrc0m2YTdSlJhGvM0xH5e0r\/Fx9vY9ZfPvXijPIqV9KNWwqR\/wbnlmNvO37vR+Maeaq40FpthzxJ9w+u4LGUaRHfctum7ItSG3tuTxePESSw=" } }
[INFO] [2021-02-16T21:16:09Z] [00007f708bc9a880] [AuthSigning] - (id=0x12cba10) Signing successfully built canonical request for algorithm SigV4, with contents 
POST
/

content-length:6630
content-type:application/x-amz-json-1.1
host:kms.us-west-2.amazonaws.com
x-amz-content-sha256:b4b6519fea1c8b7dd302edf2f475d2c0777071cec8803d6584b926916653d0fe
x-amz-date:20210216T211609Z
x-amz-security-token:IQoJb3JpZ2luX2VjEEUaCXVzLXdlc3QtMiJHMEUCIQDCXb/yNdWYDEd8qAoVNPTuMQgo5UcEHOYNenAegNQrlAIgexPpp/JUKvYnvsU8tE5vBDAycQuet0QHWQbTiL79HrQqtAMIThACGgw3Nzk2MTk2NjQ1MzYiDP2G5zdADeP5EuTQuiqRA7TOP3Zn4nNOzeYoUNMHy/AbnTfOVEIFupvqzdkF2uF7S2Ts7/LSx/m73x8b4hmHGXWO7NBbUK1t1jKRBPfBU4kLNjFbshrdtEcyTMQ3cVR5aB2OrKOKDRM8Psi4TP76hBbukpSFLKLd+f0i5qEUktpdQGwQwsNY9jIpV/CdnjeGjyugNR64XNq5fFgS5bJoMVQL51NYAVq0qiX3qIg3WSU8QPQ8EHkzd5qsFZDiv5szyFssbnYSje3vdcJ8fSWhduv+6Nj3PpMmEFSb1bMoiwcQyEjw1oJGEB1Tx3UPR93zquoYcEJnU4AyMnQi9/K0WiFFNziwvnrtwr8/yvsOpYEe/twieqlmjnfg20wLCaxQVyo1IoIZSK9K9P9zxY+WgZB+lgkkbU5s50rr9NgOiC7Whxo3BjfPHYOizZpiOnCI3wJw3S1DcqmerWAeXxHbbBP7Z0lUwy4HDN+Y2ez5gnzceRNicZSVqzENmbVb5zXp+eMDoidrjpBnoWC2PzsuVEm3OTqFadW/+MigbWOzv9/xMIvasIEGOusBGTzyh8ENsnviWSk+k3wcuYwNQvWzbMNAl+Lc/dT4E3xSRxqPRamiX84Hxz6Awz72FkJ9X/uvfQxioQPVhTRdXOjKPlT52KzaKntNbyoSNaWCw07Qi42/du+j1gyyzdoV0/9HXH3u6WNrgCgiBYLwAjvWx8d1sMqB2A3dVN++CGXsC7aFDJDFFUiO97OjgFRQkYD7fk3WVyr3FkRdgBZ7hqJFD9gp5gPV9cU78JgvEiwrcre9ZoyIU+Zx2mYtDIt8K8HSgj1LjN0xmUEnO8KlAbLRPeIP0rm1DMJzbsB9kg0AUYF6lcWLTawX5w==
x-amz-target:TrentService.Decrypt

content-length;content-type;host;x-amz-content-sha256;x-amz-date;x-amz-security-token;x-amz-target
b4b6519fea1c8b7dd302edf2f475d2c0777071cec8803d6584b926916653d0fe

[INFO] [2021-02-16T21:16:09Z] [00007f708bc9a880] [AuthSigning] - (id=0x12cba10) Signing successfully built string-to-sign via algorithm SigV4, with contents 
AWS4-HMAC-SHA256
20210216T211609Z
20210216/us-west-2/kms/aws4_request
73cbda77a16c8837c184f8c3af8abc46873da531b182b8d4916cd147f9272a65

[INFO] [2021-02-16T21:16:09Z] [00007f708bc9a880] [AuthSigning] - (id=0x12cba10) Http request successfully built final authorization value via algorithm SigV4, with contents 
AWS4-HMAC-SHA256 Credential=ASIA3LBHUAKMMZPFIETB/20210216/us-west-2/kms/aws4_request, SignedHeaders=content-length;content-type;host;x-amz-content-sha256;x-amz-date;x-amz-security-token;x-amz-target, Signature=28c0e403ce575239d1c354de6863c9b028a0b0ec4b8d4e8805ce22b4843ac559

decrypt response string:{"CiphertextForRecipient":"MIAGCSqGSIb3DQEHA6CAMIACAQIxggFrMIIBZwIBAoAg27LbGz+z1QaO/8RTGZrX7jGim8GFlRu/i+mG/2gmY50wPAYJKoZIhvcNAQEHMC+gDzANBglghkgBZQMEAgEFAKEcMBoGCSqGSIb3DQEBCDANBglghkgBZQMEAgEFAASCAQBayjQPAn1oto4G5ASjxV6bZ/a6A2asPrG00HbPK0Kx83+pp1I24eJkB3LhV8nsV0D8U4CJyNu0gK3mtRgzRk9MHtC5++R2oB6X+7ERkw7ahwFKmZ0CWUSfZ8byVS0GeDijWyST5Zax60bgZhdSRquQfp5KQ2GIfz/aJmwWlk3GWg6g4oaIaZYcwNxr1sK7GxLwaKfxpBWTrgWA4SjMlBWK55oVpmAlmaajRiqOHjbn633bmS9ZTi6vUv9L9kh2mKEM71yAvEH2fjHH9N2lRmuqRbIKI4yWECEFZKK+lnogdt/IzG+ubRALAw8zUPjTEEzHOAbvnIrNLEWjLhEOFjY7MIAGCSqGSIb3DQEHATAdBglghkgBZQMEASoEEJjvB6sFQU8xNy1Wuqhe0DqggAQQRskht8f6U5TIR8zcRMCMngAAAAAAAAAAAAA=","EncryptionAlgorithm":"SYMMETRIC_DEFAULT","KeyId":"arn:aws:kms:us-west-2:779619664536:key/d3a3ce82-5390-49d8-bd77-400ebbe77946"}
no key, make a new one!jalhdmqjrandutfpfwgxxtcxeuaonuinvomxuhkzdtfkgmbovxwltfxhfdrprtimaycjvxgzsmwshzubhqikuiagkwvovtylrwvtzdsceoclkiqyxyvfgdilvgpirppcyejcpspfsfdggnudfuupapgemxhnouptxtvffsiubayqknqudwidrlaoqqqzuccruymqdhvaeimcuexsupfpaxyxybacqtleyidiwfeutggrhujutddgqxrakcbbixno`Ê‹p
[INFO] [2021-02-16T21:16:09Z] [00007f708bc9a880] [AuthSigning] - (id=0x12c0cd0) Signing successfully built canonical request for algorithm SigV4, with contents 
POST
/

content-length:460
content-type:application/x-amz-json-1.1
host:kms.us-west-2.amazonaws.com
x-amz-content-sha256:fcd1616fadd2c402f78f137f45ab8edad692110ba21ca9b9c8c8ff63bd438f8a
x-amz-date:20210216T211609Z
x-amz-security-token:IQoJb3JpZ2luX2VjEEUaCXVzLXdlc3QtMiJHMEUCIQDCXb/yNdWYDEd8qAoVNPTuMQgo5UcEHOYNenAegNQrlAIgexPpp/JUKvYnvsU8tE5vBDAycQuet0QHWQbTiL79HrQqtAMIThACGgw3Nzk2MTk2NjQ1MzYiDP2G5zdADeP5EuTQuiqRA7TOP3Zn4nNOzeYoUNMHy/AbnTfOVEIFupvqzdkF2uF7S2Ts7/LSx/m73x8b4hmHGXWO7NBbUK1t1jKRBPfBU4kLNjFbshrdtEcyTMQ3cVR5aB2OrKOKDRM8Psi4TP76hBbukpSFLKLd+f0i5qEUktpdQGwQwsNY9jIpV/CdnjeGjyugNR64XNq5fFgS5bJoMVQL51NYAVq0qiX3qIg3WSU8QPQ8EHkzd5qsFZDiv5szyFssbnYSje3vdcJ8fSWhduv+6Nj3PpMmEFSb1bMoiwcQyEjw1oJGEB1Tx3UPR93zquoYcEJnU4AyMnQi9/K0WiFFNziwvnrtwr8/yvsOpYEe/twieqlmjnfg20wLCaxQVyo1IoIZSK9K9P9zxY+WgZB+lgkkbU5s50rr9NgOiC7Whxo3BjfPHYOizZpiOnCI3wJw3S1DcqmerWAeXxHbbBP7Z0lUwy4HDN+Y2ez5gnzceRNicZSVqzENmbVb5zXp+eMDoidrjpBnoWC2PzsuVEm3OTqFadW/+MigbWOzv9/xMIvasIEGOusBGTzyh8ENsnviWSk+k3wcuYwNQvWzbMNAl+Lc/dT4E3xSRxqPRamiX84Hxz6Awz72FkJ9X/uvfQxioQPVhTRdXOjKPlT52KzaKntNbyoSNaWCw07Qi42/du+j1gyyzdoV0/9HXH3u6WNrgCgiBYLwAjvWx8d1sMqB2A3dVN++CGXsC7aFDJDFFUiO97OjgFRQkYD7fk3WVyr3FkRdgBZ7hqJFD9gp5gPV9cU78JgvEiwrcre9ZoyIU+Zx2mYtDIt8K8HSgj1LjN0xmUEnO8KlAbLRPeIP0rm1DMJzbsB9kg0AUYF6lcWLTawX5w==
x-amz-target:TrentService.Encrypt

content-length;content-type;host;x-amz-content-sha256;x-amz-date;x-amz-security-token;x-amz-target
fcd1616fadd2c402f78f137f45ab8edad692110ba21ca9b9c8c8ff63bd438f8a

[INFO] [2021-02-16T21:16:09Z] [00007f708bc9a880] [AuthSigning] - (id=0x12c0cd0) Signing successfully built string-to-sign via algorithm SigV4, with contents 
AWS4-HMAC-SHA256
20210216T211609Z
20210216/us-west-2/kms/aws4_request
a7c3dade7950e7e70ee49ea3123b199ba6f2ed80493d72c22ccbafb390203e18

[INFO] [2021-02-16T21:16:09Z] [00007f708bc9a880] [AuthSigning] - (id=0x12c0cd0) Http request successfully built final authorization value via algorithm SigV4, with contents 
AWS4-HMAC-SHA256 Credential=ASIA3LBHUAKMMZPFIETB/20210216/us-west-2/kms/aws4_request, SignedHeaders=content-length;content-type;host;x-amz-content-sha256;x-amz-date;x-amz-security-token;x-amz-target, Signature=b8e5221ac21eabcf7e0ba2364fdfb3c395a2538e375196e072f6ceefa0fdcb95

response string:{"CiphertextBlob":"AQICAHjDlQ35nIiO6k4cvEcJooGbQY3jNzV/jZYVN8q3cCqdMAHbRnb2pPnGYP4uoMlT7ClWAAABbjCCAWoGCSqGSIb3DQEHBqCCAVswggFXAgEAMIIBUAYJKoZIhvcNAQcBMB4GCWCGSAFlAwQBLjARBAzEx4GDQa+3+3ByfKcCARCAggEhaJc3PsX772siZMN5DzK0Oe15hwEFUEpj8127cof0c4+jaL+sfbEGTko2ggI27u4IrlaKnlBBlQCmyQUX+JgKNyNtiXpajtVnaZ/wS5e6BcxIEhE15M1LYJwGsuR2FRmR5d3UQdBc2fpE5avqXBqS42PBqMguPK/28KT9PS2wID7cathmlTreTfkst/UJratqyD0fgRre8jGdeMhjNxepnm1oW1o41pdAezFTTV6VUwmRgKVaQIp6HRDWBPMyM/EQCiDU+3KSy35sumacWoCZ3KCIp0W7Kaq4GH00GI2560c03yi1RnhfcICrpAU6N1S7Prb7oz81sCQsqpxnTjnl3wOBFafG7hQ150g5h6jrIPMiVl5sW7JZWB2lTT/3c+o3iw==","EncryptionAlgorithm":"SYMMETRIC_DEFAULT","KeyId":"arn:aws:kms:us-west-2:779619664536:key/d3a3ce82-5390-49d8-bd77-400ebbe77946"}
